  42
 Etot=         -67.9156650759
 C         -0.1902521709       -3.4183900099        0.0004638181
 C          0.0003346011       -1.9006426507        0.0002261902
 C         -0.6359271131       -1.2919107569       -1.2618635696
 C         -2.1638209340       -1.3665673286       -1.2212020512
 N         -2.7130093856       -0.8183778701        0.0002879347
 C         -2.1635562926       -1.3660043738        1.2219078761
 C         -0.6356380259       -1.2915053688        1.2622738300
 S         -3.1757669448        0.7732994773       -0.0001529814
 O         -2.7524252054        1.4155397822        1.2301212801
 O         -2.7514009108        1.4152629938       -1.2302281421
 C         -4.9627894716        0.6574084969       -0.0009311654
 N          1.4312955246       -1.5848221528       -0.0000640493
 C          2.4516996054       -2.4928007063       -0.0003343794
 N          3.6401396879       -1.9755239734       -0.0003663726
 C          3.4339867686       -0.6194168167       -0.0002665796
 C          2.0406026414       -0.3496423548       -0.0000705947
 C          1.6484016906        0.9990497382        0.0000171396
 C          0.4646928956        1.7887810607        0.0001101504
 C          0.8544310066        3.0964290751        0.0002040352
 N          2.2127505334        3.1819973707        0.0002450656
 C          2.7313848373        1.9266377087       -0.0000018179
 N          4.0422740444        1.6710314937       -0.0000394105
 C          4.3866498715        0.4024383850       -0.0001895189
 H         -0.3434419573       -0.2458802922       -1.3511442734
 H         -0.2720021491       -1.8185227587       -2.1452798532
 H         -2.5745465513       -0.7811912860       -2.0430143691
 H         -2.5081116634       -2.3993758186       -1.3108607087
 H         -2.5741024935       -0.7802011918        2.0435030630
 H         -2.5079280146       -2.3987348459        1.3121360183
 H         -0.2715728985       -1.8179323282        2.1457460819
 H         -0.3430340024       -0.2454879540        1.3512179637
 H          2.2978404923       -3.5507470248        0.0000413214
 H         -0.5587958777        1.4700048135        0.0002166193
 H          0.2388239232        3.9735091212        0.0004687719
 H          5.4427656193        0.1802963316       -0.0002922983
 H          2.7614450656        4.0253581798        0.0004316539
 H          0.2524556148       -3.8623643692       -0.8870920673
 H          0.2530933156       -3.8620653119        0.8878487425
 H         -1.2489581841       -3.6510811030        0.0008701043
 H         -5.3582201288        1.6641660300       -0.0008528938
 H         -5.2515481236        0.1246279620        0.8936656475
 H         -5.2508367695        0.1250531203       -0.8960159483
  42
 Etot=         -67.9156650911
 C         -0.1902559512       -3.4183838592        0.0004734665
 C          0.0003161516       -1.9006288565        0.0002043473
 C         -0.6359226574       -1.2919169842       -1.2618913241
 C         -2.1638087217       -1.3665635288       -1.2211920316
 N         -2.7130201190       -0.8183761407        0.0002860305
 C         -2.1635479217       -1.3660099867        1.2219010236
 C         -0.6356231401       -1.2915176265        1.2622879985
 S         -3.1757655549        0.7732985318       -0.0001579129
 O         -2.7524260982        1.4155398383        1.2301206023
 O         -2.7514028347        1.4152648018       -1.2302265470
 C         -4.9627901994        0.6574120921       -0.0009305736
 N          1.4312906790       -1.5848150605       -0.0000583320
 C          2.4516962713       -2.4928052379       -0.0002764430
 N          3.6401405371       -1.9755337783       -0.0003799773
 C          3.4339809082       -0.6194168258       -0.0002607114
 C          2.0405955192       -0.3496404524       -0.0000823961
 C          1.6484035430        0.9990425168        0.0000038323
 C          0.4646960323        1.7887790866        0.0001209877
 C          0.8544348251        3.0964311841        0.0002316687
 N          2.2127489004        3.1820002157        0.0002275602
 C          2.7313882454        1.9266353014        0.0000254952
 N          4.0422681685        1.6710429528       -0.0000421699
 C          4.3866573787        0.4024397539       -0.0002000305
 H         -0.3434490201       -0.2458807304       -1.3511412577
 H         -0.2719995066       -1.8185245682       -2.1452942633
 H         -2.5745416497       -0.7811921917       -2.0430104637
 H         -2.5081093705       -2.3993759420       -1.3108609210
 H         -2.5740945250       -0.7802005999        2.0435039740
 H         -2.5079267713       -2.3987403116        1.3121367041
 H         -0.2715795281       -1.8179308153        2.1457613750
 H         -0.3430351549       -0.2454900755        1.3512172511
 H          2.2978408757       -3.5507452997        0.0000122018
 H         -0.5587968720        1.4700058418        0.0002046238
 H          0.2388253170        3.9735087363        0.0004595835
 H          5.4427644027        0.1802976665       -0.0002900914
 H          2.7614437757        4.0253573122        0.0004246488
 H          0.2524575984       -3.8623579308       -0.8870873432
 H          0.2530873082       -3.8620712914        0.8878469048
 H         -1.2489535908       -3.6510836425        0.0008725556
 H         -5.3582218657        1.6641643979       -0.0008538137
 H         -5.2515486669        0.1246291388        0.8936677311
 H         -5.2508342465        0.1250548612       -0.8960136997
