    -67.915665078428    -67.915665078428         0.19738E-03
    -67.914691478679    -67.914691478679         0.12087E-03
    -67.914331681726    -67.914331681726         0.14644E-03
    -67.914331996826    -67.914331996826         0.85805E-04
    -67.915664618139    -67.915664618139         0.14844E-03
    -67.915664354116    -67.915664354116         0.45973E-04
    -67.915660879991    -67.915660879991         0.14191E-03
    -67.915663211598    -67.915663211598         0.13495E-03
    -67.915664814896    -67.915664814896         0.56299E-04
    -67.914686407870    -67.914686407870         0.11431E-03
    -67.914686556764    -67.914686556764         0.10680E-03
    -67.915664548397    -67.915664548397         0.90813E-04
    -67.915660128437    -67.915660128437         0.14600E-03
    -67.914693368347    -67.914693368347         0.12407E-03
    -67.915659175256    -67.915659175256         0.16648E-03
    -67.914331578677    -67.914331578677         0.10779E-03
    -67.915660716000    -67.915660716000         0.56080E-04
    -67.915658329444    -67.915658329444         0.72064E-04
    -67.915665799780    -67.915665799780         0.12214E-03
    -67.915663661637    -67.915663661637         0.78304E-04
    -67.915660783544    -67.915660783544         0.13412E-03
    -67.915658677309    -67.915658677309         0.12036E-03
    -67.914688997850    -67.914688997850         0.12069E-03
    -67.915662180022    -67.915662180022         0.17663E-03
    -67.915663545094    -67.915663545094         0.16912E-03
    -67.914677294777    -67.914677294777         0.16796E-03
    -67.915664636720    -67.915664636720         0.12168E-03
    -67.915662909809    -67.915662909809         0.14213E-03
    -67.914681307062    -67.914681307062         0.12554E-03
    -67.915663927853    -67.915663927853         0.10966E-03
    -67.914689088081    -67.914689088081         0.82764E-04
    -67.913288829010    -67.913288829010         0.18509E-03
    -67.913289244445    -67.913289244445         0.17128E-03
    -67.913576413791    -67.913576413791         0.18800E-03
    -67.914679800065    -67.914679800065         0.18828E-03
    -67.913289239413    -67.913289239413         0.11915E-03
    -67.913571039266    -67.913571039266         0.12463E-03
    -67.913571405987    -67.913571405987         0.18456E-03
    -67.914331501096    -67.914331501096         0.10437E-03
    -67.913573654961    -67.913573654961         0.11578E-03
    -67.914330351693    -67.914330351693         0.13715E-03
    -67.913567611993    -67.913567611993         0.14442E-03
    -67.915664024168    -67.915664024168         0.14356E-03
    -67.914330701102    -67.914330701102         0.75961E-04
    -67.913561885038    -67.913561885038         0.14149E-03
    -67.914331241935    -67.914331241935         0.19730E-03
    -67.914745573616    -67.914745573616         0.12090E-03
    -67.913563707214    -67.913563707214         0.11851E-03
    -67.914680183461    -67.914680183461         0.14029E-03
    -67.913574179039    -67.913574179039         0.13557E-03
    -67.914697326989    -67.914697326989         0.98926E-04
    -67.915661912909    -67.915661912909         0.97383E-04
    -67.913562004975    -67.913562004975         0.17470E-03
    -67.914680340268    -67.914680340268         0.11706E-03
    -67.913574481980    -67.913574481980         0.13019E-03
    -67.913572272089    -67.913572272089         0.12112E-03
    -67.913562053108    -67.913562053108         0.86577E-04
    -67.913285414866    -67.913285414866         0.86205E-04
    -67.913025615228    -67.913025615228         0.57229E-04
    -67.913027558600    -67.913027558600         0.17660E-03
    -67.914698739670    -67.914698739670         0.12459E-03
    -67.913572697708    -67.913572697708         0.15767E-03
    -67.914678285261    -67.914678285261         0.10875E-03
    -67.913575858231    -67.913575858231         0.14210E-03
    -67.912880632270    -67.912880632270         0.18636E-03
    -67.912884206278    -67.912884206278         0.59200E-04
    -67.914694994155    -67.914694994155         0.91926E-04
    -67.912887189841    -67.912887189841         0.14741E-03
    -67.913034288661    -67.913034288661         0.65034E-04
    -67.913579534044    -67.913579534044         0.15634E-03
    -67.914684225294    -67.914684225294         0.13377E-03
    -67.913563248890    -67.913563248890         0.17686E-03
    -67.913576104451    -67.913576104451         0.11694E-03
    -67.914682131611    -67.914682131611         0.90501E-04
    -67.913280415767    -67.913280415767         0.14624E-03
    -67.914694022001    -67.914694022001         0.15049E-03
    -67.913562678451    -67.913562678451         0.78283E-04
    -67.913284560625    -67.913284560625         0.10214E-03
    -67.914688501930    -67.914688501930         0.12203E-03
    -67.913561687858    -67.913561687858         0.13755E-03
    -67.912886987956    -67.912886987956         0.15444E-03
    -67.913280893503    -67.913280893503         0.63856E-04
    -67.913282888201    -67.913282888201         0.14441E-03
    -67.913033471846    -67.913033471846         0.16695E-03
    -67.912885235656    -67.912885235656         0.12354E-03
    -67.913573132212    -67.913573132212         0.14279E-03
    -67.913031427290    -67.913031427290         0.14411E-03
    -67.913278830038    -67.913278830038         0.71375E-04
    -67.912877208567    -67.912877208567         0.12165E-03
    -67.912888445025    -67.912888445025         0.13101E-03
    -67.913562928478    -67.913562928478         0.14809E-03
    -67.912880928664    -67.912880928664         0.15893E-03
    -67.913291883260    -67.913291883260         0.15805E-03
    -67.912887851315    -67.912887851315         0.15302E-03
    -67.913574175566    -67.913574175566         0.16338E-03
    -67.913284274216    -67.913284274216         0.11865E-03
    -67.914330057904    -67.914330057904         0.19092E-03
    -67.913281638700    -67.913281638700         0.18377E-03
    -67.914690066675    -67.914690066675         0.89989E-04
    -67.913572571957    -67.913572571957         0.12323E-03
    -67.913281959580    -67.913281959580         0.19328E-03
    -67.914330453285    -67.914330453285         0.13638E-03
    -67.912873698111    -67.912873698111         0.10027E-03
    -67.913578916804    -67.913578916804         0.15502E-03
    -67.912445221732    -67.912445221732         0.11981E-03
    -67.913281112611    -67.913281112611         0.71156E-04
    -67.913576169372    -67.913576169372         0.74590E-04
    -67.913281331752    -67.913281331752         0.12294E-03
    -67.914694261848    -67.914694261848         0.11394E-03
    -67.912420258662    -67.912420258662         0.17368E-03
    -67.913028344286    -67.913028344286         0.64107E-04
    -67.913281142749    -67.913281142749         0.55844E-04
    -67.913282016038    -67.913282016038         0.17129E-03
    -67.913561504890    -67.913561504890         0.17898E-03
    -67.913031592545    -67.913031592545         0.13257E-03
    -67.913289805254    -67.913289805254         0.13011E-03
    -67.914743265438    -67.914743265438         0.10273E-03
    -67.912525097323    -67.912525097323         0.94653E-04
    -67.913284971912    -67.913284971912         0.18590E-03
    -67.913572969444    -67.913572969444         0.10536E-03
    -67.913562109740    -67.913562109740         0.12024E-03
    -67.912875477504    -67.912875477504         0.15366E-03
    -67.913280275996    -67.913280275996         0.11485E-03
    -67.912431750064    -67.912431750064         0.19010E-03
    -67.913298458332    -67.913298458332         0.13966E-03
    -67.913023199312    -67.913023199312         0.81061E-04
    -67.913032444763    -67.913032444763         0.13700E-03
    -67.913573596333    -67.913573596333         0.11477E-03
    -67.913027573624    -67.913027573624         0.80803E-04
    -67.913280717483    -67.913280717483         0.17769E-03
    -67.913290663252    -67.913290663252         0.62347E-04
    -67.913565659515    -67.913565659515         0.18265E-03
    -67.914330229084    -67.914330229084         0.80220E-04
    -67.913030205849    -67.913030205849         0.18910E-03
    -67.912529467569    -67.912529467569         0.19741E-03
    -67.914687026562    -67.914687026562         0.10840E-03
    -67.912440424004    -67.912440424004         0.13729E-03
    -67.912883395367    -67.912883395367         0.16094E-03
    -67.912873902894    -67.912873902894         0.60628E-04
    -67.912889067608    -67.912889067608         0.14903E-03
    -67.912884833276    -67.912884833276         0.13164E-03
    -67.913281301225    -67.913281301225         0.13283E-03
    -67.913564863129    -67.913564863129         0.18688E-03
    -67.913575532682    -67.913575532682         0.14065E-03
    -67.913021651517    -67.913021651517         0.63607E-04
    -67.913298196839    -67.913298196839         0.10317E-03
    -67.913574810056    -67.913574810056         0.15576E-03
    -67.912488483934    -67.912488483934         0.12071E-03
    -67.912886041973    -67.912886041973         0.11846E-03
    -67.913027315440    -67.913027315440         0.11658E-03
    -67.913564059243    -67.913564059243         0.16689E-03
    -67.912882241999    -67.912882241999         0.17357E-03
    -67.912390617755    -67.912390617755         0.12317E-03
    -67.912541278559    -67.912541278559         0.92097E-04
    -67.912524290732    -67.912524290732         0.66759E-04
    -67.912874005481    -67.912874005481         0.13610E-03
    -67.912532336610    -67.912532336610         0.59897E-04
    -67.913280641833    -67.913280641833         0.84581E-04
    -67.913569529431    -67.913569529431         0.13375E-03
    -67.913582804439    -67.913582804439         0.15928E-03
    -67.914740391756    -67.914740391756         0.12798E-03
    -67.913766971319    -67.913766971319         0.18970E-03
    -67.913292665822    -67.913292665822         0.12165E-03
    -67.912883894725    -67.912883894725         0.16226E-03
    -67.912873209093    -67.912873209093         0.89345E-04
    -67.913288666567    -67.913288666567         0.12903E-03
    -67.913279564066    -67.913279564066         0.65934E-04
    -67.913026234494    -67.913026234494         0.98119E-04
    -67.912880545828    -67.912880545828         0.94411E-04
    -67.913281910898    -67.913281910898         0.18032E-03
    -67.913031623327    -67.913031623327         0.30314E-04
    -67.912878523467    -67.912878523467         0.11871E-03
    -67.913562654056    -67.913562654056         0.77538E-04
    -67.912883607861    -67.912883607861         0.18652E-03
    -67.912883483498    -67.912883483498         0.16954E-03
    -67.912873949534    -67.912873949534         0.93188E-04
    -67.912525162862    -67.912525162862         0.85071E-04
    -67.912550304125    -67.912550304125         0.13646E-03
    -67.913034457450    -67.913034457450         0.10043E-03
    -67.913280228578    -67.913280228578         0.10888E-03
    -67.912436148093    -67.912436148093         0.16100E-03
    -67.913289091434    -67.913289091434         0.17864E-03
    -67.912878095590    -67.912878095590         0.10652E-03
    -67.913277017596    -67.913277017596         0.17938E-03
    -67.913023391255    -67.913023391255         0.14769E-03
    -67.913033357372    -67.913033357372         0.15603E-03
    -67.913034532701    -67.913034532701         0.94177E-04
    -67.912523522792    -67.912523522792         0.11635E-03
    -67.912876400458    -67.912876400458         0.77304E-04
    -67.912891193194    -67.912891193194         0.10204E-03
    -67.913563198786    -67.913563198786         0.90370E-04
    -67.912444023227    -67.912444023227         0.14026E-03
    -67.912437785927    -67.912437785927         0.73695E-04
    -67.913022793162    -67.913022793162         0.94916E-04
    -67.912529949374    -67.912529949374         0.18612E-03
    -67.913277916578    -67.913277916578         0.18713E-03
    -67.912874708516    -67.912874708516         0.19231E-03
    -67.912891577493    -67.912891577493         0.12937E-03
    -67.912888741446    -67.912888741446         0.10307E-03
    -67.913769480399    -67.913769480399         0.13144E-03
    -67.912548396067    -67.912548396067         0.17887E-03
    -67.913288882484    -67.913288882484         0.12271E-03
    -67.912885741911    -67.912885741911         0.85100E-04
    -67.912526284514    -67.912526284514         0.11294E-03
    -67.912879945834    -67.912879945834         0.73345E-04
    -67.913571073953    -67.913571073953         0.43273E-04
    -67.912418519690    -67.912418519690         0.10575E-03
    -67.913275848288    -67.913275848288         0.25138E-04
    -67.912439237187    -67.912439237187         0.13144E-03
    -67.913569913539    -67.913569913539         0.77874E-04
    -67.913561481098    -67.913561481098         0.19277E-03
    -67.912492217976    -67.912492217976         0.14023E-03
    -67.912501425230    -67.912501425230         0.14337E-03
    -67.911498123783    -67.911498123783         0.15746E-03
    -67.912884111835    -67.912884111835         0.12950E-03
    -67.912876365628    -67.912876365628         0.10056E-03
    -67.913280492732    -67.913280492732         0.15591E-03
    -67.912889780828    -67.912889780828         0.14073E-03
    -67.913569376190    -67.913569376190         0.12389E-03
    -67.912417810478    -67.912417810478         0.18339E-03
    -67.913033187462    -67.913033187462         0.19702E-03
    -67.913276027299    -67.913276027299         0.17035E-03
    -67.912523468226    -67.912523468226         0.11881E-03
    -67.912536629882    -67.912536629882         0.54462E-04
    -67.913026774120    -67.913026774120         0.10281E-03
    -67.913029378403    -67.913029378403         0.13240E-03
    -67.912440202535    -67.912440202535         0.17838E-03
    -67.912880877020    -67.912880877020         0.11922E-03
    -67.912880340481    -67.912880340481         0.16462E-03
    -67.913567345079    -67.913567345079         0.14644E-03
    -67.913277152686    -67.913277152686         0.11544E-03
    -67.912888276188    -67.912888276188         0.16076E-03
    -67.913275421939    -67.913275421939         0.15362E-03
    -67.912885193731    -67.912885193731         0.12956E-03
    -67.912872549481    -67.912872549481         0.93715E-04
    -67.913565660521    -67.913565660521         0.15557E-03
    -67.912878053939    -67.912878053939         0.99123E-04
    -67.913025161206    -67.913025161206         0.94337E-04
    -67.911877319552    -67.911877319552         0.91699E-04
    -67.912548669008    -67.912548669008         0.53356E-04
    -67.912883087331    -67.912883087331         0.18806E-03
    -67.913025316497    -67.913025316497         0.13698E-03
    -67.913580861725    -67.913580861725         0.12415E-03
    -67.911880593490    -67.911880593490         0.13453E-03
    -67.913024709686    -67.913024709686         0.98779E-04
    -67.912501908846    -67.912501908846         0.13969E-03
    -67.912874189172    -67.912874189172         0.14040E-03
    -67.913280545768    -67.913280545768         0.13506E-03
    -67.913029582185    -67.913029582185         0.10521E-03
    -67.913030758326    -67.913030758326         0.13044E-03
    -67.913288837310    -67.913288837310         0.13941E-03
    -67.913278237964    -67.913278237964         0.19441E-03
    -67.912545299558    -67.912545299558         0.13785E-03
    -67.913279751436    -67.913279751436         0.17128E-03
    -67.912405739149    -67.912405739149         0.16214E-03
    -67.912525296013    -67.912525296013         0.69068E-04
    -67.913030139954    -67.913030139954         0.84213E-04
    -67.913276543186    -67.913276543186         0.83029E-04
    -67.913273856094    -67.913273856094         0.18861E-03
    -67.912882845916    -67.912882845916         0.11327E-03
    -67.913297840005    -67.913297840005         0.13905E-03
    -67.912552183793    -67.912552183793         0.10121E-03
    -67.911875193785    -67.911875193785         0.10913E-03
    -67.913030537858    -67.913030537858         0.54318E-04
    -67.912499836475    -67.912499836475         0.75490E-04
    -67.913276030536    -67.913276030536         0.66527E-04
    -67.912543230515    -67.912543230515         0.56145E-04
    -67.912877860875    -67.912877860875         0.11267E-03
    -67.912890166315    -67.912890166315         0.14168E-03
    -67.912486446574    -67.912486446574         0.12885E-03
    -67.912442043996    -67.912442043996         0.73084E-04
    -67.911873768248    -67.911873768248         0.10656E-03
    -67.911503086370    -67.911503086370         0.54263E-04
    -67.913572134024    -67.913572134024         0.13865E-03
    -67.913276721451    -67.913276721451         0.59979E-04
    -67.912526669293    -67.912526669293         0.14528E-03
    -67.912523859047    -67.912523859047         0.85534E-04
    -67.912495133814    -67.912495133814         0.17367E-03
    -67.911874641666    -67.911874641666         0.19250E-03
    -67.912444938039    -67.912444938039         0.11173E-03
    -67.912879560819    -67.912879560819         0.54000E-04
    -67.912887764602    -67.912887764602         0.10530E-03
    -67.912887283951    -67.912887283951         0.73824E-04
    -67.912486695639    -67.912486695639         0.15157E-03
    -67.911870886359    -67.911870886359         0.12612E-03
    -67.912441562613    -67.912441562613         0.13255E-03
    -67.912423307835    -67.912423307835         0.16054E-03
    -67.912522313369    -67.912522313369         0.14261E-03
    -67.912444760242    -67.912444760242         0.19161E-03
    -67.911885999071    -67.911885999071         0.16668E-03
    -67.912531264297    -67.912531264297         0.18064E-03
    -67.912543819260    -67.912543819260         0.42602E-04
    -67.912890806031    -67.912890806031         0.69001E-04
    -67.912501188861    -67.912501188861         0.12394E-03
    -67.912872017096    -67.912872017096         0.16767E-03
    -67.911504195928    -67.911504195928         0.12084E-03
    -67.912417592522    -67.912417592522         0.11688E-03
    -67.912495081128    -67.912495081128         0.16618E-03
    -67.911869262366    -67.911869262366         0.11622E-03
    -67.912441115803    -67.912441115803         0.74702E-04
    -67.911495376438    -67.911495376438         0.54562E-04
    -67.913025496111    -67.913025496111         0.16789E-03
    -67.911874906861    -67.911874906861         0.10192E-03
    -67.913020732959    -67.913020732959         0.11910E-03
    -67.912526082115    -67.912526082115         0.13159E-03
    -67.913280467012    -67.913280467012         0.14509E-03
    -67.913274054572    -67.913274054572         0.12968E-03
    -67.912378250191    -67.912378250191         0.67198E-04
    -67.913279733369    -67.913279733369         0.14949E-03
    -67.914696510886    -67.914696510886         0.99596E-04
    -67.913276902587    -67.913276902587         0.11414E-03
    -67.913038440874    -67.913038440874         0.12357E-03
    -67.911873030872    -67.911873030872         0.15650E-03
    -67.912419239259    -67.912419239259         0.85591E-04
    -67.912549145141    -67.912549145141         0.13602E-03
    -67.912497967228    -67.912497967228         0.85099E-04
    -67.912524585700    -67.912524585700         0.10728E-03
    -67.911508820381    -67.911508820381         0.17617E-03
    -67.911316080574    -67.911316080574         0.19950E-03
    -67.912417332340    -67.912417332340         0.10859E-03
    -67.913278304058    -67.913278304058         0.77385E-04
    -67.912438354247    -67.912438354247         0.17507E-03
    -67.912546792585    -67.912546792585         0.18654E-03
    -67.912884743656    -67.912884743656         0.12590E-03
    -67.911868711855    -67.911868711855         0.71070E-04
    -67.912528451261    -67.912528451261         0.17234E-03
    -67.913277819528    -67.913277819528         0.78826E-04
    -67.912872282345    -67.912872282345         0.98773E-04
    -67.912505218971    -67.912505218971         0.72538E-04
    -67.912443052787    -67.912443052787         0.13761E-03
    -67.913028362699    -67.913028362699         0.19532E-03
    -67.913018608595    -67.913018608595         0.33860E-04
    -67.912523543205    -67.912523543205         0.11865E-03
    -67.913306073950    -67.913306073950         0.14274E-03
    -67.912502618622    -67.912502618622         0.66208E-04
    -67.912873349825    -67.912873349825         0.15003E-03
    -67.911877137929    -67.911877137929         0.94492E-04
    -67.911877041671    -67.911877041671         0.70134E-04
    -67.913569694149    -67.913569694149         0.15380E-03
    -67.911873941999    -67.911873941999         0.17131E-03
    -67.912407918627    -67.912407918627         0.16519E-03
    -67.912444210275    -67.912444210275         0.11391E-03
    -67.912380242134    -67.912380242134         0.15485E-03
    -67.912886229309    -67.912886229309         0.74253E-04
    -67.913031910032    -67.913031910032         0.12125E-03
    -67.912420519982    -67.912420519982         0.14661E-03
    -67.913031433495    -67.913031433495         0.12625E-03
    -67.911878271119    -67.911878271119         0.13652E-03
    -67.913027837553    -67.913027837553         0.18334E-03
    -67.911311393364    -67.911311393364         0.16309E-03
    -67.912496666208    -67.912496666208         0.11286E-03
    -67.913285590602    -67.913285590602         0.15858E-03
    -67.911869176593    -67.911869176593         0.99357E-04
    -67.914685665354    -67.914685665354         0.17098E-03
    -67.912416301851    -67.912416301851         0.17093E-03
    -67.912549851638    -67.912549851638         0.12089E-03
    -67.912490674407    -67.912490674407         0.15220E-03
    -67.913039130928    -67.913039130928         0.19690E-03
    -67.912523420482    -67.912523420482         0.99966E-04
    -67.911317446077    -67.911317446077         0.57447E-04
    -67.912874395454    -67.912874395454         0.13086E-03
    -67.913296179236    -67.913296179236         0.14243E-03
    -67.911504042208    -67.911504042208         0.12386E-03
    -67.913293781448    -67.913293781448         0.13561E-03
    -67.911879615498    -67.911879615498         0.12370E-03
    -67.913274520847    -67.913274520847         0.14305E-03
    -67.911876346442    -67.911876346442         0.65127E-04
    -67.912530504729    -67.912530504729         0.18069E-03
    -67.913030288388    -67.913030288388         0.13535E-03
    -67.911515955567    -67.911515955567         0.13853E-03
    -67.912430209614    -67.912430209614         0.80834E-04
    -67.911871124883    -67.911871124883         0.16511E-03
    -67.913275007862    -67.913275007862         0.12835E-03
    -67.912506545163    -67.912506545163         0.13107E-03
    -67.912880234781    -67.912880234781         0.19205E-03
    -67.913282813751    -67.913282813751         0.15403E-03
    -67.912538671360    -67.912538671360         0.12072E-03
    -67.912434655658    -67.912434655658         0.11351E-03
    -67.911879996660    -67.911879996660         0.10242E-03
    -67.911503973698    -67.911503973698         0.14537E-03
    -67.913276345949    -67.913276345949         0.96208E-04
    -67.911884385101    -67.911884385101         0.14932E-03
    -67.911883168164    -67.911883168164         0.17569E-03
    -67.912548044860    -67.912548044860         0.18809E-03
    -67.911875650285    -67.911875650285         0.12639E-03
    -67.912892075021    -67.912892075021         0.49821E-04
    -67.912489735680    -67.912489735680         0.17464E-03
    -67.911873318828    -67.911873318828         0.10558E-03
    -67.911870509748    -67.911870509748         0.10476E-03
    -67.911310400000    -67.911310400000         0.17365E-03
    -67.912417092469    -67.912417092469         0.17446E-03
    -67.911866272353    -67.911866272353         0.10097E-03
    -67.913030279703    -67.913030279703         0.77108E-04
    -67.912496767380    -67.912496767380         0.76022E-04
    -67.912448231612    -67.912448231612         0.13761E-03
    -67.912504201377    -67.912504201377         0.19946E-03
    -67.912525550960    -67.912525550960         0.19399E-03
    -67.912415304739    -67.912415304739         0.14652E-03
    -67.913026651164    -67.913026651164         0.12738E-03
    -67.911320946691    -67.911320946691         0.13661E-03
    -67.911875934735    -67.911875934735         0.12466E-03
    -67.911876874744    -67.911876874744         0.54294E-04
    -67.912384150003    -67.912384150003         0.75770E-04
    -67.911879299895    -67.911879299895         0.18479E-03
    -67.911879404152    -67.911879404152         0.10954E-03
    -67.911318862905    -67.911318862905         0.70598E-04
    -67.911307996850    -67.911307996850         0.17039E-03
    -67.912506239325    -67.912506239325         0.85558E-04
    -67.912548485776    -67.912548485776         0.18004E-03
    -67.911876913122    -67.911876913122         0.93661E-04
    -67.911876749226    -67.911876749226         0.14625E-03
    -67.913274757386    -67.913274757386         0.17750E-03
    -67.912501915394    -67.912501915394         0.17517E-03
    -67.914689801431    -67.914689801431         0.16222E-03
    -67.911881455084    -67.911881455084         0.14071E-03
    -67.912491901142    -67.912491901142         0.16587E-03
    -67.912540688730    -67.912540688730         0.78867E-04
    -67.910128250876    -67.910128250876         0.17990E-03
    -67.912421998276    -67.912421998276         0.15494E-03
    -67.912884550610    -67.912884550610         0.12485E-03
    -67.913286333156    -67.913286333156         0.17697E-03
    -67.914684390878    -67.914684390878         0.10422E-03
    -67.911499546272    -67.911499546272         0.15853E-03
    -67.911865257574    -67.911865257574         0.14360E-03
    -67.912383505709    -67.912383505709         0.17132E-03
    -67.913274020701    -67.913274020701         0.18842E-03
    -67.912416876294    -67.912416876294         0.17390E-03
    -67.911880575638    -67.911880575638         0.18625E-03
    -67.911309002998    -67.911309002998         0.13284E-03
    -67.913041034113    -67.913041034113         0.18938E-03
    -67.911322982111    -67.911322982111         0.98985E-04
    -67.912439007996    -67.912439007996         0.14506E-03
    -67.913273977076    -67.913273977076         0.16885E-03
    -67.912439170837    -67.912439170837         0.17828E-03
    -67.913274845797    -67.913274845797         0.12792E-03
    -67.911878580942    -67.911878580942         0.12348E-03
    -67.911875448721    -67.911875448721         0.89767E-04
    -67.913031209787    -67.913031209787         0.14731E-03
    -67.911305147565    -67.911305147565         0.15204E-03
    -67.911516597417    -67.911516597417         0.16636E-03
    -67.913276649226    -67.913276649226         0.18627E-03
    -67.913273878560    -67.913273878560         0.11278E-03
    -67.911500784127    -67.911500784127         0.96721E-04
    -67.910175638522    -67.910175638522         0.63945E-04
    -67.913298781260    -67.913298781260         0.86626E-04
    -67.912890696324    -67.912890696324         0.12099E-03
    -67.912424078848    -67.912424078848         0.16223E-03
    -67.912524117578    -67.912524117578         0.10843E-03
    -67.911873691789    -67.911873691789         0.13777E-03
    -67.913285230907    -67.913285230907         0.12901E-03
    -67.913305565913    -67.913305565913         0.19969E-03
    -67.911320576098    -67.911320576098         0.18714E-03
    -67.913277289546    -67.913277289546         0.16934E-03
    -67.912381231874    -67.912381231874         0.12782E-03
    -67.911304335437    -67.911304335437         0.10170E-03
    -67.912420109001    -67.912420109001         0.85455E-04
    -67.912550440599    -67.912550440599         0.82145E-04
    -67.910131750954    -67.910131750954         0.12339E-03
    -67.911323157670    -67.911323157670         0.89399E-04
    -67.911299348890    -67.911299348890         0.18372E-03
    -67.911872292841    -67.911872292841         0.11478E-03
    -67.912546790335    -67.912546790335         0.16031E-03
    -67.912886597827    -67.912886597827         0.12539E-03
    -67.910171634531    -67.910171634531         0.16106E-03
    -67.911304589412    -67.911304589412         0.92920E-04
    -67.911300985036    -67.911300985036         0.18397E-03
    -67.910121754636    -67.910121754636         0.11886E-03
    -67.912523673729    -67.912523673729         0.72530E-04
    -67.911318485903    -67.911318485903         0.11065E-03
    -67.911868785066    -67.911868785066         0.15154E-03
    -67.911511068278    -67.911511068278         0.13818E-03
    -67.910171390185    -67.910171390185         0.87650E-04
    -67.913029548186    -67.913029548186         0.10735E-03
    -67.912420167222    -67.912420167222         0.15149E-03
    -67.911880035599    -67.911880035599         0.51280E-04
    -67.912415322663    -67.912415322663         0.10766E-03
    -67.911871535254    -67.911871535254         0.81649E-04
    -67.911323060806    -67.911323060806         0.54296E-04
    -67.910170316770    -67.910170316770         0.14413E-03
    -67.910171371040    -67.910171371040         0.14402E-03
    -67.913041001385    -67.913041001385         0.14455E-03
    -67.911866022239    -67.911866022239         0.13869E-03
    -67.910174767683    -67.910174767683         0.17939E-03
    -67.912525259449    -67.912525259449         0.10668E-03
    -67.913032773182    -67.913032773182         0.11640E-03
    -67.910170335270    -67.910170335270         0.11744E-03
    -67.912890620189    -67.912890620189         0.10249E-03
    -67.913049185907    -67.913049185907         0.73498E-04
    -67.913274947277    -67.913274947277         0.16300E-03
    -67.913565889591    -67.913565889591         0.18251E-03
    -67.910119079650    -67.910119079650         0.13758E-03
    -67.911511141620    -67.911511141620         0.18519E-03
    -67.911875019039    -67.911875019039         0.12495E-03
    -67.910171898978    -67.910171898978         0.16212E-03
    -67.911503048626    -67.911503048626         0.10176E-03
    -67.913278469268    -67.913278469268         0.15784E-03
    -67.910175372703    -67.910175372703         0.12788E-03
    -67.909554509161    -67.909554509161         0.19551E-03
    -67.911318224438    -67.911318224438         0.18551E-03
    -67.911305412158    -67.911305412158         0.17099E-03
    -67.910172001171    -67.910172001171         0.11046E-03
    -67.911303364214    -67.911303364214         0.14149E-03
    -67.910132085374    -67.910132085374         0.17044E-03
    -67.913277655052    -67.913277655052         0.87770E-04
    -67.911299737481    -67.911299737481         0.91327E-04
    -67.910171365551    -67.910171365551         0.18943E-03
    -67.910131353154    -67.910131353154         0.15507E-03
    -67.910114500944    -67.910114500944         0.10092E-03
    -67.910171333226    -67.910171333226         0.13567E-03
    -67.910128993152    -67.910128993152         0.19085E-03
    -67.913025724155    -67.913025724155         0.12563E-03
    -67.910173177126    -67.910173177126         0.18587E-03
    -67.911304901023    -67.911304901023         0.10662E-03
    -67.910174072642    -67.910174072642         0.19064E-03
    -67.913040934748    -67.913040934748         0.15767E-03
    -67.910167920357    -67.910167920357         0.12588E-03
    -67.910130546105    -67.910130546105         0.10110E-03
    -67.912483700245    -67.912483700245         0.84172E-04
    -67.910170329826    -67.910170329826         0.18739E-03
    -67.913274329147    -67.913274329147         0.15817E-03
    -67.910173293214    -67.910173293214         0.19602E-03
    -67.910170697732    -67.910170697732         0.13248E-03
    -67.910046939631    -67.910046939631         0.15775E-03
    -67.910046004976    -67.910046004976         0.13272E-03
    -67.912419603948    -67.912419603948         0.75004E-04
    -67.910114010753    -67.910114010753         0.12779E-03
    -67.914685693969    -67.914685693969         0.68661E-04
    -67.913047104628    -67.913047104628         0.10687E-03
    -67.910122790863    -67.910122790863         0.16627E-03
    -67.910045462382    -67.910045462382         0.94443E-04
    -67.911317474182    -67.911317474182         0.75151E-04
    -67.910131974632    -67.910131974632         0.10770E-03
    -67.910171001866    -67.910171001866         0.18525E-03
    -67.912420555718    -67.912420555718         0.95731E-04
    -67.910174080473    -67.910174080473         0.18320E-03
    -67.910173311806    -67.910173311806         0.11098E-03
    -67.910118453180    -67.910118453180         0.90947E-04
    -67.910173290253    -67.910173290253         0.15504E-03
    -67.908629112885    -67.908629112885         0.15094E-03
    -67.910174508480    -67.910174508480         0.10142E-03
    -67.910170848972    -67.910170848972         0.11850E-03
    -67.911311533841    -67.911311533841         0.17947E-03
    -67.911866387257    -67.911866387257         0.12857E-03
    -67.910174479439    -67.910174479439         0.14539E-03
    -67.908631410109    -67.908631410109         0.16392E-03
    -67.912401449365    -67.912401449365         0.17353E-03
    -67.910123757222    -67.910123757222         0.14916E-03
    -67.908627751627    -67.908627751627         0.14322E-03
    -67.910174135874    -67.910174135874         0.11235E-03
    -67.911500607659    -67.911500607659         0.18066E-03
    -67.910172410569    -67.910172410569         0.98526E-04
    -67.910172137278    -67.910172137278         0.12034E-03
    -67.913576060030    -67.913576060030         0.12569E-03
    -67.911298375636    -67.911298375636         0.16200E-03
    -67.910171866897    -67.910171866897         0.13577E-03
    -67.910167192013    -67.910167192013         0.98765E-04
    -67.910170774619    -67.910170774619         0.17149E-03
    -67.911295797447    -67.911295797447         0.19944E-03
    -67.908627833504    -67.908627833504         0.17074E-03
    -67.908166339558    -67.908166339558         0.11344E-03
    -67.910171915408    -67.910171915408         0.78518E-04
    -67.910174641087    -67.910174641087         0.10374E-03
    -67.912421265758    -67.912421265758         0.15097E-03
    -67.910174001584    -67.910174001584         0.15011E-03
    -67.910175198449    -67.910175198449         0.10692E-03
    -67.910170512835    -67.910170512835         0.99506E-04
    -67.910165473330    -67.910165473330         0.13108E-03
    -67.908630361810    -67.908630361810         0.14614E-03
    -67.913275212872    -67.913275212872         0.10229E-03
    -67.913303343017    -67.913303343017         0.10863E-03
    -67.910168410087    -67.910168410087         0.13080E-03
    -67.914736491020    -67.914736491020         0.67928E-04
    -67.908627324894    -67.908627324894         0.18796E-03
    -67.908167185101    -67.908167185101         0.17810E-03
    -67.910170805744    -67.910170805744         0.14654E-03
    -67.911515380288    -67.911515380288         0.18235E-03
    -67.910164194736    -67.910164194736         0.87659E-04
    -67.908166769657    -67.908166769657         0.13867E-03
    -67.910173532413    -67.910173532413         0.90964E-04
    -67.911307274952    -67.911307274952         0.78454E-04
    -67.910170710518    -67.910170710518         0.17625E-03
    -67.910174528260    -67.910174528260         0.12368E-03
    -67.910174015389    -67.910174015389         0.72104E-04
    -67.910171102897    -67.910171102897         0.15439E-03
    -67.912526010697    -67.912526010697         0.11704E-03
    -67.910168593653    -67.910168593653         0.18526E-03
    -67.910041262416    -67.910041262416         0.14166E-03
    -67.908166930313    -67.908166930313         0.14773E-03
    -67.908167880492    -67.908167880492         0.13132E-03
    -67.910163301120    -67.910163301120         0.11815E-03
    -67.913274511174    -67.913274511174         0.85739E-04
    -67.908166676200    -67.908166676200         0.15284E-03
    -67.908166573877    -67.908166573877         0.19261E-03
    -67.910168881152    -67.910168881152         0.15450E-03
    -67.910169388622    -67.910169388622         0.12663E-03
    -67.910169447094    -67.910169447094         0.11227E-03
    -67.910169095971    -67.910169095971         0.75476E-04
    -67.910175701143    -67.910175701143         0.10118E-03
    -67.910172234675    -67.910172234675         0.89922E-04
    -67.913291098189    -67.913291098189         0.17516E-03
    -67.908165346952    -67.908165346952         0.18659E-03
    -67.910168251585    -67.910168251585         0.15963E-03
    -67.910167272027    -67.910167272027         0.12841E-03
    -67.908627433770    -67.908627433770         0.77378E-04
    -67.910168426814    -67.910168426814         0.11331E-03
    -67.912419594032    -67.912419594032         0.86352E-04
    -67.912549744097    -67.912549744097         0.85604E-04
    -67.908631943630    -67.908631943630         0.57282E-04
    -67.908165188950    -67.908165188950         0.14082E-03
    -67.909268970803    -67.909268970803         0.18718E-03
    -67.910168035064    -67.910168035064         0.12456E-03
    -67.908162530410    -67.908162530410         0.10272E-03
    -67.908632357167    -67.908632357167         0.17315E-03
    -67.908165499668    -67.908165499668         0.11098E-03
    -67.908167316648    -67.908167316648         0.12623E-03
    -67.913306423531    -67.913306423531         0.70145E-04
    -67.908161620657    -67.908161620657         0.14734E-03
    -67.910166739704    -67.910166739704         0.17395E-03
    -67.909277893402    -67.909277893402         0.96165E-04
    -67.912419154607    -67.912419154607         0.87850E-04
    -67.908631675379    -67.908631675379         0.14228E-03
    -67.913274754066    -67.913274754066         0.10310E-03
    -67.908166923909    -67.908166923909         0.76711E-04
    -67.908166038974    -67.908166038974         0.15181E-03
    -67.910165758128    -67.910165758128         0.99706E-04
    -67.910175517944    -67.910175517944         0.13955E-03
    -67.910173396277    -67.910173396277         0.12315E-03
    -67.910170614347    -67.910170614347         0.83136E-04
    -67.910175571713    -67.910175571713         0.14484E-03
    -67.910165214354    -67.910165214354         0.10243E-03
    -67.911307014762    -67.911307014762         0.17461E-03
    -67.908166486582    -67.908166486582         0.13095E-03
    -67.911313441720    -67.911313441720         0.14970E-03
    -67.910178944513    -67.910178944513         0.10374E-03
    -67.910166650322    -67.910166650322         0.13724E-03
    -67.910168500347    -67.910168500347         0.14220E-03
    -67.907713327910    -67.907713327910         0.18060E-03
    -67.910172615375    -67.910172615375         0.11895E-03
    -67.908630986598    -67.908630986598         0.11744E-03
    -67.908165392458    -67.908165392458         0.81544E-04
    -67.908634154573    -67.908634154573         0.60077E-04
    -67.910164560184    -67.910164560184         0.17143E-03
    -67.908630706220    -67.908630706220         0.11522E-03
    -67.908166880745    -67.908166880745         0.10786E-03
    -67.908164464623    -67.908164464623         0.12367E-03
    -67.907804731426    -67.907804731426         0.96124E-04
    -67.910174792876    -67.910174792876         0.11153E-03
    -67.910166164627    -67.910166164627         0.16637E-03
    -67.907713167463    -67.907713167463         0.11005E-03
    -67.912419941375    -67.912419941375         0.11412E-03
    -67.908163769015    -67.908163769015         0.99772E-04
    -67.907810205566    -67.907810205566         0.88914E-04
    -67.908165004163    -67.908165004163         0.14868E-03
    -67.910172784154    -67.910172784154         0.93153E-04
    -67.908635526850    -67.908635526850         0.14402E-03
    -67.910170871693    -67.910170871693         0.11756E-03
    -67.907713619304    -67.907713619304         0.17824E-03
    -67.908166353297    -67.908166353297         0.77614E-04
    -67.910163649672    -67.910163649672         0.13954E-03
    -67.908166385230    -67.908166385230         0.13790E-03
    -67.910169781706    -67.910169781706         0.10990E-03
    -67.911309287165    -67.911309287165         0.69171E-04
    -67.907115171804    -67.907115171804         0.57109E-04
    -67.908167211550    -67.908167211550         0.88850E-04
    -67.907368856709    -67.907368856709         0.14237E-03
    -67.910170522977    -67.910170522977         0.53400E-04
    -67.908162189035    -67.908162189035         0.13671E-03
    -67.910172951754    -67.910172951754         0.11966E-03
    -67.910175736753    -67.910175736753         0.14566E-03
    -67.908164934084    -67.908164934084         0.11638E-03
    -67.907711455558    -67.907711455558         0.11618E-03
    -67.912523892853    -67.912523892853         0.88840E-04
    -67.908164732960    -67.908164732960         0.91557E-04
    -67.907708279825    -67.907708279825         0.19665E-03
    -67.907813615843    -67.907813615843         0.85537E-04
    -67.908165014042    -67.908165014042         0.87377E-04
    -67.908162702949    -67.908162702949         0.12151E-03
    -67.907368045672    -67.907368045672         0.12913E-03
    -67.907709038609    -67.907709038609         0.96467E-04
    -67.911309802401    -67.911309802401         0.12953E-03
    -67.909286769564    -67.909286769564         0.84241E-04
    -67.907792459952    -67.907792459952         0.14174E-03
    -67.910170670791    -67.910170670791         0.95526E-04
    -67.907797771604    -67.907797771604         0.14015E-03
    -67.910168321786    -67.910168321786         0.12944E-03
    -67.907715848548    -67.907715848548         0.74121E-04
    -67.910166244683    -67.910166244683         0.10664E-03
    -67.910173759219    -67.910173759219         0.89694E-04
    -67.907116689700    -67.907116689700         0.11449E-03
    -67.909292916158    -67.909292916158         0.79939E-04
    -67.910167727451    -67.910167727451         0.10951E-03
    -67.908633169525    -67.908633169525         0.13536E-03
    -67.911305138279    -67.911305138279         0.15765E-03
    -67.911310996074    -67.911310996074         0.15750E-03
    -67.910181435702    -67.910181435702         0.71114E-04
    -67.910170157670    -67.910170157670         0.12655E-03
    -67.908164935113    -67.908164935113         0.10039E-03
    -67.911309377164    -67.911309377164         0.10495E-03
    -67.908164191922    -67.908164191922         0.17042E-03
    -67.910175792049    -67.910175792049         0.13644E-03
    -67.907708047828    -67.907708047828         0.19455E-03
    -67.909267030439    -67.909267030439         0.12354E-03
    -67.910170262878    -67.910170262878         0.16399E-03
    -67.908160484198    -67.908160484198         0.11029E-03
    -67.908148191176    -67.908148191176         0.99783E-04
    -67.907714122781    -67.907714122781         0.12292E-03
    -67.908165235632    -67.908165235632         0.95152E-04
    -67.908624020083    -67.908624020083         0.17828E-03
    -67.907368618262    -67.907368618262         0.14288E-03
    -67.907706099112    -67.907706099112         0.39018E-04
    -67.912504802700    -67.912504802700         0.16383E-03
    -67.911305204075    -67.911305204075         0.93101E-04
    -67.907119370433    -67.907119370433         0.15936E-03
    -67.908159064914    -67.908159064914         0.15504E-03
    -67.908162014311    -67.908162014311         0.65192E-04
    -67.907712393877    -67.907712393877         0.58628E-04
    -67.908163820206    -67.908163820206         0.95159E-04
    -67.913270325941    -67.913270325941         0.13419E-03
    -67.911870280860    -67.911870280860         0.14718E-03
    -67.909272788344    -67.909272788344         0.12190E-03
    -67.907368549552    -67.907368549552         0.73378E-04
    -67.906974861957    -67.906974861957         0.18555E-03
    -67.907708705274    -67.907708705274         0.70726E-04
    -67.910161936970    -67.910161936970         0.19170E-03
    -67.910174928894    -67.910174928894         0.18601E-03
    -67.908158873179    -67.908158873179         0.13041E-03
    -67.912535604308    -67.912535604308         0.16457E-03
    -67.908148952791    -67.908148952791         0.94221E-04
    -67.910162888656    -67.910162888656         0.12386E-03
    -67.908633058840    -67.908633058840         0.68350E-04
    -67.911310383470    -67.911310383470         0.68334E-04
    -67.908164884046    -67.908164884046         0.11724E-03
    -67.907116811710    -67.907116811710         0.17444E-03
    -67.910167206296    -67.910167206296         0.11815E-03
    -67.910165781247    -67.910165781247         0.12671E-03
    -67.910172604535    -67.910172604535         0.12903E-03
    -67.912528765807    -67.912528765807         0.12761E-03
    -67.908162630923    -67.908162630923         0.76080E-04
    -67.908166366097    -67.908166366097         0.15089E-03
    -67.906973635181    -67.906973635181         0.16681E-03
    -67.907121774041    -67.907121774041         0.13865E-03
    -67.907788473874    -67.907788473874         0.10671E-03
    -67.907714590130    -67.907714590130         0.95700E-04
    -67.907369642610    -67.907369642610         0.17825E-03
    -67.908148905198    -67.908148905198         0.99268E-04
    -67.907713151752    -67.907713151752         0.19631E-03
    -67.908624064875    -67.908624064875         0.11835E-03
    -67.907812467901    -67.907812467901         0.10319E-03
    -67.908630365557    -67.908630365557         0.12238E-03
    -67.910167945534    -67.910167945534         0.52589E-04
    -67.907363289703    -67.907363289703         0.11855E-03
    -67.908164301948    -67.908164301948         0.10366E-03
    -67.908165204691    -67.908165204691         0.96288E-04
    -67.908635004332    -67.908635004332         0.66858E-04
    -67.910167825665    -67.910167825665         0.11238E-03
    -67.908163953689    -67.908163953689         0.19671E-03
    -67.907803539071    -67.907803539071         0.98829E-04
    -67.910166316967    -67.910166316967         0.12069E-03
    -67.908165472471    -67.908165472471         0.89407E-04
    -67.913273299386    -67.913273299386         0.64727E-04
    -67.908165464879    -67.908165464879         0.15996E-03
    -67.907710564664    -67.907710564664         0.99311E-04
    -67.907791194439    -67.907791194439         0.91670E-04
    -67.907364086216    -67.907364086216         0.83172E-04
    -67.907712488484    -67.907712488484         0.12505E-03
    -67.908153555965    -67.908153555965         0.18728E-03
    -67.908159871873    -67.908159871873         0.17197E-03
    -67.913275536675    -67.913275536675         0.14030E-03
    -67.911308161023    -67.911308161023         0.16408E-03
    -67.910162605642    -67.910162605642         0.17845E-03
    -67.907710176812    -67.907710176812         0.93517E-04
    -67.907117190318    -67.907117190318         0.17784E-03
    -67.907368076537    -67.907368076537         0.10386E-03
    -67.908165876645    -67.908165876645         0.15202E-03
    -67.908624714584    -67.908624714584         0.15459E-03
    -67.907799067016    -67.907799067016         0.19530E-03
    -67.908162693938    -67.908162693938         0.16086E-03
    -67.907707502743    -67.907707502743         0.13661E-03
    -67.907120739882    -67.907120739882         0.12857E-03
    -67.907373175855    -67.907373175855         0.10028E-03
    -67.908160307174    -67.908160307174         0.87564E-04
    -67.907794489618    -67.907794489618         0.67778E-04
    -67.908159795000    -67.908159795000         0.97154E-04
    -67.908160337575    -67.908160337575         0.74377E-04
    -67.907373934833    -67.907373934833         0.97834E-04
    -67.910168766300    -67.910168766300         0.16618E-03
    -67.910168643190    -67.910168643190         0.17621E-03
    -67.908154001460    -67.908154001460         0.10290E-03
    -67.910166396167    -67.910166396167         0.15611E-03
    -67.908163868469    -67.908163868469         0.89427E-04
    -67.906468712175    -67.906468712175         0.11296E-03
    -67.906972047422    -67.906972047422         0.13103E-03
    -67.910167233624    -67.910167233624         0.12945E-03
    -67.907116658658    -67.907116658658         0.13719E-03
    -67.907795046841    -67.907795046841         0.18425E-03
    -67.907711834845    -67.907711834845         0.11274E-03
    -67.907115450046    -67.907115450046         0.16074E-03
    -67.906969687109    -67.906969687109         0.10808E-03
    -67.907116097551    -67.907116097551         0.13439E-03
    -67.910170390227    -67.910170390227         0.14224E-03
    -67.907328333675    -67.907328333675         0.18183E-03
    -67.907329368450    -67.907329368450         0.15631E-03
    -67.906712254030    -67.906712254030         0.10075E-03
    -67.908160080076    -67.908160080076         0.10812E-03
    -67.908163795800    -67.908163795800         0.87769E-04
    -67.910168434373    -67.910168434373         0.12404E-03
    -67.908162454456    -67.908162454456         0.17856E-03
    -67.907374272173    -67.907374272173         0.13752E-03
    -67.909268528426    -67.909268528426         0.63811E-04
    -67.908165202970    -67.908165202970         0.10213E-03
    -67.910164639439    -67.910164639439         0.12290E-03
    -67.910170420773    -67.910170420773         0.12522E-03
    -67.906711448106    -67.906711448106         0.12042E-03
    -67.906471842687    -67.906471842687         0.13788E-03
    -67.907709949343    -67.907709949343         0.10539E-03
    -67.907710274449    -67.907710274449         0.11471E-03
    -67.907364576964    -67.907364576964         0.15048E-03
    -67.908623511769    -67.908623511769         0.18801E-03
    -67.906574536503    -67.906574536503         0.16760E-03
    -67.906974918959    -67.906974918959         0.16350E-03
    -67.910170701823    -67.910170701823         0.16373E-03
    -67.906468547757    -67.906468547757         0.14797E-03
    -67.907370170580    -67.907370170580         0.18778E-03
    -67.907122665053    -67.907122665053         0.16471E-03
    -67.908164321707    -67.908164321707         0.94838E-04
    -67.907792139859    -67.907792139859         0.15977E-03
    -67.907708504626    -67.907708504626         0.11603E-03
    -67.907113470786    -67.907113470786         0.97573E-04
    -67.907793821244    -67.907793821244         0.78398E-04
    -67.906698803301    -67.906698803301         0.16740E-03
    -67.910181947331    -67.910181947331         0.19582E-03
    -67.907792475850    -67.907792475850         0.74974E-04
    -67.911296453491    -67.911296453491         0.14823E-03
    -67.906975335907    -67.906975335907         0.94038E-04
    -67.908150185481    -67.908150185481         0.14532E-03
    -67.910166234258    -67.910166234258         0.10532E-03
    -67.907708636678    -67.907708636678         0.12049E-03
    -67.910170422742    -67.910170422742         0.81675E-04
    -67.910169875608    -67.910169875608         0.14952E-03
    -67.906704385808    -67.906704385808         0.13246E-03
    -67.910167538109    -67.910167538109         0.13037E-03
    -67.908159644811    -67.908159644811         0.13948E-03
    -67.906970396284    -67.906970396284         0.12059E-03
    -67.908146701869    -67.908146701869         0.16503E-03
    -67.908165756842    -67.908165756842         0.18092E-03
    -67.907370458480    -67.907370458480         0.13482E-03
    -67.906706256466    -67.906706256466         0.90394E-04
    -67.910160599956    -67.910160599956         0.18331E-03
    -67.910160239416    -67.910160239416         0.12096E-03
    -67.907376558292    -67.907376558292         0.11745E-03
    -67.907115115376    -67.907115115376         0.15881E-03
    -67.910169777965    -67.910169777965         0.12040E-03
    -67.907808599774    -67.907808599774         0.70215E-04
    -67.908168811485    -67.908168811485         0.13025E-03
    -67.910170573890    -67.910170573890         0.16040E-03
    -67.910160885754    -67.910160885754         0.88388E-04
    -67.910164502703    -67.910164502703         0.99163E-04
    -67.910172836454    -67.910172836454         0.15509E-03
    -67.910164495261    -67.910164495261         0.19372E-03
    -67.906465730933    -67.906465730933         0.13122E-03
    -67.907706909892    -67.907706909892         0.48874E-04
    -67.906975851186    -67.906975851186         0.58989E-04
    -67.907105212888    -67.907105212888         0.17888E-03
    -67.907119318992    -67.907119318992         0.16534E-03
    -67.907365637446    -67.907365637446         0.14878E-03
    -67.907330776385    -67.907330776385         0.14757E-03
    -67.907784500692    -67.907784500692         0.12501E-03
    -67.910163868237    -67.910163868237         0.15762E-03
    -67.908168030527    -67.908168030527         0.17713E-03
    -67.908634880504    -67.908634880504         0.79821E-04
    -67.911299849976    -67.911299849976         0.13683E-03
    -67.908147039470    -67.908147039470         0.18069E-03
    -67.907709531159    -67.907709531159         0.12807E-03
    -67.907121150770    -67.907121150770         0.15422E-03
    -67.907788069137    -67.907788069137         0.20004E-03
    -67.907711552196    -67.907711552196         0.17407E-03
    -67.909278435753    -67.909278435753         0.11816E-03
    -67.907707162036    -67.907707162036         0.15031E-03
    -67.907115022306    -67.907115022306         0.14124E-03
    -67.906567319226    -67.906567319226         0.11238E-03
    -67.907120798135    -67.907120798135         0.90666E-04
    -67.910165375345    -67.910165375345         0.16978E-03
    -67.907365502025    -67.907365502025         0.14382E-03
    -67.912544250754    -67.912544250754         0.55359E-04
    -67.908156907335    -67.908156907335         0.18180E-03
    -67.906710209587    -67.906710209587         0.15582E-03
    -67.910160296416    -67.910160296416         0.12152E-03
    -67.911294462466    -67.911294462466         0.10134E-03
    -67.910170578944    -67.910170578944         0.10630E-03
    -67.911299364033    -67.911299364033         0.79602E-04
    -67.907115237340    -67.907115237340         0.11345E-03
    -67.907108805133    -67.907108805133         0.10866E-03
    -67.908153059128    -67.908153059128         0.12303E-03
    -67.908163118216    -67.908163118216         0.89080E-04
    -67.910175016248    -67.910175016248         0.15629E-03
    -67.907704978154    -67.907704978154         0.50122E-04
    -67.910164200449    -67.910164200449         0.17300E-03
    -67.906714711153    -67.906714711153         0.19617E-03
    -67.907712361843    -67.907712361843         0.17482E-03
    -67.907378298187    -67.907378298187         0.16406E-03
    -67.913278492730    -67.913278492730         0.15786E-03
    -67.909270954441    -67.909270954441         0.13174E-03
    -67.908631618336    -67.908631618336         0.18731E-03
    -67.908168873066    -67.908168873066         0.58318E-04
    -67.910164066702    -67.910164066702         0.15091E-03
    -67.906463576576    -67.906463576576         0.19747E-03
    -67.906703307355    -67.906703307355         0.10390E-03
    -67.907805064786    -67.907805064786         0.12520E-03
    -67.908161302386    -67.908161302386         0.17957E-03
    -67.907709451939    -67.907709451939         0.11221E-03
    -67.906467103814    -67.906467103814         0.17484E-03
    -67.907706595231    -67.907706595231         0.11335E-03
    -67.911304296746    -67.911304296746         0.83684E-04
    -67.907709511635    -67.907709511635         0.13922E-03
    -67.910159524227    -67.910159524227         0.13612E-03
    -67.907342921294    -67.907342921294         0.15022E-03
    -67.910158894512    -67.910158894512         0.10423E-03
    -67.907707478974    -67.907707478974         0.97921E-04
    -67.910163703156    -67.910163703156         0.14255E-03
    -67.908160354435    -67.908160354435         0.16887E-03
    -67.906462641619    -67.906462641619         0.17473E-03
    -67.906707850166    -67.906707850166         0.11569E-03
    -67.908146339616    -67.908146339616         0.11557E-03
    -67.912420623221    -67.912420623221         0.13152E-03
    -67.908159450346    -67.908159450346         0.95190E-04
    -67.907707518063    -67.907707518063         0.10842E-03
    -67.906471751297    -67.906471751297         0.16049E-03
    -67.907111588460    -67.907111588460         0.78245E-04
    -67.908165762747    -67.908165762747         0.11397E-03
    -67.908146616970    -67.908146616970         0.11594E-03
    -67.910168729389    -67.910168729389         0.13729E-03
    -67.907337126043    -67.907337126043         0.10425E-03
    -67.907707501992    -67.907707501992         0.13928E-03
    -67.907705899435    -67.907705899435         0.11862E-03
    -67.906446860554    -67.906446860554         0.14424E-03
    -67.908636836021    -67.908636836021         0.85188E-04
    -67.907782755680    -67.907782755680         0.13427E-03
    -67.907703968847    -67.907703968847         0.13038E-03
    -67.907113753951    -67.907113753951         0.13418E-03
    -67.906709115882    -67.906709115882         0.15196E-03
    -67.907111156815    -67.907111156815         0.11089E-03
    -67.908168161647    -67.908168161647         0.89591E-04
    -67.906713834031    -67.906713834031         0.18839E-03
    -67.908166413344    -67.908166413344         0.95390E-04
    -67.906461062615    -67.906461062615         0.77154E-04
    -67.913270342846    -67.913270342846         0.81409E-04
    -67.908151219929    -67.908151219929         0.12466E-03
    -67.906574594890    -67.906574594890         0.19465E-03
    -67.906562769976    -67.906562769976         0.16130E-03
    -67.907101957689    -67.907101957689         0.16317E-03
    -67.908157257357    -67.908157257357         0.15239E-03
    -67.906980185554    -67.906980185554         0.12845E-03
    -67.906474653827    -67.906474653827         0.16574E-03
    -67.910168112276    -67.910168112276         0.15692E-03
    -67.907711076363    -67.907711076363         0.93733E-04
    -67.913300605843    -67.913300605843         0.66712E-04
    -67.910168795157    -67.910168795157         0.13843E-03
    -67.907706851088    -67.907706851088         0.12405E-03
    -67.907706557872    -67.907706557872         0.18477E-03
    -67.906225414706    -67.906225414706         0.16876E-03
    -67.907367229415    -67.907367229415         0.16550E-03
    -67.908150211619    -67.908150211619         0.16549E-03
    -67.906466003678    -67.906466003678         0.15485E-03
    -67.907370738100    -67.907370738100         0.60441E-04
    -67.906465418442    -67.906465418442         0.16220E-03
    -67.908167788347    -67.908167788347         0.10255E-03
    -67.910167320600    -67.910167320600         0.16033E-03
    -67.906711852805    -67.906711852805         0.98527E-04
    -67.906472334300    -67.906472334300         0.19792E-03
    -67.905541886179    -67.905541886179         0.11428E-03
    -67.906459182949    -67.906459182949         0.11909E-03
    -67.907783476835    -67.907783476835         0.14285E-03
    -67.908164838161    -67.908164838161         0.13882E-03
    -67.906712341497    -67.906712341497         0.15285E-03
    -67.906966224922    -67.906966224922         0.13281E-03
    -67.907116126171    -67.907116126171         0.18921E-03
    -67.913305178457    -67.913305178457         0.58953E-04
    -67.906458847851    -67.906458847851         0.57634E-04
    -67.908155683362    -67.908155683362         0.15673E-03
    -67.906557433012    -67.906557433012         0.45782E-04
    -67.910157015984    -67.910157015984         0.12560E-03
    -67.907373356738    -67.907373356738         0.14550E-03
    -67.907787822773    -67.907787822773         0.10519E-03
    -67.910170649353    -67.910170649353         0.15332E-03
    -67.906463085870    -67.906463085870         0.14762E-03
    -67.907706743764    -67.907706743764         0.18425E-03
    -67.911317450646    -67.911317450646         0.85665E-04
    -67.906470295785    -67.906470295785         0.18883E-03
    -67.907707168674    -67.907707168674         0.11386E-03
    -67.906708189913    -67.906708189913         0.88884E-04
    -67.908633455806    -67.908633455806         0.16899E-03
    -67.907710449232    -67.907710449232         0.92301E-04
    -67.907324246792    -67.907324246792         0.11422E-03
    -67.910158382759    -67.910158382759         0.15462E-03
    -67.906443428683    -67.906443428683         0.13334E-03
    -67.908166969709    -67.908166969709         0.15882E-03
    -67.910160885788    -67.910160885788         0.13734E-03
    -67.906704271361    -67.906704271361         0.43661E-04
    -67.908620924461    -67.908620924461         0.14260E-03
    -67.908166129698    -67.908166129698         0.89185E-04
    -67.906569674077    -67.906569674077         0.10099E-03
    -67.906969791116    -67.906969791116         0.54390E-04
    -67.907369569024    -67.907369569024         0.15515E-03
    -67.906569568419    -67.906569568419         0.87449E-04
    -67.907706670774    -67.907706670774         0.60615E-04
    -67.906465079844    -67.906465079844         0.16641E-03
    -67.907120925760    -67.907120925760         0.15184E-03
    -67.907705700168    -67.907705700168         0.12795E-03
    -67.910166166807    -67.910166166807         0.15652E-03
    -67.908165811067    -67.908165811067         0.10172E-03
    -67.907113476731    -67.907113476731         0.17699E-03
    -67.907812620765    -67.907812620765         0.37551E-04
    -67.906464293170    -67.906464293170         0.15643E-03
    -67.907118640921    -67.907118640921         0.12817E-03
    -67.910160220551    -67.910160220551         0.17461E-03
    -67.908160602325    -67.908160602325         0.75379E-04
    -67.906704199893    -67.906704199893         0.16716E-03
    -67.905536140624    -67.905536140624         0.15016E-03
    -67.907703806357    -67.907703806357         0.12318E-03
    -67.906720541838    -67.906720541838         0.10497E-03
    -67.906470291220    -67.906470291220         0.19835E-03
    -67.908635883329    -67.908635883329         0.13853E-03
    -67.907113481606    -67.907113481606         0.17418E-03
    -67.906549752300    -67.906549752300         0.19791E-03
    -67.908163361057    -67.908163361057         0.14770E-03
    -67.908152281317    -67.908152281317         0.18420E-03
    -67.906462835959    -67.906462835959         0.14750E-03
    -67.906713476018    -67.906713476018         0.17083E-03
    -67.907104979491    -67.907104979491         0.17217E-03
    -67.906470732632    -67.906470732632         0.11431E-03
    -67.907711779272    -67.907711779272         0.15966E-03
    -67.910175375967    -67.910175375967         0.13686E-03
    -67.906465898187    -67.906465898187         0.41601E-04
    -67.907368268714    -67.907368268714         0.57454E-04
    -67.907707322159    -67.907707322159         0.18756E-03
    -67.907707254710    -67.907707254710         0.18853E-03
    -67.907717067474    -67.907717067474         0.11080E-03
    -67.906568067924    -67.906568067924         0.11242E-03
    -67.907792888903    -67.907792888903         0.11264E-03
    -67.906696579558    -67.906696579558         0.19813E-03
    -67.910174072533    -67.910174072533         0.10670E-03
    -67.906980084651    -67.906980084651         0.89588E-04
    -67.906553164678    -67.906553164678         0.98940E-04
    -67.908165706352    -67.908165706352         0.19678E-03
    -67.908165099896    -67.908165099896         0.72927E-04
    -67.910169631079    -67.910169631079         0.13982E-03
    -67.908152489696    -67.908152489696         0.13367E-03
    -67.907368394440    -67.907368394440         0.15995E-03
    -67.907119174888    -67.907119174888         0.15494E-03
    -67.905572326638    -67.905572326638         0.76174E-04
    -67.908162699615    -67.908162699615         0.12327E-03
    -67.908163322103    -67.908163322103         0.14397E-03
    -67.911283548648    -67.911283548648         0.61291E-04
    -67.907776233495    -67.907776233495         0.19860E-03
    -67.908157589149    -67.908157589149         0.10584E-03
    -67.906712344422    -67.906712344422         0.14889E-03
    -67.906969116105    -67.906969116105         0.11412E-03
    -67.908165945246    -67.908165945246         0.96309E-04
    -67.906209694408    -67.906209694408         0.10851E-03
    -67.908146734372    -67.908146734372         0.73623E-04
    -67.908153420627    -67.908153420627         0.79812E-04
    -67.905570882470    -67.905570882470         0.86961E-04
    -67.907374716970    -67.907374716970         0.72780E-04
    -67.906567449696    -67.906567449696         0.19495E-03
    -67.906700428658    -67.906700428658         0.17812E-03
    -67.908169828342    -67.908169828342         0.95100E-04
    -67.907098531635    -67.907098531635         0.13182E-03
    -67.906472469817    -67.906472469817         0.13851E-03
    -67.906570639275    -67.906570639275         0.17993E-03
    -67.907371941949    -67.907371941949         0.12793E-03
    -67.906566268503    -67.906566268503         0.64997E-04
    -67.907347189928    -67.907347189928         0.11031E-03
    -67.908145999424    -67.908145999424         0.12174E-03
    -67.906720724851    -67.906720724851         0.16350E-03
    -67.906541463367    -67.906541463367         0.11571E-03
    -67.906555397461    -67.906555397461         0.11605E-03
    -67.907368061146    -67.907368061146         0.98332E-04
    -67.906437234488    -67.906437234488         0.17416E-03
    -67.907343766345    -67.907343766345         0.10336E-03
    -67.908624664092    -67.908624664092         0.13302E-03
    -67.907787317444    -67.907787317444         0.14399E-03
    -67.907704022826    -67.907704022826         0.18731E-03
    -67.910159015957    -67.910159015957         0.18067E-03
    -67.907368259129    -67.907368259129         0.97641E-04
    -67.906707050651    -67.906707050651         0.61656E-04
    -67.907121279688    -67.907121279688         0.14796E-03
    -67.907368142120    -67.907368142120         0.17581E-03
    -67.906231352206    -67.906231352206         0.15795E-03
    -67.907711712161    -67.907711712161         0.12345E-03
    -67.908163633192    -67.908163633192         0.15807E-03
    -67.906231142622    -67.906231142622         0.19106E-03
    -67.910174793429    -67.910174793429         0.18532E-03
    -67.905554814963    -67.905554814963         0.12291E-03
    -67.907712559810    -67.907712559810         0.13542E-03
    -67.906565547086    -67.906565547086         0.19142E-03
    -67.906714103765    -67.906714103765         0.17515E-03
    -67.906291666412    -67.906291666412         0.15233E-03
    -67.906473248602    -67.906473248602         0.11653E-03
    -67.906466088082    -67.906466088082         0.10703E-03
    -67.907790289267    -67.907790289267         0.15817E-03
    -67.907711889997    -67.907711889997         0.10680E-03
    -67.907712353642    -67.907712353642         0.18061E-03
    -67.905572051352    -67.905572051352         0.79665E-04
    -67.906973006249    -67.906973006249         0.13066E-03
    -67.907372369785    -67.907372369785         0.13274E-03
    -67.907785938346    -67.907785938346         0.18069E-03
    -67.906713408048    -67.906713408048         0.19315E-03
    -67.906173850262    -67.906173850262         0.16420E-03
    -67.906232227383    -67.906232227383         0.83787E-04
    -67.906721629237    -67.906721629237         0.11719E-03
    -67.907706859136    -67.907706859136         0.19697E-03
    -67.906972827383    -67.906972827383         0.10215E-03
    -67.906704640507    -67.906704640507         0.79872E-04
    -67.906289600697    -67.906289600697         0.12696E-03
    -67.906980824753    -67.906980824753         0.11553E-03
    -67.906460979154    -67.906460979154         0.16165E-03
    -67.908144075793    -67.908144075793         0.17656E-03
    -67.906986964252    -67.906986964252         0.95017E-04
    -67.905572234552    -67.905572234552         0.10819E-03
    -67.907707794881    -67.907707794881         0.66530E-04
    -67.906567497778    -67.906567497778         0.55605E-04
    -67.907359381904    -67.907359381904         0.19001E-03
    -67.905538289839    -67.905538289839         0.16092E-03
    -67.909287076736    -67.909287076736         0.10011E-03
    -67.905563869412    -67.905563869412         0.16362E-03
    -67.906570293641    -67.906570293641         0.15296E-03
    -67.907787275506    -67.907787275506         0.12071E-03
    -67.908174392325    -67.908174392325         0.11216E-03
    -67.907117450867    -67.907117450867         0.14356E-03
    -67.906970586915    -67.906970586915         0.10191E-03
    -67.905538890105    -67.905538890105         0.98185E-04
    -67.908163628924    -67.908163628924         0.87705E-04
    -67.908160772860    -67.908160772860         0.72450E-04
    -67.908151657007    -67.908151657007         0.19659E-03
    -67.906479743374    -67.906479743374         0.14770E-03
    -67.907368811493    -67.907368811493         0.15917E-03
    -67.907122108266    -67.907122108266         0.18423E-03
    -67.906981803909    -67.906981803909         0.16074E-03
    -67.907707704955    -67.907707704955         0.87051E-04
    -67.907122237003    -67.907122237003         0.10383E-03
    -67.906231643335    -67.906231643335         0.11580E-03
    -67.908161107721    -67.908161107721         0.92393E-04
    -67.907118454135    -67.907118454135         0.17415E-03
    -67.906465386742    -67.906465386742         0.96571E-04
    -67.907105425768    -67.907105425768         0.18639E-03
    -67.908157181470    -67.908157181470         0.12782E-03
    -67.905559725839    -67.905559725839         0.10008E-03
    -67.906450316217    -67.906450316217         0.10978E-03
    -67.905555267203    -67.905555267203         0.11121E-03
    -67.910176058192    -67.910176058192         0.19844E-03
    -67.906551268044    -67.906551268044         0.10948E-03
    -67.906701036116    -67.906701036116         0.16413E-03
    -67.907786806642    -67.907786806642         0.82837E-04
    -67.908168647972    -67.908168647972         0.15308E-03
    -67.907344324914    -67.907344324914         0.14027E-03
    -67.905555047350    -67.905555047350         0.19018E-03
    -67.905539489958    -67.905539489958         0.15234E-03
    -67.909253891898    -67.909253891898         0.14800E-03
    -67.907366713668    -67.907366713668         0.10856E-03
    -67.906575083841    -67.906575083841         0.68387E-04
    -67.906704907891    -67.906704907891         0.12870E-03
    -67.906968022926    -67.906968022926         0.11698E-03
    -67.905564639218    -67.905564639218         0.10544E-03
    -67.906967884740    -67.906967884740         0.11947E-03
    -67.906709620736    -67.906709620736         0.14360E-03
    -67.908162124609    -67.908162124609         0.71102E-04
    -67.907366646667    -67.907366646667         0.11161E-03
    -67.906465966846    -67.906465966846         0.14214E-03
    -67.907105202349    -67.907105202349         0.99943E-04
    -67.906969468014    -67.906969468014         0.95673E-04
    -67.910161856877    -67.910161856877         0.17352E-03
    -67.907707907362    -67.907707907362         0.15476E-03
    -67.906206608992    -67.906206608992         0.19185E-03
    -67.907101510590    -67.907101510590         0.12341E-03
    -67.907368619616    -67.907368619616         0.18874E-03
    -67.905561616336    -67.905561616336         0.14348E-03
    -67.906231860693    -67.906231860693         0.17271E-03
    -67.906461632473    -67.906461632473         0.16887E-03
    -67.906719227947    -67.906719227947         0.16479E-03
    -67.905561572326    -67.905561572326         0.19707E-03
    -67.907124079817    -67.907124079817         0.12225E-03
    -67.906466736513    -67.906466736513         0.11936E-03
    -67.908163510976    -67.908163510976         0.14570E-03
    -67.906559413494    -67.906559413494         0.19133E-03
    -67.910169714280    -67.910169714280         0.17101E-03
    -67.909263286971    -67.909263286971         0.12536E-03
    -67.908165963071    -67.908165963071         0.19607E-03
    -67.906291205503    -67.906291205503         0.13027E-03
    -67.910175002396    -67.910175002396         0.15134E-03
    -67.908173579538    -67.908173579538         0.12937E-03
    -67.907367586933    -67.907367586933         0.16931E-03
    -67.907721936496    -67.907721936496         0.17131E-03
    -67.908627510532    -67.908627510532         0.18311E-03
    -67.910174385476    -67.910174385476         0.58902E-04
    -67.908165985425    -67.908165985425         0.15549E-03
    -67.906472909842    -67.906472909842         0.17668E-03
    -67.906970729891    -67.906970729891         0.97473E-04
    -67.906560227582    -67.906560227582         0.71932E-04
    -67.906458117513    -67.906458117513         0.13835E-03
    -67.906573145502    -67.906573145502         0.14112E-03
    -67.906228403367    -67.906228403367         0.81744E-04
    -67.907342428968    -67.907342428968         0.19790E-03
    -67.907368764370    -67.907368764370         0.94690E-04
    -67.908166844899    -67.908166844899         0.98890E-04
    -67.906570165777    -67.906570165777         0.89809E-04
    -67.906455151804    -67.906455151804         0.11055E-03
    -67.907366275483    -67.907366275483         0.15451E-03
    -67.906467383364    -67.906467383364         0.15515E-03
    -67.907783633452    -67.907783633452         0.93084E-04
    -67.905543943034    -67.905543943034         0.15127E-03
    -67.907103451541    -67.907103451541         0.18023E-03
    -67.908176341791    -67.908176341791         0.14776E-03
    -67.906968521675    -67.906968521675         0.19056E-03
    -67.908169186606    -67.908169186606         0.90842E-04
    -67.906466108777    -67.906466108777         0.97892E-04
    -67.905567480897    -67.905567480897         0.14796E-03
    -67.906232699825    -67.906232699825         0.15600E-03
    -67.906571328443    -67.906571328443         0.11408E-03
    -67.906290060575    -67.906290060575         0.10645E-03
    -67.910163767512    -67.910163767512         0.13086E-03
    -67.905556308105    -67.905556308105         0.74602E-04
    -67.907783805856    -67.907783805856         0.18004E-03
    -67.910156353843    -67.910156353843         0.63228E-04
    -67.907113200714    -67.907113200714         0.14551E-03
    -67.906231865797    -67.906231865797         0.11501E-03
    -67.905560774029    -67.905560774029         0.10577E-03
    -67.907716402269    -67.907716402269         0.12110E-03
    -67.907783408906    -67.907783408906         0.13332E-03
    -67.906708846592    -67.906708846592         0.13253E-03
    -67.909277120980    -67.909277120980         0.17985E-03
    -67.907343701963    -67.907343701963         0.89357E-04
    -67.907784605323    -67.907784605323         0.18197E-03
    -67.905564912610    -67.905564912610         0.96404E-04
    -67.908158423963    -67.908158423963         0.19062E-03
    -67.907369318688    -67.907369318688         0.19850E-03
    -67.906549593041    -67.906549593041         0.14367E-03
    -67.908158447671    -67.908158447671         0.18160E-03
    -67.907340650376    -67.907340650376         0.10759E-03
    -67.906548170932    -67.906548170932         0.13072E-03
    -67.910170186584    -67.910170186584         0.19356E-03
    -67.906975087568    -67.906975087568         0.91408E-04
    -67.907366346424    -67.907366346424         0.16484E-03
    -67.907704924551    -67.907704924551         0.11133E-03
    -67.910165494345    -67.910165494345         0.17102E-03
    -67.906478089019    -67.906478089019         0.10800E-03
    -67.906204608915    -67.906204608915         0.10682E-03
    -67.905567820899    -67.905567820899         0.90734E-04
    -67.910171973991    -67.910171973991         0.11115E-03
    -67.906458521455    -67.906458521455         0.11407E-03
    -67.908623079076    -67.908623079076         0.11869E-03
    -67.908168379022    -67.908168379022         0.17081E-03
    -67.906973329735    -67.906973329735         0.84499E-04
    -67.906449317393    -67.906449317393         0.10314E-03
    -67.906460259419    -67.906460259419         0.86276E-04
    -67.906574572957    -67.906574572957         0.11760E-03
    -67.906465895900    -67.906465895900         0.81025E-04
    -67.907814785282    -67.907814785282         0.14376E-03
    -67.908172157127    -67.908172157127         0.15986E-03
    -67.906207414563    -67.906207414563         0.13378E-03
    -67.907357086133    -67.907357086133         0.10149E-03
    -67.909257233916    -67.909257233916         0.17937E-03
    -67.906459514308    -67.906459514308         0.17107E-03
    -67.908625637420    -67.908625637420         0.57115E-04
    -67.907368792302    -67.907368792302         0.96767E-04
    -67.906467093869    -67.906467093869         0.72211E-04
    -67.907333218976    -67.907333218976         0.12840E-03
    -67.906969136195    -67.906969136195         0.16897E-03
    -67.907347480311    -67.907347480311         0.15980E-03
    -67.907815078892    -67.907815078892         0.17609E-03
    -67.906707541267    -67.906707541267         0.18739E-03
    -67.908170536944    -67.908170536944         0.15541E-03
    -67.905554373671    -67.905554373671         0.12389E-03
    -67.906567948099    -67.906567948099         0.15168E-03
    -67.906970714702    -67.906970714702         0.12623E-03
    -67.906208035869    -67.906208035869         0.18016E-03
    -67.906968743454    -67.906968743454         0.61945E-04
    -67.913298818539    -67.913298818539         0.93008E-04
    -67.907129363115    -67.907129363115         0.13159E-03
    -67.907123964153    -67.907123964153         0.96715E-04
    -67.906538758433    -67.906538758433         0.70172E-04
    -67.907793182246    -67.907793182246         0.78608E-04
    -67.906720844297    -67.906720844297         0.15414E-03
    -67.906540860399    -67.906540860399         0.18161E-03
    -67.906457970548    -67.906457970548         0.15474E-03
    -67.907721321806    -67.907721321806         0.11684E-03
    -67.907340122226    -67.907340122226         0.17452E-03
    -67.907343606377    -67.907343606377         0.12301E-03
    -67.907364588951    -67.907364588951         0.17467E-03
    -67.907811103132    -67.907811103132         0.17699E-03
    -67.911285936716    -67.911285936716         0.16079E-03
    -67.908168072110    -67.908168072110         0.14185E-03
    -67.910173367609    -67.910173367609         0.92645E-04
    -67.907341433650    -67.907341433650         0.14281E-03
    -67.907365264149    -67.907365264149         0.12531E-03
    -67.910163545905    -67.910163545905         0.95923E-04
    -67.906968151806    -67.906968151806         0.11599E-03
    -67.906184048886    -67.906184048886         0.10957E-03
    -67.906454706018    -67.906454706018         0.12595E-03
    -67.907790975204    -67.907790975204         0.77301E-04
    -67.906450294199    -67.906450294199         0.13850E-03
    -67.905560209037    -67.905560209037         0.13241E-03
    -67.907708255434    -67.907708255434         0.11341E-03
    -67.908166684187    -67.908166684187         0.97069E-04
    -67.906209497001    -67.906209497001         0.11160E-03
    -67.910171214782    -67.910171214782         0.68042E-04
    -67.910169804158    -67.910169804158         0.11223E-03
    -67.905546311124    -67.905546311124         0.54594E-04
    -67.907366852638    -67.907366852638         0.14878E-03
    -67.906455058340    -67.906455058340         0.19718E-03
    -67.906458598602    -67.906458598602         0.10508E-03
    -67.908167650873    -67.908167650873         0.10839E-03
    -67.907784934071    -67.907784934071         0.96217E-04
    -67.906562829131    -67.906562829131         0.19659E-03
    -67.906976949158    -67.906976949158         0.15944E-03
    -67.907804159236    -67.907804159236         0.10686E-03
    -67.907811990417    -67.907811990417         0.12048E-03
    -67.906969760977    -67.906969760977         0.42591E-04
    -67.905572246233    -67.905572246233         0.17304E-03
    -67.907711924099    -67.907711924099         0.12671E-03
    -67.906702905929    -67.906702905929         0.15431E-03
    -67.907793863679    -67.907793863679         0.11435E-03
    -67.906988236261    -67.906988236261         0.90573E-04
    -67.907366345890    -67.907366345890         0.75745E-04
    -67.906461468429    -67.906461468429         0.59095E-04
    -67.907368803585    -67.907368803585         0.70164E-04
    -67.906480352740    -67.906480352740         0.11075E-03
    -67.905556055631    -67.905556055631         0.77161E-04
    -67.907706577058    -67.907706577058         0.14116E-03
    -67.907103460196    -67.907103460196         0.16542E-03
    -67.906228184801    -67.906228184801         0.12720E-03
    -67.907706810152    -67.907706810152         0.56933E-04
    -67.906459201594    -67.906459201594         0.14656E-03
    -67.907784051868    -67.907784051868         0.92920E-04
    -67.908169834957    -67.908169834957         0.13127E-03
    -67.905560356725    -67.905560356725         0.11391E-03
    -67.905556204775    -67.905556204775         0.15184E-03
    -67.907791898453    -67.907791898453         0.14662E-03
    -67.906974842913    -67.906974842913         0.62678E-04
    -67.906231393461    -67.906231393461         0.10312E-03
    -67.907782347121    -67.907782347121         0.17728E-03
    -67.906463665452    -67.906463665452         0.15631E-03
    -67.906223975125    -67.906223975125         0.15868E-03
    -67.910172050443    -67.910172050443         0.12172E-03
    -67.907369154048    -67.907369154048         0.11458E-03
    -67.907367707578    -67.907367707578         0.15475E-03
    -67.908168076708    -67.908168076708         0.79804E-04
    -67.907800280980    -67.907800280980         0.98070E-04
    -67.906453132662    -67.906453132662         0.71278E-04
    -67.906448446758    -67.906448446758         0.11493E-03
    -67.906713961505    -67.906713961505         0.10671E-03
    -67.906550154646    -67.906550154646         0.15130E-03
    -67.906231709240    -67.906231709240         0.17278E-03
    -67.907366846165    -67.907366846165         0.16242E-03
    -67.907796143898    -67.907796143898         0.89356E-04
    -67.907105907093    -67.907105907093         0.16572E-03
    -67.906721731971    -67.906721731971         0.19917E-03
    -67.907793917486    -67.907793917486         0.14574E-03
    -67.907368091648    -67.907368091648         0.16553E-03
    -67.906291940077    -67.906291940077         0.13808E-03
    -67.905580203081    -67.905580203081         0.19028E-03
    -67.906458207765    -67.906458207765         0.11462E-03
    -67.908171784299    -67.908171784299         0.15720E-03
    -67.906464369067    -67.906464369067         0.82608E-04
    -67.906708107892    -67.906708107892         0.92348E-04
    -67.910176266629    -67.910176266629         0.16002E-03
    -67.906721873900    -67.906721873900         0.16543E-03
    -67.909282826032    -67.909282826032         0.55061E-04
    -67.907780982693    -67.907780982693         0.18004E-03
    -67.906463439248    -67.906463439248         0.10459E-03
    -67.907783190294    -67.907783190294         0.11002E-03
    -67.908165115989    -67.908165115989         0.13763E-03
    -67.906458360534    -67.906458360534         0.15100E-03
    -67.906292972110    -67.906292972110         0.18089E-03
    -67.904360360991    -67.904360360991         0.16453E-03
    -67.907705132634    -67.907705132634         0.12159E-03
    -67.907782644627    -67.907782644627         0.16934E-03
    -67.908156818549    -67.908156818549         0.16363E-03
    -67.910148645138    -67.910148645138         0.11770E-03
    -67.907778816565    -67.907778816565         0.10523E-03
    -67.907341213469    -67.907341213469         0.19787E-03
    -67.906228560301    -67.906228560301         0.19286E-03
    -67.910144171709    -67.910144171709         0.12267E-03
    -67.908133141350    -67.908133141350         0.18283E-03
    -67.906992807168    -67.906992807168         0.15864E-03
    -67.908136142844    -67.908136142844         0.17697E-03
    -67.907780670831    -67.907780670831         0.12710E-03
    -67.910151934751    -67.910151934751         0.10339E-03
    -67.910161453611    -67.910161453611         0.87894E-04
    -67.910161691520    -67.910161691520         0.13130E-03
    -67.910152424131    -67.910152424131         0.94642E-04
    -67.910154589175    -67.910154589175         0.12811E-03
