48
 energy: -73.172724535345 gnorm: 0.000389657986 xtb: 6.7.1 (edcfbbe)
C            6.52683962890000       -0.43015176200000        1.40515617460000
C            6.28725070980000        0.31510321540000        0.09296783110000
C            7.04529217240000        1.64263041290000        0.08096826740000
C            6.68119444200000       -0.54064152430000       -1.11001354690000
O            4.88958293730000        0.71372091970000       -0.01024826110000
C            3.89861763330000       -0.18830015340000       -0.03065488690000
O            4.02914912990000       -1.40016016680000        0.02920169040000
N            2.71392638100000        0.44035560300000       -0.12366194460000
C            1.44755090280000       -0.25480368080000       -0.19298254900000
C            0.65264680590000        0.13264377440000       -1.45526923630000
C           -0.41088140850000        1.11537914420000       -0.97085145920000
C           -0.79698603380000        0.56737993180000        0.40887834890000
C            0.53981559910000        0.11505607950000        1.00161841490000
N           -1.74455337900000       -0.51821625860000        0.27874315000000
C           -1.51416141450000       -1.85699959440000        0.17581775140000
N           -2.58655823170000       -2.57498799610000        0.02014044770000
C           -3.62315113960000       -1.67025913910000        0.00294525990000
C           -3.09724775150000       -0.36642469420000        0.15621838730000
C           -3.97584115100000        0.71821205270000        0.15186148590000
C           -3.93665756880000        2.13319457040000        0.24325154340000
C           -5.22824890960000        2.56638810260000        0.15717126900000
N           -6.07293455360000        1.50502568560000        0.01715298770000
C           -5.34342845240000        0.35865256820000        0.00516021030000
N           -5.85509890370000       -0.86969179170000       -0.12965017820000
C           -5.00086209000000       -1.87157128000000       -0.13331379410000
H            2.72321076160000        1.44770998290000       -0.17773596500000
H            1.70900185900000       -1.31634031770000       -0.19486408550000
H            1.30238548110000        0.55884056320000       -2.21602350340000
H            0.17698766970000       -0.75405380450000       -1.87420727110000
H           -1.26701974790000        1.17027341810000       -1.64089624400000
H            0.00832708140000        2.11348921160000       -0.85524474230000
H           -1.28027849180000        1.32325764890000        1.03272485700000
H            0.41854495710000       -0.70951271050000        1.70026032990000
H            0.98632329550000        0.94761440600000        1.54321725040000
H           -0.53251416770000       -2.28328106740000        0.22514211450000
H           -3.06815269100000        2.75098343100000        0.34877030550000
H           -5.60702896640000        3.56853946400000        0.18642540750000
H           -5.41510530930000       -2.86221207360000       -0.24681245990000
H           -7.07417715490000        1.54770920040000       -0.07041222290000
H            8.11132019250000        1.45540237570000        0.15225992010000
H            6.73210405770000        2.25588461550000        0.92092359270000
H            6.83651881990000        2.18019463400000       -0.83945656570000
H            5.96476846940000       -1.36091376220000        1.41703909560000
H            6.20904217310000        0.18222034130000        2.24589330150000
H            7.58351541340000       -0.65505062420000        1.50788390240000
H            7.74028064040000       -0.77205229260000       -1.06014125590000
H            6.11624766710000       -1.46979070430000       -1.11171755690000
H            6.47646879760000       -0.00406911090000       -2.03360656140000
48
 energy: -73.172725448774 gnorm: 0.000222594381 xtb: 6.7.1 (edcfbbe)
C            6.52723102705139       -0.43027530761613        1.40485134173597
C            6.28718871122579        0.31505541820801        0.09278941861433
C            7.04498361671635        1.64272989794215        0.08095119854734
C            6.68138300867190       -0.54070132259486       -1.11012382875732
O            4.88941614998726        0.71356133989389       -0.01018418535224
C            3.89824983814292       -0.18833582573616       -0.02933280562966
O            4.02853225587320       -1.40021242820892        0.03049928399639
N            2.71369691860739        0.44030980744495       -0.12354251622733
C            1.44738107112706       -0.25486142978274       -0.19289099902755
C            0.65254442650277        0.13234965621758       -1.45528607915297
C           -0.41094671489926        1.11517507149559       -0.97098052613302
C           -0.79705569694299        0.56756742126028        0.40887432453813
C            0.53981969673168        0.11565975026282        1.00166287839390
N           -1.74457578736173       -0.51827105558156        0.27951109063256
C           -1.51412191196025       -1.85703973215689        0.17576971071126
N           -2.58656289337277       -2.57495646240751        0.01998891708403
C           -3.62310938873304       -1.67023437917848        0.00291568965203
C           -3.09728123482412       -0.36648687866565        0.15656778745198
C           -3.97597395650983        0.71806769659840        0.15228114198956
C           -3.93660441190183        2.13300709798887        0.24358753937076
C           -5.22814302986557        2.56630992216727        0.15808318665200
N           -6.07293113123500        1.50511820079475        0.01695632863644
C           -5.34359414835386        0.35854330633687        0.00512442607515
N           -5.85514911239252       -0.86989807591305       -0.13071889000990
C           -5.00070310659815       -1.87163382080943       -0.13390032814426
H            2.72299582175318        1.44766688445356       -0.17769405857945
H            1.70890615790874       -1.31637836606669       -0.19449435198388
H            1.30236156401072        0.55827870926064       -2.21615425767957
H            0.17666938733466       -0.75426818262009       -1.87411327386253
H           -1.26715126742570        1.17014725282245       -1.64093410343215
H            0.00834152944616        2.11324731349958       -0.85533831592776
H           -1.28021804883367        1.32415707729109        1.03198051960734
H            0.41811209771134       -0.70844647908739        1.70078552882927
H            0.98657213419271        0.94847903403886        1.54283785722637
H           -0.53249370813462       -2.28340716852436        0.22474103647916
H           -3.06803351657492        2.75071740016453        0.34900704334080
H           -5.60671808551071        3.56853813915547        0.18744994095584
H           -5.41445058583348       -2.86246227207195       -0.24776027149963
H           -7.07412018455229        1.54829151180356       -0.07136394064204
H            8.11101369055334        1.45562960914018        0.15226284256338
H            6.73170896715797        2.25592556462508        0.92091160250200
H            6.83625861585035        2.18028244146752       -0.83947619934760
H            5.96542295523208       -1.36119263548109        1.41654961345294
H            6.20945247509148        0.18167450936624        2.24589984357642
H            7.58398031976016       -0.65488523811961        1.50727856463028
H            7.74055674805612       -0.77172411773942       -1.06049068895717
H            6.11691664079432       -1.47008230409740       -1.11156149795192
H            6.47626825852526       -0.00435970754082       -2.03374853224771
48
 energy: -73.172725963680 gnorm: 0.000156010213 xtb: 6.7.1 (edcfbbe)
C            6.52762537633788       -0.43054879665133        1.40464373491293
C            6.28719241957602        0.31501893965461        0.09279469150029
C            7.04466118606769        1.64288109720502        0.08091772377930
C            6.68138600336793       -0.54064533790719       -1.11018883541730
O            4.88936822734676        0.71331612609330       -0.01045494886265
C            3.89810755263253       -0.18851280533125       -0.02920148382285
O            4.02815325761830       -1.40034273917274        0.03215927401581
N            2.71362307425168        0.44017671724140       -0.12393107129771
C            1.44721097419617       -0.25488999740461       -0.19249143880842
C            0.65240684091092        0.13183013035777       -1.45505924272685
C           -0.41106817834987        1.11488282992017       -0.97124272070980
C           -0.79715475992562        0.56789848335874        0.40888011355522
C            0.53970242576854        0.11628733283083        1.00190379062620
N           -1.74455401206372       -0.51813993498498        0.28026483560658
C           -1.51396972339742       -1.85688061703481        0.17578261860610
N           -2.58636250794263       -2.57476522247644        0.01950021799011
C           -3.62294389842771       -1.67010049981842        0.00267065495580
C           -3.09724918453545       -0.36642249466892        0.15685430257021
C           -3.97609662963918        0.71798743980489        0.15267957876189
C           -3.93664658296503        2.13285960904809        0.24448989954302
C           -5.22808660077713        2.56627048570660        0.15842697912169
N           -6.07293962596448        1.50515335605962        0.01691135307821
C           -5.34368999614603        0.35849048755283        0.00494172610072
N           -5.85509199904187       -0.87000007281230       -0.13178868265380
C           -5.00044709329722       -1.87156545026483       -0.13484531366841
H            2.72293583962869        1.44752911928457       -0.17822849742954
H            1.70865893557176       -1.31641976394727       -0.19369753076708
H            1.30228863269076        0.55738703351405       -2.21609057534473
H            0.17648705538132       -0.75490866455271       -1.87358036602434
H           -1.26723092266632        1.16976434455021       -1.64125909784449
H            0.00830775167876        2.11294343552636       -0.85578839639280
H           -1.28039782207956        1.32492724000009        1.03138800485388
H            0.41787965540619       -0.70737635137929        1.70154227079416
H            0.98661331743753        0.94940370632338        1.54253467062840
H           -0.53236769239508       -2.28330451419322        0.22476768663844
H           -3.06808329706133        2.75047435652827        0.35050805974678
H           -5.60655257207889        3.56853145274147        0.18807346318211
H           -5.41372890163087       -2.86253589716620       -0.24931131302398
H           -7.07406854626589        1.54879309127239       -0.07197049821163
H            8.11072736305746        1.45602937227567        0.15231408504578
H            6.73115520114746        2.25599408167078        0.92084277585887
H            6.83589781026089        2.18037503978642       -0.83953895525427
H            5.96616138104083       -1.36168086790244        1.41617729312293
H            6.20984081818487        0.18101492185217        2.24596347399678
H            7.58448537479502       -0.65478038948562        1.50673574600591
H            7.74069515185841       -0.77111056806389       -1.06081422315079
H            6.11742109458847       -1.47032825987195       -1.11129494088316
H            6.47576398804851       -0.00458414136931       -2.03386188560352
48
 energy: -73.172726344119 gnorm: 0.000103219590 xtb: 6.7.1 (edcfbbe)
C            6.52810639866118       -0.43074322374091        1.40441487189905
C            6.28718157590541        0.31495547197954        0.09274727348152
C            7.04433889227755        1.64299090175937        0.08085299981915
C            6.68119115103087       -0.54060516721388       -1.11037383216710
O            4.88930453173186        0.71306681158913       -0.01028613708838
C            3.89804571985790       -0.18873947864593       -0.02843203467026
O            4.02805655545425       -1.40053280767437        0.03381882563790
N            2.71361738682184        0.43996382702710       -0.12409920601539
C            1.44707927793504       -0.25495697295786       -0.19212340671952
C            0.65223993719293        0.13108670893846       -1.45490354702883
C           -0.41114135665730        1.11446148856631       -0.97158916636771
C           -0.79720722647664        0.56825523724762        0.40887284614326
C            0.53967832838426        0.11699327276251        1.00209756721704
N           -1.74450481666447       -0.51787941263683        0.28084859999914
C           -1.51375401891753       -1.85655992078264        0.17573537097654
N           -2.58602355877920       -2.57448171156156        0.01881858197670
C           -3.62269666456879       -1.66989828325944        0.00212682376550
C           -3.09717454400621       -0.36626404897636        0.15713472563819
C           -3.97618789064709        0.71800296560208        0.15316113474928
C           -3.93678566597884        2.13283470403693        0.24560853676472
C           -5.22818904433389        2.56625179776510        0.15888131648606
N           -6.07295093956642        1.50513721039324        0.01681434576604
C           -5.34367712548453        0.35852249592586        0.00461742979338
N           -5.85490429887302       -0.86994911517743       -0.13283243392535
C           -5.00014770557875       -1.87138572620893       -0.13610730451822
H            2.72295007186983        1.44730613472197       -0.17857982609995
H            1.70833379769776       -1.31653298477720       -0.19262992278675
H            1.30214840382621        0.55624449606680       -2.21612553028569
H            0.17632727868357       -0.75588552958777       -1.87296505267766
H           -1.26727681301640        1.16908507465018       -1.64164859291521
H            0.00831770315529        2.11255185167034       -0.85662210953798
H           -1.28058820188649        1.32543095352105        1.03107247634716
H            0.41799043148476       -0.70630112961475        1.70218746863910
H            0.98659934885811        0.95040453982439        1.54222393814555
H           -0.53216966179686       -2.28297527200469        0.22506833574397
H           -3.06828822914355        2.75040493269392        0.35239593905027
H           -5.60668847001678        3.56848829738054        0.18884167425239
H           -5.41315106229844       -2.86239625044917       -0.25127443636853
H           -7.07400557017325        1.54911852170863       -0.07261991129941
H            8.11047266694602        1.45649345306470        0.15228040062694
H            6.73060169825488        2.25602264805839        0.92075433775743
H            6.83537051655606        2.18039174911272       -0.83961336171176
H            5.96700237935422       -1.36208997357916        1.41594709318916
H            6.21036084754683        0.18051908685063        2.24596447439081
H            7.58509516322650       -0.65459540160443        1.50611814212135
H            7.74067551614820       -0.77045189527028       -1.06153426691269
H            6.11769313020386       -1.47060167253475       -1.11101384690528
H            6.47476031799926       -0.00478181095916       -2.03400259767601
48
 energy: -73.172726639865 gnorm: 0.000106328675 xtb: 6.7.1 (edcfbbe)
C            6.52871024674605       -0.43086421446394        1.40431038179643
C            6.28714693022111        0.31488677860954        0.09279732510922
C            7.04405852620398        1.64306069181269        0.08072594782599
C            6.68076865219254       -0.54051681032095       -1.11056716299159
O            4.88922404885378        0.71285732994194       -0.00983682960942
C            3.89806541159395       -0.18901089925694       -0.02790195721117
O            4.02815308067179       -1.40074988893799        0.03508740185895
N            2.71366635732269        0.43966260021805       -0.12423598692303
C            1.44703617153099       -0.25513498502994       -0.19167240733811
C            0.65217646887759        0.13028103966104       -1.45464471855632
C           -0.41113242938559        1.11398432307538       -0.97184759608284
C           -0.79718784133064        0.56854209681238        0.40891537528032
C            0.53971491504929        0.11760930414158        1.00236967420794
N           -1.74447430706286       -0.51760515626058        0.28121855895323
C           -1.51357159732189       -1.85620582374425        0.17566477465941
N           -2.58569820322898       -2.57419472624505        0.01811834005170
C           -3.62246698381026       -1.66969462780076        0.00142747260041
C           -3.09710563593267       -0.36606326694390        0.15723335151698
C           -3.97622654408166        0.71813526960660        0.15352499859289
C           -3.93700189001211        2.13294994495345        0.24665997990116
C           -5.22843639627276        2.56626178528335        0.15965007332926
N           -6.07298831392097        1.50511752383871        0.01659383731179
C           -5.34359338250162        0.35862201211585        0.00419014491247
N           -5.85465283595213       -0.86980699525650       -0.13391493873346
C           -4.99987415912020       -1.87119954345507       -0.13740526866427
H            2.72301998988098        1.44699272013667       -0.17889259758798
H            1.70811932343005       -1.31675559774145       -0.19154489394744
H            1.30205789218325        0.55502314309236       -2.21611342331740
H            0.17625291176507       -0.75692368381110       -1.87219775756710
H           -1.26730408535431        1.16822403623730       -1.64189669797832
H            0.00838951382336        2.11212890341957       -0.85758144768260
H           -1.28060059706534        1.32589947419642        1.03084797014079
H            0.41810591925077       -0.70529641474457        1.70292836121327
H            0.98660272103726        0.95134525198982        1.54198840615971
H           -0.53197067283051       -2.28254005133145        0.22536664019964
H           -3.06861781783627        2.75055057686796        0.35416763317335
H           -5.60707899118213        3.56843332360779        0.18989493916072
H           -5.41281448605111       -2.86214869081078       -0.25327300813029
H           -7.07398219911532        1.54922419267587       -0.07338669348517
H            8.11024521728358        1.45686839984049        0.15209047935367
H            6.73021387425638        2.25605592069200        0.92062094028566
H            6.83484701439190        2.18036445731256       -0.83974378032251
H            5.96788806428140       -1.36237268621843        1.41597733364191
H            6.21104962604042        0.18025611665853        2.24599241278949
H            7.58580647892895       -0.65441381549187        1.50566200749922
H            7.74040712229266       -0.76980502726844       -1.06251526369182
H            6.11772791306354       -1.47080262850878       -1.11075502419659
H            6.47335114039600       -0.00485483945515       -2.03406830080828
48
 energy: -73.172726877490 gnorm: 0.000104995716 xtb: 6.7.1 (edcfbbe)
C            6.52940345972681       -0.43090332154123        1.40423196846435
C            6.28712421000181        0.31485571834992        0.09285583947740
C            7.04385337691941        1.64313667752457        0.08051394720102
C            6.68016310140512       -0.54040140192397       -1.11080200830914
O            4.88912576421433        0.71268810691846       -0.00900677374569
C            3.89807465380573       -0.18929203552702       -0.02713560620979
O            4.02828923830226       -1.40099748767561        0.03607152980048
N            2.71369540677630        0.43930602469696       -0.12414334857756
C            1.44701957985736       -0.25540958072212       -0.19117251740673
C            0.65215938874901        0.12934085076648       -1.45435423183403
C           -0.41103596045992        1.11346321122279       -0.97210547841704
C           -0.79711793459566        0.56882746264666        0.40895720544149
C            0.53974387242660        0.11809714507252        1.00267163345305
N           -1.74445427421458       -0.51730196041037        0.28151993281885
C           -1.51340865959418       -1.85583035149221        0.17568266979846
N           -2.58540442191312       -2.57386817961672        0.01747532241075
C           -3.62224371143696       -1.66944503377940        0.00062463021661
C           -3.09704663582607       -0.36580090763429        0.15712701126188
C           -3.97623117634924        0.71836348446646        0.15367203803696
C           -3.93728815973105        2.13313693182660        0.24779095450714
C           -5.22874629985462        2.56630845659527        0.16040395118572
N           -6.07307569530843        1.50511817631005        0.01637792962718
C           -5.34348790588223        0.35876515212858        0.00357140262902
N           -5.85437867977038       -0.86962398644268       -0.13529852957159
C           -4.99957523075434       -1.87099634444598       -0.13888385533776
H            2.72308377361245        1.44662486215345       -0.17898322848116
H            1.70799208888545       -1.31705691403860       -0.19041241331280
H            1.30206630056389        0.55358482177774       -2.21607175724146
H            0.17614520764903       -0.75805661915042       -1.87139517013505
H           -1.26725753722623        1.16728448550567       -1.64213966000475
H            0.00853384352721        2.11166411802610       -0.85857271984688
H           -1.28048958519203        1.32648074311684        1.03055153822086
H            0.41811356117704       -0.70436184558681        1.70375779541464
H            0.98668028737391        0.95216625210120        1.54173317758245
H           -0.53177105151832       -2.28205090344068        0.22569939297101
H           -3.06907327410089        2.75080789421237        0.35626778849194
H           -5.60759093032671        3.56838990326424        0.19110564178956
H           -5.41253540633900       -2.86185858678655       -0.25535615130012
H           -7.07403749191691        1.54915137137183       -0.07398436488671
H            8.11007969641634        1.45713710776123        0.15170368006872
H            6.73004995581692        2.25614136431977        0.92042448235639
H            6.83436561087154        2.18033583961088       -0.83995287736599
H            5.96878684685757       -1.36253245370555        1.41613852656491
H            6.21196071373134        0.18014614869770        2.24605169759392
H            7.58658908271474       -0.65421581809912        1.50514385708649
H            7.73995956714848       -0.76912497320013       -1.06371075894435
H            6.11760320604983       -1.47098057478892       -1.11050426628112
H            6.47161438993041       -0.00483618673596       -2.03411082056168
48
 energy: -73.172727029749 gnorm: 0.000067711567 xtb: 6.7.1 (edcfbbe)
C            6.53011410500378       -0.43090289270541        1.40415822663396
C            6.28708397390209        0.31487809919351        0.09292887551023
C            7.04373246833184        1.64320466968796        0.08025318269637
C            6.67954189461543       -0.54023954919716       -1.11101031370269
O            4.88900357193270        0.71260664648361       -0.00816686187964
C            3.89805806385233       -0.18951271836835       -0.02653403793685
O            4.02839465250584       -1.40119430443417        0.03682005893513
N            2.71366585595743        0.43897807270734       -0.12393385665367
C            1.44699834010795       -0.25574797111694       -0.19063356458160
C            0.65222771077629        0.12842681670782       -1.45404063736541
C           -0.41083991755623        1.11297520975564       -0.97234004031565
C           -0.79705591715457        0.56908850384250        0.40898712339325
C            0.53971752359061        0.11848483131806        1.00298162648074
N           -1.74446807022643       -0.51701511360426        0.28183263156341
C           -1.51331216268535       -1.85550285439580        0.17581763117319
N           -2.58521259392271       -2.57355264074919        0.01702045041365
C           -3.62207583754261       -1.66917374107131       -0.00009811432565
C           -3.09703263886965       -0.36553149136820        0.15700934304875
C           -3.97626814995428        0.71859470223176        0.15373917767125
C           -3.93759308198752        2.13331437040393        0.24876548034036
C           -5.22908749831281        2.56635091432944        0.16133464930893
N           -6.07319779655499        1.50515470537596        0.01607382117182
C           -5.34343121964437        0.35891104225253        0.00285398116052
N           -5.85416726770614       -0.86944044107098       -0.13685946555627
C           -4.99930707543635       -1.87078200065277       -0.14035811050255
H            2.72306900744048        1.44628932551298       -0.17895445786436
H            1.70794804068672       -1.31740472017440       -0.18934140516593
H            1.30222003310685        0.55212449851319       -2.21599036308831
H            0.17606637407765       -0.75912131640052       -1.87059080682326
H           -1.26706044268258        1.16647294941353       -1.64240976006936
H            0.00881816822468        2.11119920849584       -0.85941752842604
H           -1.28037926077825        1.32706871295136        1.03020896000063
H            0.41793960475753       -0.70356674866018        1.70451214485474
H            0.98674850385541        0.95280200124648        1.54160320806196
H           -0.53165760873001       -2.28164202459388        0.22616254499609
H           -3.06954139012621        2.75107557425605        0.35805668785924
H           -5.60811510388602        3.56834720728369        0.19263070724007
H           -5.41223870566637       -2.86158490284621       -0.25740414310093
H           -7.07413892148146        1.54899240503851       -0.07461239722317
H            8.10998667849592        1.45727182629434        0.15120107051795
H            6.73009676411931        2.25626633224375        0.92018338143001
H            6.83399377936549        2.18030346970569       -0.84021284836488
H            5.96957042486789       -1.36257249457079        1.41630025531229
H            6.21299075209017        0.18010589170270        2.24613043669245
H            7.58736456941944       -0.65412194066426        1.50459001587731
H            7.73948156759232       -0.76847239935912       -1.06481160333922
H            6.11740406054144       -1.47106772575224       -1.11026278296470
H            6.46997033388736       -0.00476115149200       -2.03414356639437
48
 energy: -73.172727099661 gnorm: 0.000043893403 xtb: 6.7.1 (edcfbbe)
C            6.53064321654569       -0.43088512876907        1.40405687932311
C            6.28708493208409        0.31494008157975        0.09294671906447
C            7.04370033805116        1.64328456558594        0.07999714861241
C            6.67907062450575       -0.54011077052129       -1.11119015073171
O            4.88894713765184        0.71261773530501       -0.00755527836685
C            3.89806597106250       -0.18959826170022       -0.02604875866000
O            4.02848888560282       -1.40126700428458        0.03732965287065
N            2.71364355342742        0.43879454087936       -0.12358833315150
C            1.44700674497033       -0.25599861559369       -0.19013822975098
C            0.65233382817365        0.12771596525036       -1.45374314933221
C           -0.41062039054458        1.11261795167089       -0.97251402977760
C           -0.79701782640747        0.56925822921819        0.40897845997169
C            0.53963384382041        0.11868374359464        1.00326191418225
N           -1.74450838328945       -0.51681023660200        0.28203636225386
C           -1.51330608593737       -1.85529109690518        0.17593114883451
N           -2.58515330776772       -2.57332413495329        0.01671406019942
C           -3.62200659313581       -1.66895201468559       -0.00063326898119
C           -3.09704963110123       -0.36531932111106        0.15682398207042
C           -3.97633960428846        0.71876365124244        0.15366619665020
C           -3.93785421865206        2.13342646022335        0.24952910144823
C           -5.22935850257401        2.56639508727083        0.16194198621504
N           -6.07332726065571        1.50520698036481        0.01585444222847
C           -5.34344753451379        0.35902544283711        0.00227347042340
N           -5.85407834538122       -0.86929716445936       -0.13810406304170
C           -4.99915628551822       -1.87059932596071       -0.14150467244847
H            2.72302573680001        1.44609828180805       -0.17875664454782
H            1.70800332741465       -1.31764200316494       -0.18846089940245
H            1.30242271714154        0.55096829043456       -2.21585774803914
H            0.17604374258577       -0.75993415624217       -1.86993244685642
H           -1.26678433590184        1.16598725558559       -1.64267002604968
H            0.00916881687489        2.11081931503376       -0.85992008871699
H           -1.28031749393017        1.32752528383962        1.02986061621970
H            0.41765056770920       -0.70311541856527        1.70505395722312
H            0.98673427350614        0.95311642023909        1.54165956907385
H           -0.53166393505086       -2.28141471286436        0.22658567825399
H           -3.06992448533457        2.75124798581106        0.35946838052106
H           -5.60849790710076        3.56833348174793        0.19377034616347
H           -5.41199802568844       -2.86138536969323       -0.25901197343163
H           -7.07426550769213        1.54883486632035       -0.07497858636354
H            8.10996560609051        1.45732910192459        0.15070940559631
H            6.73027902164393        2.25640802192102        0.91995971418803
H            6.83377530903328        2.18032320558091       -0.84046107191226
H            5.97005569811066       -1.36252793796312        1.41640967222516
H            6.21390555072012        0.18011633882714        2.24617974994490
H            7.58792157995097       -0.65415513687159        1.50403471069056
H            7.73909831465939       -0.76803881645658       -1.06559712786521
H            6.11720449886030       -1.47109589618648       -1.11012695034539
H            6.46882798566884       -0.00469891684256       -2.03421081997577
