  48
 Etot=         -73.1348923295
 C         -5.5527843008       -0.6970545294        2.1439178714
 C         -5.8746846258       -0.9444020827        0.6781182076
 C         -6.2013068566       -2.4009536631        0.3662995175
 C         -6.8708215914        0.0406520215        0.0890236832
 O         -4.5777966540       -0.8174508441       -0.0928130010
 C         -3.8911799147        0.3537809550       -0.1435140694
 O         -4.2151102436        1.3932937103        0.4195342260
 N         -2.8094199728        0.2079461511       -1.0154672775
 C         -1.6882810506        1.1902525631       -0.9453306501
 C         -0.9875722750        1.2502759280       -2.3249037761
 C          0.5213499845        1.1388811623       -2.0690896290
 C          0.6705181700        0.4854244730       -0.6744430220
 C         -0.6266826703        0.7822008841        0.1065713447
 N          1.8723510595        1.0075344540        0.0224029848
 C          2.0589287286        2.3245732046        0.5211841762
 N          3.2917309688        2.4981040492        1.0331052524
 C          3.9617567528        1.2761206181        0.8550091919
 C          3.0843546714        0.3362602154        0.2097793481
 C          3.5692622345       -0.9535033539       -0.0910644953
 C          3.1012593858       -2.1494467395       -0.7108488945
 C          4.1474266419       -3.0674961248       -0.6906787426
 N          5.2697862076       -2.4936952379       -0.0747625522
 C          4.9384679348       -1.1909964201        0.3012169729
 N          5.7931935133       -0.2952867972        0.9348658379
 C          5.2984360550        0.9138154494        1.2027170678
 H         -2.5509265999       -0.7497833210       -1.2938454218
 H         -2.1252194421        2.1895998307       -0.6817540274
 H         -1.3244047823        0.4117712995       -2.9814981987
 H         -1.2323719194        2.2088530383       -2.8388336689
 H          0.9912341838        2.1508603383       -2.0848957287
 H          1.0156715620        0.5142247010       -2.8473874879
 H          0.7955625730       -0.6260659484       -0.7796409689
 H         -0.4921176419        1.6093551950        0.8416988744
 H         -0.9410732375       -0.1186534328        0.6841421115
 H          1.2797602475        3.0823664611        0.4798445637
 H          2.1256616644       -2.3170031291       -1.1259836047
 H          4.1704607798       -4.0805301055       -1.0708081598
 H          5.9534283905        1.6400483313        1.7051512103
 H          6.1697481769       -2.9382439049        0.0657617057
 H         -6.4410488733       -2.5277856589       -0.7139022164
 H         -7.0799315455       -2.7245917732        0.9707027143
 H         -5.3318763674       -3.0520829153        0.6160876964
 H         -5.2289705329        0.3594749154        2.2984025271
 H         -4.7341006611       -1.3730710677        2.4811438205
 H         -6.4557253598       -0.8883998883        2.7682586637
 H         -6.5384740058        1.0894425544        0.2750337104
 H         -6.9690830467       -0.1119402385       -1.0097325727
 H         -7.8695819056       -0.1076546437        0.5609433515
  48
 Etot=         -73.1622066918
 C         -5.5559741627       -0.6999788437        2.1357898068
 C         -5.8420362151       -0.9411721701        0.6586994167
 C         -6.2083389711       -2.3955178675        0.3738854953
 C         -6.8666287053        0.0331038534        0.0936264214
 O         -4.5605402815       -0.8015691545       -0.1031879866
 C         -3.8843250456        0.3590984455       -0.1595952819
 O         -4.1907973945        1.3878231958        0.4129110183
 N         -2.8066631279        0.2235682236       -0.9952602934
 C         -1.6904088765        1.1787555699       -0.9476740663
 C         -0.9852167882        1.2491559527       -2.3172631359
 C          0.5212553067        1.1395945583       -2.0607070469
 C          0.6882738714        0.5016702333       -0.6674165818
 C         -0.6192893655        0.7857393810        0.0953037129
 N          1.8839403042        0.9989312227        0.0201801037
 C          2.0819726906        2.2806940943        0.5158124874
 N          3.2805725577        2.4646108734        1.0157146268
 C          3.9460014346        1.2616367348        0.8438981139
 C          3.0790866353        0.3351340748        0.2067557060
 C          3.5687491283       -0.9461683561       -0.0894185521
 C          3.1127501827       -2.1424565454       -0.7048584662
 C          4.1508833515       -3.0359298272       -0.6778758066
 N          5.2476889121       -2.4612061870       -0.0705038983
 C          4.9219789843       -1.1784187556        0.2996799140
 N          5.7548341243       -0.3018894036        0.9204385675
 C          5.2658473404        0.8958177211        1.1850199441
 H         -2.5650629431       -0.7233133485       -1.2763864533
 H         -2.1368569533        2.1509922647       -0.6848470588
 H         -1.3282080710        0.4250097170       -2.9546182375
 H         -1.2324962555        2.1830529276       -2.8345128945
 H          0.9880584674        2.1324430408       -2.0693999538
 H          1.0165072519        0.5358237008       -2.8301286766
 H          0.8162177558       -0.5879220692       -0.7696719833
 H         -0.4837207793        1.5950184173        0.8222059915
 H         -0.9385249227       -0.0951104495        0.6679870273
 H          1.3163110552        3.0377904086        0.4800672224
 H          2.1412317790       -2.3223749011       -1.1222602271
 H          4.1825149781       -4.0446356181       -1.0520982585
 H          5.9255081384        1.6058047171        1.6806444124
 H          6.1434501304       -2.9054527584        0.0706468630
 H         -6.4381674569       -2.5240859954       -0.6875075516
 H         -7.0718040460       -2.7127935348        0.9649646068
 H         -5.3577429795       -3.0390647450        0.6167582498
 H         -5.2385451126        0.3359697030        2.2961016319
 H         -4.7537559912       -1.3625012520        2.4763317985
 H         -6.4450234796       -0.8868742803        2.7456429375
 H         -6.5494033818        1.0658857059        0.2727534865
 H         -6.9686595220       -0.1110564020       -0.9866496834
 H         -7.8456397421       -0.1146115884        0.5597409984
  48
 Etot=         -73.1674480952
 C         -5.5483183986       -0.6993246258        2.1252668182
 C         -5.8140115344       -0.9347845744        0.6402893182
 C         -6.2025527020       -2.3885927762        0.3715679951
 C         -6.8561505084        0.0330137370        0.0894531407
 O         -4.5501358092       -0.7910896857       -0.1099622952
 C         -3.8673142154        0.3577865112       -0.1522157458
 O         -4.1746690950        1.3912161081        0.4114616308
 N         -2.7902327821        0.2262846498       -0.9626086623
 C         -1.6869495163        1.1734622753       -0.9397705131
 C         -0.9850984564        1.2394862897       -2.3079703889
 C          0.5217056644        1.1491549354       -2.0526971868
 C          0.6938766125        0.5018740312       -0.6670473824
 C         -0.6096969081        0.7890628788        0.0989176872
 N          1.8795162762        0.9910773280        0.0102008688
 C          2.0862908042        2.2484856553        0.5040244908
 N          3.2639989648        2.4426541385        1.0034073578
 C          3.9272517564        1.2510561356        0.8322499237
 C          3.0635512656        0.3315004219        0.1978222634
 C          3.5557560106       -0.9439460172       -0.0942071012
 C          3.1095920328       -2.1424300746       -0.7066157325
 C          4.1530085161       -3.0166738770       -0.6693886859
 N          5.2300200489       -2.4367569895       -0.0662423610
 C          4.9020164734       -1.1687967557        0.2969227892
 N          5.7219833684       -0.3069914542        0.9080950387
 C          5.2369669864        0.8855294526        1.1706737473
 H         -2.5714656549       -0.7139215537       -1.2614866777
 H         -2.1395548202        2.1309733278       -0.6768314235
 H         -1.3218381651        0.4116584003       -2.9277127980
 H         -1.2348231405        2.1603563599       -2.8275830043
 H          0.9736362345        2.1401023619       -2.0476772591
 H          1.0210009646        0.5607011540       -2.8192732466
 H          0.8307267010       -0.5746903960       -0.7684917206
 H         -0.4702784619        1.5992698821        0.8104872997
 H         -0.9285912965       -0.0843362130        0.6658556021
 H          1.3285103616        3.0056851680        0.4761235375
 H          2.1423112647       -2.3339422182       -1.1264767660
 H          4.1985640244       -4.0228127836       -1.0371339638
 H          5.9003450112        1.5831363537        1.6622192940
 H          6.1247990024       -2.8744606668        0.0797725238
 H         -6.4357391857       -2.5205183882       -0.6797015338
 H         -7.0638939386       -2.6700578894        0.9652942941
 H         -5.3697615486       -3.0370007666        0.6247889873
 H         -5.2378374972        0.3286146504        2.2902478909
 H         -4.7601792751       -1.3623832597        2.4717335207
 H         -6.4464008697       -0.8892866231        2.7031292931
 H         -6.5487791339        1.0586621108        0.2726401472
 H         -6.9675012795       -0.1122456043       -0.9816101851
 H         -7.8138503423       -0.1367404403        0.5697776395
  48
 Etot=         -73.1682155901
 C         -5.5422183948       -0.6981494301        2.1182221146
 C         -5.7985042035       -0.9319784105        0.6307475763
 C         -6.1997295791       -2.3841880650        0.3701198438
 C         -6.8483823529        0.0323534339        0.0866816011
 O         -4.5445943492       -0.7893019421       -0.1172834871
 C         -3.8629716425        0.3597311863       -0.1548978382
 O         -4.1660175342        1.3928509571        0.4166125217
 N         -2.7768105710        0.2225853265       -0.9479236714
 C         -1.6814604718        1.1725443763       -0.9314223138
 C         -0.9880597884        1.2315077073       -2.3033021271
 C          0.5194439493        1.1597947472       -2.0488612289
 C          0.6945722917        0.4999720630       -0.6703150788
 C         -0.6010433555        0.7909454155        0.1048267997
 N          1.8752161920        0.9889246619        0.0046066353
 C          2.0780645595        2.2435211688        0.5002471473
 N          3.2574717566        2.4412147177        0.9995217191
 C          3.9200424639        1.2485118225        0.8289505498
 C          3.0564007101        0.3276928134        0.1924954016
 C          3.5455182068       -0.9474970215       -0.1000722219
 C          3.1034584199       -2.1483187616       -0.7122109647
 C          4.1524315169       -3.0185758839       -0.6690664209
 N          5.2244168470       -2.4338157053       -0.0646173895
 C          4.8922296453       -1.1678595067        0.2952481151
 N          5.7122114853       -0.3078486857        0.9064758484
 C          5.2279503382        0.8856733684        1.1687125188
 H         -2.5697113584       -0.7169581027       -1.2577387535
 H         -2.1370598871        2.1292136977       -0.6690912297
 H         -1.3167919000        0.3885992624       -2.9080040522
 H         -1.2507004045        2.1434474008       -2.8334065874
 H          0.9553629852        2.1585193377       -2.0248481662
 H          1.0310621503        0.5889623681       -2.8215982582
 H          0.8317183677       -0.5758797856       -0.7780961175
 H         -0.4521315970        1.6058876043        0.8090534508
 H         -0.9183536592       -0.0791145686        0.6771965310
 H          1.3209493339        3.0015148393        0.4721462959
 H          2.1385798191       -2.3451611945       -1.1341402404
 H          4.2058396388       -4.0249398218       -1.0332983290
 H          5.8920920644        1.5821023981        1.6578165608
 H          6.1205012100       -2.8651561827        0.0873378189
 H         -6.4308946488       -2.5221473541       -0.6812007199
 H         -7.0690249077       -2.6419657341        0.9654793174
 H         -5.3770777161       -3.0418243521        0.6348106734
 H         -5.2308314740        0.3291326317        2.2875862089
 H         -4.7603122577       -1.3656763100        2.4713206933
 H         -6.4507685331       -0.8877827695        2.6806943747
 H         -6.5458928043        1.0597472709        0.2700362526
 H         -6.9675112205       -0.1122852558       -0.9839008795
 H         -7.7988755306       -0.1495050494        0.5780679719
  48
 Etot=         -73.1687583183
 C         -5.5360009254       -0.6970100231        2.1087836584
 C         -5.7849328203       -0.9297074326        0.6188222801
 C         -6.2002171206       -2.3799638247        0.3674848463
 C         -6.8408268617        0.0335164944        0.0817471515
 O         -4.5425244342       -0.7913910846       -0.1236992305
 C         -3.8523438985        0.3541082146       -0.1416927827
 O         -4.1614615448        1.3910515595        0.4229082896
 N         -2.7607866117        0.2108306619       -0.9202766692
 C         -1.6779037634        1.1694615702       -0.9222686221
 C         -0.9937412743        1.2171174684       -2.2985972602
 C          0.5141827107        1.1844485496       -2.0438297386
 C          0.6971284672        0.5029529416       -0.6773332600
 C         -0.5895933703        0.7961593041        0.1084840136
 N          1.8745671185        0.9884464264       -0.0039043612
 C          2.0725818302        2.2420130957        0.4923321353
 N          3.2527457199        2.4390757162        0.9986202134
 C          3.9158330339        1.2457149916        0.8251945650
 C          3.0522674212        0.3235943619        0.1851569166
 C          3.5352918966       -0.9528935714       -0.1081793198
 C          3.0980670605       -2.1568347439       -0.7195718464
 C          4.1512539671       -3.0250124177       -0.6691593641
 N          5.2187252885       -2.4355596108       -0.0619447146
 C          4.8824363537       -1.1696313994        0.2937627750
 N          5.7042118167       -0.3109906952        0.9056218395
 C          5.2220137877        0.8855735292        1.1672532012
 H         -2.5675075760       -0.7262363594       -1.2467993269
 H         -2.1360438617        2.1262889270       -0.6600671506
 H         -1.3023283931        0.3469371713       -2.8786472323
 H         -1.2812462163        2.1097577349       -2.8518722142
 H          0.9181032832        2.1980354283       -1.9902546640
 H          1.0490422078        0.6476518202       -2.8279943686
 H          0.8301431098       -0.5730924031       -0.7994694428
 H         -0.4299956941        1.6181126798        0.8030891355
 H         -0.9021012217       -0.0678347152        0.6933962147
 H          1.3160862454        3.0015625153        0.4649208633
 H          2.1364711910       -2.3596950020       -1.1451332771
 H          4.2126268039       -4.0321356406       -1.0294154806
 H          5.8858933304        1.5801960550        1.6578356922
 H          6.1167742428       -2.8587105919        0.0994079142
 H         -6.4215332041       -2.5281856280       -0.6854025145
 H         -7.0821606660       -2.6109160015        0.9573855491
 H         -5.3929159646       -3.0500061397        0.6523600223
 H         -5.2184269232        0.3282730171        2.2830476382
 H         -4.7627551363       -1.3711856992        2.4705536096
 H         -6.4540890422       -0.8809058381        2.6579176534
 H         -6.5414572511        1.0627071256        0.2643292218
 H         -6.9691800995       -0.1101642007       -0.9885710228
 H         -7.7845692017       -0.1565036529        0.5833869305
  48
 Etot=         -73.1690584001
 C         -5.5349841513       -0.6971670404        2.1059599706
 C         -5.7837828064       -0.9307275587        0.6155116573
 C         -6.2053336169       -2.3796613817        0.3670620671
 C         -6.8401233401        0.0339398280        0.0796549756
 O         -4.5480191705       -0.7947404569       -0.1283044201
 C         -3.8553810094        0.3509875271       -0.1422423573
 O         -4.1608742718        1.3863986541        0.4275644436
 N         -2.7544033337        0.2003977540       -0.9043499644
 C         -1.6770635989        1.1632985828       -0.9169872778
 C         -0.9991067694        1.2030173890       -2.2963890474
 C          0.5083799532        1.2095880788       -2.0404145093
 C          0.7006501147        0.5120420737       -0.6835251522
 C         -0.5813813828        0.8017178109        0.1104442481
 N          1.8799922809        0.9910802946       -0.0101594245
 C          2.0772388286        2.2437174277        0.4888467153
 N          3.2583604053        2.4385708684        0.9959233132
 C          3.9189194185        1.2433379147        0.8247545713
 C          3.0553684467        0.3227959922        0.1808594130
 C          3.5340312439       -0.9554953677       -0.1121693815
 C          3.0981065272       -2.1602718132       -0.7230911070
 C          4.1502122952       -3.0300265510       -0.6687133176
 N          5.2168784148       -2.4406671256       -0.0595118921
 C          4.8804687054       -1.1734343057        0.2941676850
 N          5.7035638120       -0.3166789209        0.9076891375
 C          5.2235036223        0.8816779697        1.1699401898
 H         -2.5683668985       -0.7345918315       -1.2398575236
 H         -2.1372086750        2.1208503836       -0.6591182202
 H         -1.2863221812        0.3125516840       -2.8587409193
 H         -1.3085874202        2.0775988568       -2.8682081554
 H          0.8830052633        2.2344685939       -1.9678701800
 H          1.0613908911        0.7013045732       -2.8321272504
 H          0.8298419251       -0.5636198331       -0.8196454671
 H         -0.4200529341        1.6292297371        0.7985406665
 H         -0.8864032959       -0.0593209733        0.7042935923
 H          1.3227069471        3.0055179081        0.4606444468
 H          2.1381001876       -2.3647492801       -1.1514105753
 H          4.2127345728       -4.0378776154       -1.0269732863
 H          5.8886028807        1.5760880505        1.6596484005
 H          6.1153316827       -2.8607363575        0.1081947060
 H         -6.4139837563       -2.5328890170       -0.6881285963
 H         -7.0962797143       -2.6007061044        0.9462482239
 H         -5.4068911995       -3.0542659486        0.6663133357
 H         -5.2104630737        0.3264249496        2.2790051953
 H         -4.7662073840       -1.3758122421        2.4694648914
 H         -6.4544686327       -0.8736762237        2.6542680959
 H         -6.5380841788        1.0630118481        0.2599544308
 H         -6.9710298436       -0.1101690839       -0.9905383576
 H         -7.7827819701       -0.1533090345        0.5832404767
  48
 Etot=         -73.1695775973
 C         -5.5388869018       -0.6993907946        2.1034380330
 C         -5.7920410495       -0.9341522410        0.6130910375
 C         -6.2202908939       -2.3812736278        0.3670950950
 C         -6.8452266636        0.0355213769        0.0767450550
 O         -4.5607204730       -0.8033329765       -0.1320890957
 C         -3.8573931727        0.3396333645       -0.1345728077
 O         -4.1640471427        1.3760707322        0.4311710605
 N         -2.7451566697        0.1767559873       -0.8744480574
 C         -1.6772578383        1.1488240350       -0.9113460792
 C         -1.0084026241        1.1749948746       -2.2951191839
 C          0.4967236985        1.2613344667       -2.0357991919
 C          0.7091685769        0.5364577848       -0.6969287382
 C         -0.5672136214        0.8129644261        0.1107697194
 N          1.8954574553        1.0000394709       -0.0229908986
 C          2.0964350740        2.2510538675        0.4810730434
 N          3.2764963664        2.4374166803        0.9940867604
 C          3.9314128095        1.2395220503        0.8232190026
 C          3.0661741873        0.3240283014        0.1737400537
 C          3.5376398904       -0.9580322225       -0.1172056630
 C          3.1007937233       -2.1623635068       -0.7276087888
 C          4.1474086029       -3.0379235267       -0.6671117324
 N          5.2147544979       -2.4527112273       -0.0540203008
 C          4.8816678415       -1.1822492292        0.2962803153
 N          5.7075379010       -0.3299687782        0.9128700976
 C          5.2330437991        0.8716473024        1.1738884677
 H         -2.5675223866       -0.7538155702       -1.2233357920
 H         -2.1415956920        2.1073963092       -0.6632056635
 H         -1.2502585157        0.2487607597       -2.8252916988
 H         -1.3610431843        2.0131192164       -2.8994910695
 H          0.8127395156        2.3054329932       -1.9315394428
 H          1.0828225209        0.8065251149       -2.8381568737
 H          0.8320997020       -0.5373104991       -0.8604338651
 H         -0.4102784176        1.6510073103        0.7875253238
 H         -0.8534358672       -0.0452851311        0.7189585604
 H          1.3464017010        3.0173382571        0.4525189732
 H          2.1425794430       -2.3661143768       -1.1607546033
 H          4.2072430766       -4.0470142108       -1.0229177493
 H          5.8986752896        1.5628732378        1.6685477338
 H          6.1123691646       -2.8709057857        0.1238486843
 H         -6.4008345627       -2.5409280481       -0.6932056953
 H         -7.1281678572       -2.5914764484        0.9222166283
 H         -5.4355242230       -3.0599598461        0.6923379377
 H         -5.2001994824        0.3208433542        2.2717340929
 H         -4.7766419533       -1.3858666578        2.4664186054
 H         -6.4578107053       -0.8615051586        2.6561355578
 H         -6.5338384735        1.0629420937        0.2524621038
 H         -6.9766936653       -0.1112757238       -0.9932305024
 H         -7.7893589908       -0.1406270964        0.5803500171
  48
 Etot=         -73.1700541655
 C         -5.5481882104       -0.7031161721        2.1047527488
 C         -5.8080900072       -0.9387069670        0.6155138039
 C         -6.2379720154       -2.3846827464        0.3676628692
 C         -6.8544867668        0.0368493840        0.0751908747
 O         -4.5738228778       -0.8125955310       -0.1321815134
 C         -3.8612093446        0.3271802734       -0.1299275242
 O         -4.1686893518        1.3653414438        0.4298068678
 N         -2.7394189193        0.1530459720       -0.8515333029
 C         -1.6775232551        1.1318375327       -0.9083503443
 C         -1.0137741801        1.1502258523       -2.2942109546
 C          0.4851387168        1.3074714279       -2.0332994439
 C          0.7196944470        0.5643691619       -0.7096155442
 C         -0.5542344026        0.8222447962        0.1094874548
 N          1.9142959138        1.0134428382       -0.0361747847
 C          2.1229768695        2.2625047930        0.4732590817
 N          3.3011335863        2.4388321939        0.9910750625
 C          3.9479864734        1.2370049328        0.8224970937
 C          3.0803287830        0.3289976812        0.1670924493
 C          3.5464404247       -0.9568307203       -0.1199474577
 C          3.1046367188       -2.1587888519       -0.7302549967
 C          4.1430758274       -3.0425591947       -0.6649985737
 N          5.2129657540       -2.4649039794       -0.0483270026
 C          4.8867510832       -1.1911436232        0.2998068614
 N          5.7148158273       -0.3442280887        0.9207659921
 C          5.2459465111        0.8593161779        1.1804132577
 H         -2.5650983137       -0.7740585774       -1.2084580990
 H         -2.1460778677        2.0908267271       -0.6704636586
 H         -1.2118904513        0.2010061380       -2.8002789860
 H         -1.4013498011        1.9546449422       -2.9207304951
 H          0.7482118036        2.3628192973       -1.9089834634
 H          1.0933072985        0.8979604590       -2.8414589089
 H          0.8392931166       -0.5060623283       -0.8969065583
 H         -0.4082038817        1.6691335225        0.7776313506
 H         -0.8193457854       -0.0365847364        0.7264137126
 H          1.3777365971        3.0331334087        0.4447681753
 H          2.1467099246       -2.3572980969       -1.1672112951
 H          4.1955564251       -4.0526908441       -1.0198159320
 H          5.9133803233        1.5479023860        1.6774814478
 H          6.1077175412       -2.8865511671        0.1363629020
 H         -6.3918100142       -2.5478354514       -0.6966481660
 H         -7.1603628656       -2.5913349719        0.8986785531
 H         -5.4638895220       -3.0643095313        0.7143191501
 H         -5.1980673702        0.3141082573        2.2679834573
 H         -4.7902998044       -1.3956743126        2.4648754226
 H         -6.4644164993       -0.8535736914        2.6651114575
 H         -6.5330618819        1.0620510048        0.2462039576
 H         -6.9847608018       -0.1140484350       -0.9943542874
 H         -7.8022519647       -0.1256519018        0.5766957548
  48
 Etot=         -73.1703939550
 C         -5.5602604620       -0.7069085024        2.1066343515
 C         -5.8222468360       -0.9417269290        0.6181582618
 C         -6.2537378747       -2.3868268419        0.3677429987
 C         -6.8621153946        0.0378520806        0.0738792599
 O         -4.5797392079       -0.8207743336       -0.1283891136
 C         -3.8594751874        0.3142513227       -0.1244902032
 O         -4.1703289293        1.3572108599        0.4236635197
 N         -2.7322946565        0.1323130140       -0.8349651791
 C         -1.6747203528        1.1154914269       -0.9057679457
 C         -1.0139396411        1.1315421509       -2.2929001762
 C          0.4765676501        1.3407497578       -2.0323912033
 C          0.7311934903        0.5873414164       -0.7197544329
 C         -0.5418898167        0.8254619881        0.1083924069
 N          1.9304362431        1.0287644296       -0.0484983762
 C          2.1478235886        2.2754789062        0.4643012426
 N          3.3231316295        2.4423637038        0.9885143982
 C          3.9628263342        1.2372400214        0.8191335243
 C          3.0915358542        0.3362066218        0.1606781877
 C          3.5539678529       -0.9524087309       -0.1220636578
 C          3.1051160048       -2.1510647825       -0.7332782149
 C          4.1358579796       -3.0428723748       -0.6630916892
 N          5.2077126500       -2.4734076746       -0.0427009028
 C          4.8900474833       -1.1972159749        0.3029942214
 N          5.7200643548       -0.3554010354        0.9274878808
 C          5.2572250183        0.8501258132        1.1825901252
 H         -2.5580731756       -0.7934887097       -1.1944451643
 H         -2.1480172938        2.0733807810       -0.6748324991
 H         -1.1775546687        0.1697325428       -2.7812597667
 H         -1.4273391661        1.9095674456       -2.9309927618
 H          0.6976827698        2.4011074490       -1.8936213106
 H          1.0972199940        0.9658310437       -2.8444490404
 H          0.8535365425       -0.4788210494       -0.9225179398
 H         -0.4072120069        1.6773727024        0.7720055408
 H         -0.7884254897       -0.0361602660        0.7275911656
 H          1.4071913081        3.0500111576        0.4345716358
 H          2.1467614757       -2.3415974322       -1.1731493615
 H          4.1802614045       -4.0535937463       -1.0175877816
 H          5.9244166346        1.5332113694        1.6875231358
 H          6.0981016291       -2.9026343688        0.1453180778
 H         -6.3884589829       -2.5518092488       -0.6980278239
 H         -7.1870693637       -2.5893805842        0.8814306348
 H         -5.4892676697       -3.0684525142        0.7302171683
 H         -5.2049376396        0.3081474204        2.2685365731
 H         -4.8058627581       -1.4032702726        2.4660889083
 H         -6.4762131595       -0.8522125418        2.6694858941
 H         -6.5346217999        1.0613087782        0.2412867077
 H         -6.9931379152       -0.1171692417       -0.9947383497
 H         -7.8119346339       -0.1158463641        0.5754055400
  48
 Etot=         -73.1705944475
 C         -5.5747409643       -0.7103407545        2.1073270180
 C         -5.8330262033       -0.9440094481        0.6188101512
 C         -6.2707984053       -2.3871237532        0.3666053563
 C         -6.8660255667        0.0393560771        0.0708362320
 O         -4.5820711758       -0.8307912503       -0.1229225988
 C         -3.8546765471        0.2982937940       -0.1179848681
 O         -4.1686743921        1.3483229731        0.4161328879
 N         -2.7196228680        0.1068095257       -0.8134936702
 C         -1.6686318115        1.0955448933       -0.8997697455
 C         -1.0137573500        1.1062855092       -2.2902590753
 C          0.4679828368        1.3816732588       -2.0297372092
 C          0.7467499370        0.6114401992       -0.7317289153
 C         -0.5243021015        0.8252556241        0.1082090681
 N          1.9479089458        1.0484046428       -0.0637077453
 C          2.1735284999        2.2917177946        0.4528850469
 N          3.3473169887        2.4491641108        0.9823838469
 C          3.9773035091        1.2382587171        0.8157558812
 C          3.1021642741        0.3457553413        0.1513088083
 C          3.5582404626       -0.9461834560       -0.1271400033
 C          3.1008629207       -2.1411724063       -0.7397951182
 C          4.1234769629       -3.0420658265       -0.6622749569
 N          5.1964292856       -2.4817156745       -0.0365087730
 C          4.8889530681       -1.2030899878        0.3059515393
 N          5.7215003789       -0.3682867327        0.9363231909
 C          5.2659176886        0.8397493904        1.1881980960
 H         -2.5462412717       -0.8191873886       -1.1728688202
 H         -2.1477606509        2.0519574455       -0.6753626528
 H         -1.1346342934        0.1220454813       -2.7519035570
 H         -1.4639298105        1.8511829749       -2.9472658940
 H          0.6359239197        2.4511535150       -1.8664925070
 H          1.1087922347        1.0519059524       -2.8491509809
 H          0.8761101788       -0.4498804944       -0.9532723830
 H         -0.3992966584        1.6808596944        0.7686314600
 H         -0.7495449603       -0.0404815644        0.7287506029
 H          1.4380846511        3.0709220546        0.4213552147
 H          2.1425767856       -2.3219185883       -1.1837533974
 H          4.1598259546       -4.0534389546       -1.0155403510
 H          5.9363459450        1.5186762489        1.6935340627
 H          6.0809510348       -2.9211301500        0.1556971662
 H         -6.3861306837       -2.5555814444       -0.7003739721
 H         -7.2166202415       -2.5780780447        0.8639173079
 H         -5.5200882699       -3.0743431059        0.7481699797
 H         -5.2160628988        0.3028309432        2.2709984995
 H         -4.8255846794       -1.4106545982        2.4699186958
 H         -6.4942990261       -0.8525072453        2.6660220731
 H         -6.5339369590        1.0616150804        0.2341225363
 H         -7.0010573930       -0.1198482122       -0.9964421228
 H         -7.8156274710       -0.1083314774        0.5756230616
  48
 Etot=         -73.1707363295
 C         -5.5907499501       -0.7129676996        2.1098319405
 C         -5.8396612977       -0.9457660041        0.6209810453
 C         -6.2820489594       -2.3868455370        0.3646557213
 C         -6.8648967571        0.0399144216        0.0674257079
 O         -4.5766307313       -0.8394654674       -0.1130358144
 C         -3.8494154478        0.2852841440       -0.1158200336
 O         -4.1640885664        1.3420417329        0.4067547397
 N         -2.7095928527        0.0900559772       -0.8047615638
 C         -1.6602706320        1.0797542013       -0.8935100329
 C         -1.0079011215        1.0937541048       -2.2858977321
 C          0.4622995516        1.3967431484       -2.0292655972
 C          0.7607422984        0.6254515100       -0.7376768702
 C         -0.5106538076        0.8156469353        0.1088205150
 N          1.9602703046        1.0688416884       -0.0744844733
 C          2.1925477887        2.3098584770        0.4426217859
 N          3.3656924148        2.4607049180        0.9750612745
 C          3.9878405236        1.2445156861        0.8116387131
 C          3.1087886452        0.3585712327        0.1443995184
 C          3.5595261559       -0.9357160437       -0.1308206602
 C          3.0921865294       -2.1263143749       -0.7460077789
 C          4.1069545154       -3.0358109101       -0.6629372659
 N          5.1811078211       -2.4849203218       -0.0316225157
 C          4.8849611891       -1.2041876496        0.3083791030
 N          5.7198630918       -0.3748018021        0.9435796991
 C          5.2712458609        0.8359916299        1.1911811524
 H         -2.5308283564       -0.8398328359       -1.1523850361
 H         -2.1421461328        2.0343926495       -0.6695264832
 H         -1.1074762036        0.1099794680       -2.7378542419
 H         -1.4704281575        1.8212775676       -2.9435640067
 H          0.6078898749        2.4598606194       -1.8604987097
 H          1.1009988098        1.0859244469       -2.8496459476
 H          0.9029153617       -0.4314661531       -0.9665036443
 H         -0.3937905699        1.6671148754        0.7752006203
 H         -0.7210091412       -0.0580846301        0.7212644969
 H          1.4606953985        3.0923378904        0.4083460991
 H          2.1334205025       -2.2946845713       -1.1933694756
 H          4.1346388036       -4.0472797954       -1.0162725353
 H          5.9446331313        1.5106131858        1.6974785750
 H          6.0584317558       -2.9393068187        0.1595110988
 H         -6.3922088981       -2.5556637277       -0.7007596085
 H         -7.2303830087       -2.5717119230        0.8572095558
 H         -5.5394577711       -3.0776081282        0.7514066070
 H         -5.2372958136        0.3007273041        2.2781773057
 H         -4.8433287615       -1.4119903997        2.4776075320
 H         -6.5147368793       -0.8601219468        2.6605662083
 H         -6.5313036494        1.0616858242        0.2274790962
 H         -7.0036642328       -0.1226255924       -0.9985127569
 H         -7.8138788194       -0.1048506225        0.5748731392
  48
 Etot=         -73.1708431670
 C         -5.5972302444       -0.7135805112        2.1096233906
 C         -5.8398488100       -0.9471185857        0.6197496491
 C         -6.2879483308       -2.3864726179        0.3640694378
 C         -6.8612266794        0.0411229311        0.0631899431
 O         -4.5757045128       -0.8458509218       -0.1091373681
 C         -3.8468982340        0.2773464536       -0.1114464110
 O         -4.1605083209        1.3363641725        0.4075245809
 N         -2.7027349645        0.0778117976       -0.7924348108
 C         -1.6560344636        1.0692708730       -0.8880434037
 C         -1.0086235965        1.0805748017       -2.2828494227
 C          0.4577722378        1.4143550890       -2.0279515376
 C          0.7681866928        0.6344501525       -0.7437106389
 C         -0.5007246932        0.8109832755        0.1097614020
 N          1.9672539513        1.0786642460       -0.0812403876
 C          2.2010160249        2.3188385992        0.4364280103
 N          3.3737142039        2.4655394674        0.9729302324
 C          3.9937622172        1.2484204254        0.8073639522
 C          3.1122317015        0.3642586314        0.1406770458
 C          3.5568901012       -0.9320646396       -0.1340768688
 C          3.0864900876       -2.1210588056       -0.7503541160
 C          4.0970469327       -3.0349474436       -0.6632616167
 N          5.1713461618       -2.4884822647       -0.0279197204
 C          4.8800549808       -1.2056649084        0.3094229918
 N          5.7176870264       -0.3788431802        0.9448544982
 C          5.2751189471        0.8359494049        1.1879994283
 H         -2.5243455077       -0.8537303208       -1.1361061944
 H         -2.1383525071        2.0241661434       -0.6650994733
 H         -1.0896744526        0.0870133117       -2.7231502070
 H         -1.4872091885        1.7929636746       -2.9495861358
 H          0.5784644595        2.4828912821       -1.8456359809
 H          1.1061798764        1.1259168671       -2.8534364006
 H          0.9151178645       -0.4204848770       -0.9827192077
 H         -0.3860494067        1.6613161878        0.7786087675
 H         -0.7016938252       -0.0666266046        0.7209067183
 H          1.4715251907        3.1037255779        0.4007112951
 H          2.1289005683       -2.2853430514       -1.2015380505
 H          4.1220045282       -4.0466799327       -1.0158884652
 H          5.9474024556        1.5045436320        1.7044465764
 H          6.0457622823       -2.9475133680        0.1654986156
 H         -6.3910127838       -2.5570662124       -0.7027670036
 H         -7.2419179478       -2.5633854720        0.8501684861
 H         -5.5519525838       -3.0809726361        0.7585188786
 H         -5.2437610410        0.3003464029        2.2788903909
 H         -4.8517120635       -1.4126423710        2.4815040798
 H         -6.5240304889       -0.8595374401        2.6558518972
 H         -6.5238566334        1.0623747568        0.2205555167
 H         -7.0006548998       -0.1230532698       -1.0024348519
 H         -7.8104185029       -0.0990680385        0.5712509548
  48
 Etot=         -73.1709152842
 C         -5.6013323660       -0.7131024057        2.1095080939
 C         -5.8362709330       -0.9481113594        0.6181136506
 C         -6.2890467450       -2.3859820258        0.3633269374
 C         -6.8536601379        0.0427650288        0.0571808837
 O         -4.5722023081       -0.8509751783       -0.1036668741
 C         -3.8430238343        0.2721762259       -0.1045230810
 O         -4.1561873573        1.3322598284        0.4121941260
 N         -2.6986945113        0.0718187066       -0.7842421104
 C         -1.6526369808        1.0632762950       -0.8828545877
 C         -1.0099341608        1.0745906929       -2.2796273174
 C          0.4543157331        1.4202030250       -2.0274705288
 C          0.7721438232        0.6374415777       -0.7468648431
 C         -0.4944089167        0.8032853040        0.1108696496
 N          1.9700779131        1.0851803466       -0.0847780975
 C          2.2027881373        2.3252345248        0.4329361624
 N          3.3766926965        2.4713753289        0.9685131116
 C          3.9950689107        1.2527814168        0.8066806436
 C          3.1133204208        0.3696475315        0.1384024650
 C          3.5519221276       -0.9282105932       -0.1369684325
 C          3.0800503636       -2.1161925606       -0.7538568311
 C          4.0876531155       -3.0327122460       -0.6644865014
 N          5.1622626273       -2.4890271524       -0.0265538381
 C          4.8736514288       -1.2048600836        0.3098707416
 N          5.7128089695       -0.3802115083        0.9463455100
 C          5.2740765323        0.8367108695        1.1901924852
 H         -2.5189505282       -0.8622426874       -1.1210092704
 H         -2.1333869053        2.0187441757       -0.6577225323
 H         -1.0834594960        0.0767343798       -2.7149561193
 H         -1.4964453920        1.7803760651       -2.9498430033
 H          0.5670210920        2.4893322455       -1.8408988450
 H          1.1038446885        1.1396882609       -2.8550902078
 H          0.9240773642       -0.4161376989       -0.9906390326
 H         -0.3802734341        1.6486689928        0.7868603398
 H         -0.6909033523       -0.0797118557        0.7166026349
 H          1.4742288766        3.1111247216        0.3969139105
 H          2.1237821394       -2.2786815214       -1.2081709484
 H          4.1111730112       -4.0447221988       -1.0163089802
 H          5.9503781279        1.5050862072        1.7014886438
 H          6.0346102619       -2.9510643308        0.1682372944
 H         -6.3919064308       -2.5568389898       -0.7044037566
 H         -7.2443809019       -2.5586167995        0.8479651915
 H         -5.5556186002       -3.0829131633        0.7585509707
 H         -5.2500704378        0.3020310662        2.2794053544
 H         -4.8558693572       -1.4100986020        2.4857245301
 H         -6.5303412355       -0.8596210759        2.6512249497
 H         -6.5121451066        1.0632824666        0.2129307742
 H         -6.9907135184       -0.1225506589       -1.0086693933
 H         -7.8042816038       -0.0922099044        0.5632845439
  48
 Etot=         -73.1709695256
 C         -5.6078571541       -0.7114493461        2.1110447017
 C         -5.8322250551       -0.9492157540        0.6178160954
 C         -6.2896481409       -2.3854667616        0.3631461224
 C         -6.8424988221        0.0451356398        0.0479389518
 O         -4.5664013568       -0.8574140682       -0.0939071251
 C         -3.8391483768        0.2672345890       -0.0969924943
 O         -4.1509919616        1.3278863067        0.4187264110
 N         -2.6954026459        0.0661213063       -0.7774213036
 C         -1.6485362927        1.0557214628       -0.8759421966
 C         -1.0115264492        1.0698731630       -2.2747878665
 C          0.4506029698        1.4224119999       -2.0280821836
 C          0.7767843934        0.6385399379       -0.7506778330
 C         -0.4873969143        0.7893859499        0.1118573280
 N          1.9727552640        1.0930635537       -0.0894548809
 C          2.2043403053        2.3334597057        0.4274983511
 N          3.3783506353        2.4785976758        0.9647244956
 C          3.9966873177        1.2599337111        0.8038265275
 C          3.1145218376        0.3771783281        0.1357468369
 C          3.5461397005       -0.9224214560       -0.1397837492
 C          3.0719986027       -2.1088795106       -0.7573723964
 C          4.0758062267       -3.0288604746       -0.6651201368
 N          5.1511516212       -2.4887730109       -0.0244540439
 C          4.8661629740       -1.2028263456        0.3103404385
 N          5.7071937964       -0.3800079909        0.9464001955
 C          5.2737582226        0.8398649719        1.1884998531
 H         -2.5120865781       -0.8718840269       -1.1024316405
 H         -2.1264549706        2.0117992696       -0.6463097784
 H         -1.0825181741        0.0739099264       -2.7101838772
 H         -1.5026991455        1.7729219412       -2.9416037580
 H          0.5581123246        2.4913607269       -1.8390004775
 H          1.0985057113        1.1476672533       -2.8587170373
 H          0.9374253605       -0.4128755738       -0.9979633239
 H         -0.3751558298        1.6259050923        0.8001538155
 H         -0.6794074187       -0.1025544392        0.7066034197
 H          1.4763356463        3.1198589183        0.3915319449
 H          2.1171048429       -2.2692299320       -1.2153531527
 H          4.0969456751       -4.0411829873       -1.0162394637
 H          5.9526148239        1.5050696184        1.7009001448
 H          6.0209068725       -2.9548534188        0.1715786848
 H         -6.3955961846       -2.5556077791       -0.7048629503
 H         -7.2441229102       -2.5559000485        0.8485363774
 H         -5.5572016039       -3.0844428298        0.7557582439
 H         -5.2609044160        0.3054878485        2.2813433532
 H         -4.8615678077       -1.4048318953        2.4925409557
 H         -6.5392150740       -0.8602497776        2.6473471787
 H         -6.4955935019        1.0643506422        0.2019992135
 H         -6.9737008713       -0.1226361387       -1.0184124268
 H         -7.7965436588       -0.0821552896        0.5489329217
  48
 Etot=         -73.1709952281
 C         -5.6165113691       -0.7107895593        2.1132372093
 C         -5.8336230502       -0.9501991969        0.6190665143
 C         -6.2937382866       -2.3853975622        0.3632923592
 C         -6.8366838146        0.0469163295        0.0406113695
 O         -4.5627163554       -0.8631387534       -0.0846941892
 C         -3.8357793396        0.2619769813       -0.0903240662
 O         -4.1484957615        1.3240086515        0.4220575249
 N         -2.6919977075        0.0591386176       -0.7703996257
 C         -1.6453396100        1.0485057483       -0.8705200604
 C         -1.0136555804        1.0653041897       -2.2716434383
 C          0.4459358442        1.4308947446       -2.0283734296
 C          0.7823768868        0.6444292849       -0.7553446333
 C         -0.4803595376        0.7802706262        0.1122174608
 N          1.9780077037        1.1014831505       -0.0954754407
 C          2.2107655623        2.3410406982        0.4230140080
 N          3.3844491093        2.4840041663        0.9612934936
 C          4.0007333914        1.2640035381        0.8020253873
 C          3.1180479543        0.3835762084        0.1320399251
 C          3.5453779891       -0.9175778010       -0.1421903901
 C          3.0679279468       -2.1023951008       -0.7602253853
 C          4.0680063232       -3.0262205147       -0.6650668614
 N          5.1442768044       -2.4899073124       -0.0225767312
 C          4.8633798204       -1.2026524872        0.3108840985
 N          5.7054271053       -0.3821292852        0.9483072223
 C          5.2757685421        0.8390422293        1.1892511251
 H         -2.5058194092       -0.8809138461       -1.0883102350
 H         -2.1223873620        2.0043263255       -0.6382552923
 H         -1.0755809565        0.0654890099       -2.7028316606
 H         -1.5152216397        1.7615787609       -2.9395260571
 H          0.5459016338        2.4986735761       -1.8382867621
 H          1.0924736862        1.1630025866       -2.8604744390
 H          0.9498263196       -0.4044167954       -1.0085760633
 H         -0.3717108034        1.6104757689        0.8088060242
 H         -0.6653954974       -0.1192671627        0.6981068914
 H          1.4838004545        3.1283173083        0.3869408460
 H          2.1134195223       -2.2600530093       -1.2203068113
 H          4.0856116073       -4.0389059721       -1.0155830569
 H          5.9569677060        1.5020937891        1.7012224412
 H          6.0115765210       -2.9599465567        0.1752932684
 H         -6.3979407978       -2.5551074523       -0.7048875249
 H         -7.2495755769       -2.5543450791        0.8466146001
 H         -5.5632786666       -3.0859084654        0.7572438440
 H         -5.2714781182        0.3065957240        2.2838786672
 H         -4.8707056417       -1.4028958267        2.4980413763
 H         -6.5496759626       -0.8607393633        2.6460815875
 H         -6.4859951232        1.0648564445        0.1935592169
 H         -6.9623161210       -0.1237908688       -1.0259824609
 H         -7.7942725355       -0.0742858035        0.5364866199
