    -73.172719939502    -73.172719939502         0.19139E-03
    -73.172714547937    -73.172714547937         0.18095E-03
    -73.172719016525    -73.172719016525         0.14590E-03
    -73.172721043426    -73.172721043426         0.78891E-04
    -73.172714651422    -73.172714651422         0.12850E-03
    -73.172720299417    -73.172720299417         0.17789E-03
    -73.172719859783    -73.172719859783         0.14087E-03
    -73.172715120304    -73.172715120304         0.18647E-03
    -73.172720870922    -73.172720870922         0.14514E-03
    -73.172719783871    -73.172719783871         0.13431E-03
    -73.172713600248    -73.172713600248         0.14551E-03
    -73.172719888849    -73.172719888849         0.13157E-03
    -73.172715679600    -73.172715679600         0.95724E-04
    -73.172719508745    -73.172719508745         0.98371E-04
    -73.172715592954    -73.172715592954         0.11945E-03
    -73.172714243029    -73.172714243029         0.16885E-03
    -73.172720836307    -73.172720836307         0.10618E-03
    -73.172720911100    -73.172720911100         0.98014E-04
    -73.172716702017    -73.172716702017         0.16423E-03
    -73.172716697979    -73.172716697979         0.19215E-03
    -73.172716178857    -73.172716178857         0.10398E-03
    -73.172713223765    -73.172713223765         0.75241E-04
    -73.172714722887    -73.172714722887         0.94236E-04
    -73.172720660587    -73.172720660587         0.91980E-04
    -73.172720099997    -73.172720099997         0.14167E-03
    -73.172720182570    -73.172720182570         0.17731E-03
    -73.172713260141    -73.172713260141         0.81380E-04
    -73.172714848542    -73.172714848542         0.10885E-03
    -73.172720162318    -73.172720162318         0.16816E-03
    -73.172718900567    -73.172718900567         0.19781E-03
    -73.172715790576    -73.172715790576         0.12474E-03
    -73.172713538902    -73.172713538902         0.14661E-03
    -73.172721035665    -73.172721035665         0.19649E-03
    -73.172701802574    -73.172701802574         0.12412E-03
    -73.172714410492    -73.172714410492         0.11002E-03
    -73.172701652822    -73.172701652822         0.43009E-04
    -73.172702744381    -73.172702744381         0.14949E-03
    -73.172702023819    -73.172702023819         0.13239E-03
    -73.172701127626    -73.172701127626         0.17147E-03
    -73.172720278203    -73.172720278203         0.91065E-04
    -73.172700224402    -73.172700224402         0.11502E-03
    -73.172709989211    -73.172709989211         0.11716E-03
    -73.172721214628    -73.172721214628         0.15275E-03
    -73.172719641359    -73.172719641359         0.15781E-03
    -73.172719468837    -73.172719468837         0.16027E-03
    -73.172259062882    -73.172259062882         0.15908E-03
    -73.172719427288    -73.172719427288         0.85449E-04
    -73.172698711690    -73.172698711690         0.12995E-03
    -73.172720100389    -73.172720100389         0.84244E-04
    -73.172275676683    -73.172275676683         0.14876E-03
    -73.172710814347    -73.172710814347         0.15149E-03
    -73.172280458095    -73.172280458095         0.15809E-03
    -73.172713689098    -73.172713689098         0.19243E-03
    -73.172274572606    -73.172274572606         0.10471E-03
    -73.172720767207    -73.172720767207         0.17896E-03
    -73.172277228325    -73.172277228325         0.80792E-04
    -73.172703152660    -73.172703152660         0.15971E-03
    -73.172705731217    -73.172705731217         0.76913E-04
    -73.172279511347    -73.172279511347         0.18829E-03
    -73.172278441293    -73.172278441293         0.13015E-03
    -73.172274980907    -73.172274980907         0.17383E-03
    -73.172715400981    -73.172715400981         0.16465E-03
    -73.172264366450    -73.172264366450         0.19796E-03
    -73.172278881493    -73.172278881493         0.13138E-03
    -73.172275847105    -73.172275847105         0.71435E-04
    -73.172278608796    -73.172278608796         0.80295E-04
    -73.172275960286    -73.172275960286         0.12263E-03
    -73.172277861776    -73.172277861776         0.13768E-03
    -73.172266276247    -73.172266276247         0.19805E-03
    -73.172260763042    -73.172260763042         0.80991E-04
    -73.172264943399    -73.172264943399         0.12014E-03
    -73.172266340011    -73.172266340011         0.10760E-03
    -73.172266219140    -73.172266219140         0.14766E-03
    -73.172703990875    -73.172703990875         0.89102E-04
    -73.172272814083    -73.172272814083         0.48905E-04
    -73.172718340543    -73.172718340543         0.16863E-03
    -73.172715534835    -73.172715534835         0.13428E-03
    -73.172261647998    -73.172261647998         0.17219E-03
    -73.172277576889    -73.172277576889         0.14777E-03
    -73.172259706674    -73.172259706674         0.12710E-03
    -73.172278742069    -73.172278742069         0.38152E-04
    -73.172266607711    -73.172266607711         0.14184E-03
    -73.172261867658    -73.172261867658         0.15202E-03
    -73.172269712909    -73.172269712909         0.11463E-03
    -73.172253550803    -73.172253550803         0.18079E-03
    -73.172268050128    -73.172268050128         0.12683E-03
    -73.172275274703    -73.172275274703         0.70120E-04
    -73.172266345601    -73.172266345601         0.18257E-03
    -73.172274765189    -73.172274765189         0.16139E-03
    -73.172716362441    -73.172716362441         0.82885E-04
    -73.172719656295    -73.172719656295         0.15960E-03
    -73.172260740284    -73.172260740284         0.13108E-03
    -73.172261336483    -73.172261336483         0.15392E-03
    -73.172708531585    -73.172708531585         0.18716E-03
    -73.172259224599    -73.172259224599         0.19463E-03
    -73.172262344545    -73.172262344545         0.96452E-04
    -73.172262362127    -73.172262362127         0.15009E-03
    -73.172260146342    -73.172260146342         0.15011E-03
    -73.172718696068    -73.172718696068         0.17483E-03
    -73.172719101045    -73.172719101045         0.19097E-03
    -73.172263852218    -73.172263852218         0.11305E-03
    -73.172257724829    -73.172257724829         0.17386E-03
    -73.172279136044    -73.172279136044         0.75431E-04
    -73.172261357496    -73.172261357496         0.13164E-03
    -73.172257848066    -73.172257848066         0.14723E-03
    -73.172261904839    -73.172261904839         0.91293E-04
    -73.172273593433    -73.172273593433         0.18809E-03
    -73.172256264801    -73.172256264801         0.13684E-03
    -73.172263131486    -73.172263131486         0.19891E-03
    -73.172267494301    -73.172267494301         0.16340E-03
    -73.172719511879    -73.172719511879         0.88791E-04
    -73.172256208034    -73.172256208034         0.14656E-03
    -73.172265451608    -73.172265451608         0.19230E-03
    -73.172256727530    -73.172256727530         0.81119E-04
    -73.172254355235    -73.172254355235         0.11159E-03
    -73.172270882654    -73.172270882654         0.15540E-03
    -73.172263843251    -73.172263843251         0.17287E-03
    -73.172261584356    -73.172261584356         0.17584E-03
    -73.172261071303    -73.172261071303         0.80992E-04
    -73.172270775148    -73.172270775148         0.15900E-03
    -73.172260462888    -73.172260462888         0.16880E-03
    -73.172269798416    -73.172269798416         0.13131E-03
    -73.172280645068    -73.172280645068         0.12636E-03
    -73.172263134936    -73.172263134936         0.18003E-03
    -73.172258681127    -73.172258681127         0.14518E-03
    -73.172265640310    -73.172265640310         0.19273E-03
    -73.172266336291    -73.172266336291         0.19228E-03
    -73.172269889776    -73.172269889776         0.15561E-03
    -73.172261752958    -73.172261752958         0.15606E-03
    -73.172255114689    -73.172255114689         0.10926E-03
    -73.172280939315    -73.172280939315         0.17927E-03
    -73.172268120397    -73.172268120397         0.17933E-03
    -73.172276827984    -73.172276827984         0.18621E-03
    -73.172260303137    -73.172260303137         0.91020E-04
    -73.172257648626    -73.172257648626         0.19202E-03
    -73.172261748811    -73.172261748811         0.95424E-04
    -73.172261683924    -73.172261683924         0.16930E-03
    -73.172268589001    -73.172268589001         0.19204E-03
    -73.172262169994    -73.172262169994         0.16666E-03
    -73.172266207293    -73.172266207293         0.10406E-03
    -73.172256388670    -73.172256388670         0.19679E-03
    -73.172277052805    -73.172277052805         0.19271E-03
    -73.172258091833    -73.172258091833         0.14405E-03
    -73.172274174430    -73.172274174430         0.12575E-03
    -73.172263672398    -73.172263672398         0.15310E-03
    -73.172263761760    -73.172263761760         0.17438E-03
    -73.172271463145    -73.172271463145         0.18761E-03
    -73.172251036371    -73.172251036371         0.49221E-04
    -73.172254888800    -73.172254888800         0.17112E-03
    -73.172211628591    -73.172211628591         0.89183E-04
    -73.172251353986    -73.172251353986         0.12404E-03
    -73.172264909089    -73.172264909089         0.13764E-03
    -73.172252493915    -73.172252493915         0.89162E-04
    -73.172256464307    -73.172256464307         0.19807E-03
    -73.172278059781    -73.172278059781         0.13157E-03
    -73.172262569075    -73.172262569075         0.14986E-03
    -73.172259483080    -73.172259483080         0.18286E-03
    -73.172275272498    -73.172275272498         0.12175E-03
    -73.172254869811    -73.172254869811         0.15332E-03
    -73.172073881217    -73.172073881217         0.12061E-03
    -73.172277920840    -73.172277920840         0.68502E-04
    -73.172270453050    -73.172270453050         0.17074E-03
    -73.172273144691    -73.172273144691         0.14913E-03
    -73.172050536812    -73.172050536812         0.14834E-03
    -73.172198959629    -73.172198959629         0.15583E-03
    -73.172259461131    -73.172259461131         0.54931E-04
    -73.172278375235    -73.172278375235         0.16192E-03
    -73.172252577305    -73.172252577305         0.17423E-03
    -73.172222153187    -73.172222153187         0.97724E-04
    -73.172071833601    -73.172071833601         0.13980E-03
    -73.172276822043    -73.172276822043         0.56949E-04
    -73.172051570580    -73.172051570580         0.88590E-04
    -73.172259887850    -73.172259887850         0.18218E-03
    -73.172262834937    -73.172262834937         0.84208E-04
    -73.172278769103    -73.172278769103         0.12755E-03
    -73.172270071792    -73.172270071792         0.18662E-03
    -73.172246193240    -73.172246193240         0.30842E-04
    -73.172049437049    -73.172049437049         0.11341E-03
    -73.172072813737    -73.172072813737         0.11393E-03
    -73.172259855641    -73.172259855641         0.15373E-03
    -73.172069831773    -73.172069831773         0.11364E-03
    -73.172067232996    -73.172067232996         0.17756E-03
    -73.172069672517    -73.172069672517         0.98004E-04
    -73.172050886062    -73.172050886062         0.79775E-04
    -73.172072213849    -73.172072213849         0.94455E-04
    -73.172046176874    -73.172046176874         0.19378E-03
    -73.172246756092    -73.172246756092         0.10267E-03
    -73.172256266899    -73.172256266899         0.76245E-04
    -73.172050921173    -73.172050921173         0.13406E-03
    -73.172252945255    -73.172252945255         0.97243E-04
    -73.172260824532    -73.172260824532         0.12171E-03
    -73.172260034745    -73.172260034745         0.13817E-03
    -73.172073933202    -73.172073933202         0.11528E-03
    -73.172241457597    -73.172241457597         0.15283E-03
    -73.172050422657    -73.172050422657         0.16328E-03
    -73.172246229697    -73.172246229697         0.19999E-03
    -73.172259329341    -73.172259329341         0.10268E-03
    -73.172068692378    -73.172068692378         0.17444E-03
    -73.172051564700    -73.172051564700         0.12580E-03
    -73.172070985320    -73.172070985320         0.14561E-03
    -73.172258683330    -73.172258683330         0.14447E-03
    -73.172050016187    -73.172050016187         0.11702E-03
    -73.172050670244    -73.172050670244         0.12566E-03
    -73.172246084468    -73.172246084468         0.18224E-03
    -73.172052656714    -73.172052656714         0.16740E-03
    -73.172068166107    -73.172068166107         0.64510E-04
    -73.172263345053    -73.172263345053         0.65193E-04
    -73.172263040691    -73.172263040691         0.10720E-03
    -73.172241637250    -73.172241637250         0.17600E-03
    -73.172050874544    -73.172050874544         0.15135E-03
    -73.172064592176    -73.172064592176         0.17678E-03
    -73.172068668409    -73.172068668409         0.17031E-03
    -73.172054192770    -73.172054192770         0.16649E-03
    -73.172029333534    -73.172029333534         0.15286E-03
    -73.172052851107    -73.172052851107         0.17281E-03
    -73.172046491977    -73.172046491977         0.83589E-04
    -73.172062884191    -73.172062884191         0.13930E-03
    -73.172050169264    -73.172050169264         0.17029E-03
    -73.172243040146    -73.172243040146         0.15340E-03
    -73.172045807584    -73.172045807584         0.14422E-03
    -73.172053511689    -73.172053511689         0.13561E-03
    -73.172052500245    -73.172052500245         0.15507E-03
    -73.172054619522    -73.172054619522         0.13592E-03
    -73.172046974102    -73.172046974102         0.12616E-03
    -73.172054263057    -73.172054263057         0.14463E-03
    -73.172070729556    -73.172070729556         0.18738E-03
    -73.172048255672    -73.172048255672         0.13756E-03
    -73.172052131751    -73.172052131751         0.13907E-03
    -73.172042408981    -73.172042408981         0.15428E-03
    -73.172049197248    -73.172049197248         0.13573E-03
    -73.172050197540    -73.172050197540         0.16466E-03
    -73.172065651756    -73.172065651756         0.14648E-03
    -73.172056055519    -73.172056055519         0.68462E-04
    -73.172044195166    -73.172044195166         0.18850E-03
    -73.171984254796    -73.171984254796         0.11001E-03
    -73.172045635459    -73.172045635459         0.19580E-03
    -73.171982344774    -73.171982344774         0.63830E-04
    -73.171998756610    -73.171998756610         0.71498E-04
    -73.172069389135    -73.172069389135         0.90496E-04
    -73.172041269198    -73.172041269198         0.41362E-04
    -73.172053576831    -73.172053576831         0.13630E-03
    -73.171998066078    -73.171998066078         0.13346E-03
    -73.172054529734    -73.172054529734         0.11481E-03
    -73.172045784321    -73.172045784321         0.15895E-03
    -73.172039746245    -73.172039746245         0.10440E-03
    -73.171986959178    -73.171986959178         0.18583E-03
    -73.172047819930    -73.172047819930         0.13492E-03
    -73.172044875277    -73.172044875277         0.10196E-03
    -73.171919339588    -73.171919339588         0.14162E-03
    -73.172055301460    -73.172055301460         0.98870E-04
    -73.171982959867    -73.171982959867         0.13347E-03
    -73.171983592796    -73.171983592796         0.10522E-03
    -73.171983963139    -73.171983963139         0.10011E-03
    -73.172054015361    -73.172054015361         0.11018E-03
    -73.172050807957    -73.172050807957         0.79231E-04
    -73.172025981044    -73.172025981044         0.12178E-03
    -73.172060379601    -73.172060379601         0.57455E-04
    -73.171995469788    -73.171995469788         0.90601E-04
    -73.172027778760    -73.172027778760         0.61675E-04
    -73.171981957614    -73.171981957614         0.15041E-03
    -73.171982687052    -73.171982687052         0.10944E-03
    -73.171997505683    -73.171997505683         0.18711E-03
    -73.171997049756    -73.171997049756         0.14970E-03
    -73.171989392140    -73.171989392140         0.11987E-03
    -73.172050224110    -73.172050224110         0.11011E-03
    -73.171993097259    -73.171993097259         0.11789E-03
    -73.171986688507    -73.171986688507         0.95657E-04
    -73.171994605853    -73.171994605853         0.12975E-03
    -73.172040953330    -73.172040953330         0.29701E-04
    -73.171987288601    -73.171987288601         0.17768E-03
    -73.172032124868    -73.172032124868         0.88368E-04
    -73.171995517650    -73.171995517650         0.79940E-04
    -73.171915822722    -73.171915822722         0.19316E-03
    -73.172052119115    -73.172052119115         0.69998E-04
    -73.172030813203    -73.172030813203         0.19944E-03
    -73.171926949861    -73.171926949861         0.19103E-03
    -73.172062251856    -73.172062251856         0.79557E-04
    -73.171991394763    -73.171991394763         0.11108E-03
    -73.172044753157    -73.172044753157         0.10250E-03
    -73.171924529405    -73.171924529405         0.18706E-03
    -73.172045273126    -73.172045273126         0.90657E-04
    -73.172054941401    -73.172054941401         0.16722E-03
    -73.172049215686    -73.172049215686         0.35863E-04
    -73.171923169788    -73.171923169788         0.89488E-04
    -73.171929546965    -73.171929546965         0.10730E-03
    -73.171927413571    -73.171927413571         0.12515E-03
    -73.171987057552    -73.171987057552         0.18910E-03
    -73.171991572451    -73.171991572451         0.10623E-03
    -73.171996931708    -73.171996931708         0.17993E-03
    -73.172064972469    -73.172064972469         0.12067E-03
    -73.171893609757    -73.171893609757         0.11985E-03
    -73.171921369656    -73.171921369656         0.18389E-03
    -73.171896439177    -73.171896439177         0.18552E-03
    -73.172034399376    -73.172034399376         0.56068E-04
    -73.171895298114    -73.171895298114         0.15051E-03
    -73.171893284364    -73.171893284364         0.80688E-04
    -73.171896541193    -73.171896541193         0.16206E-03
    -73.171989120192    -73.171989120192         0.17720E-03
    -73.171980396443    -73.171980396443         0.15024E-03
    -73.171892349665    -73.171892349665         0.16178E-03
    -73.171896527433    -73.171896527433         0.19983E-03
    -73.172048091707    -73.172048091707         0.30982E-04
    -73.171918253165    -73.171918253165         0.12871E-03
    -73.171892570200    -73.171892570200         0.12741E-03
    -73.171923900986    -73.171923900986         0.19132E-03
    -73.172065761110    -73.172065761110         0.14227E-03
    -73.171966691192    -73.171966691192         0.11115E-03
    -73.171891107926    -73.171891107926         0.84302E-04
    -73.171897485698    -73.171897485698         0.13605E-03
    -73.171896636835    -73.171896636835         0.92993E-04
    -73.172053798254    -73.172053798254         0.80767E-04
    -73.172057878984    -73.172057878984         0.44920E-04
    -73.171895297828    -73.171895297828         0.18719E-03
    -73.171892488159    -73.171892488159         0.11589E-03
    -73.171865748639    -73.171865748639         0.77596E-04
    -73.171862788356    -73.171862788356         0.15820E-03
    -73.171893857023    -73.171893857023         0.12305E-03
    -73.172254589518    -73.172254589518         0.55126E-04
    -73.172046951313    -73.172046951313         0.45691E-04
    -73.171896596423    -73.171896596423         0.11125E-03
    -73.171892816447    -73.171892816447         0.16254E-03
    -73.171889980045    -73.171889980045         0.14539E-03
    -73.171866303916    -73.171866303916         0.16739E-03
    -73.171890758502    -73.171890758502         0.95831E-04
    -73.171893149798    -73.171893149798         0.87120E-04
    -73.171864207780    -73.171864207780         0.13399E-03
    -73.171896782605    -73.171896782605         0.13016E-03
    -73.172255318463    -73.172255318463         0.53315E-04
    -73.171866367528    -73.171866367528         0.14387E-03
    -73.171893419427    -73.171893419427         0.19432E-03
    -73.171865837188    -73.171865837188         0.19436E-03
    -73.171865757600    -73.171865757600         0.10351E-03
    -73.171866639375    -73.171866639375         0.17162E-03
    -73.171988222621    -73.171988222621         0.63677E-04
    -73.171811150537    -73.171811150537         0.17283E-03
    -73.171869186532    -73.171869186532         0.15727E-03
    -73.171814276021    -73.171814276021         0.99831E-04
    -73.171812198163    -73.171812198163         0.19979E-03
    -73.171815080719    -73.171815080719         0.11612E-03
    -73.171864466490    -73.171864466490         0.10859E-03
    -73.172062127484    -73.172062127484         0.10892E-03
    -73.172063756571    -73.172063756571         0.10608E-03
    -73.171811983254    -73.171811983254         0.12889E-03
    -73.171807261179    -73.171807261179         0.90981E-04
    -73.171872203564    -73.171872203564         0.17945E-03
    -73.172050751795    -73.172050751795         0.99244E-04
    -73.171861486642    -73.171861486642         0.19005E-03
    -73.171814873933    -73.171814873933         0.11655E-03
    -73.171926038391    -73.171926038391         0.38313E-04
    -73.171761855087    -73.171761855087         0.11771E-03
    -73.171772719897    -73.171772719897         0.91506E-04
    -73.171894651269    -73.171894651269         0.95284E-04
    -73.171874374494    -73.171874374494         0.15354E-03
    -73.171867523126    -73.171867523126         0.13943E-03
    -73.171791136064    -73.171791136064         0.16989E-03
    -73.171768818471    -73.171768818471         0.16058E-03
    -73.171772020984    -73.171772020984         0.15632E-03
    -73.171789603737    -73.171789603737         0.19084E-03
    -73.171789685267    -73.171789685267         0.13778E-03
    -73.172021543870    -73.172021543870         0.43639E-04
    -73.171774339175    -73.171774339175         0.14729E-03
    -73.171866858269    -73.171866858269         0.13059E-03
    -73.171789374766    -73.171789374766         0.13531E-03
    -73.171767999575    -73.171767999575         0.11810E-03
    -73.171866385256    -73.171866385256         0.18347E-03
    -73.171814904590    -73.171814904590         0.15428E-03
    -73.171789830421    -73.171789830421         0.12700E-03
    -73.171787809703    -73.171787809703         0.15435E-03
    -73.171765433059    -73.171765433059         0.17359E-03
    -73.171789383497    -73.171789383497         0.11175E-03
    -73.171813190217    -73.171813190217         0.88806E-04
    -73.171784083405    -73.171784083405         0.18347E-03
    -73.171789998426    -73.171789998426         0.12341E-03
    -73.171792087901    -73.171792087901         0.11487E-03
    -73.171869238428    -73.171869238428         0.19860E-03
    -73.171788889673    -73.171788889673         0.17985E-03
    -73.171869116261    -73.171869116261         0.18556E-03
    -73.171761878380    -73.171761878380         0.12895E-03
    -73.171767667494    -73.171767667494         0.10051E-03
    -73.171779951713    -73.171779951713         0.19075E-03
    -73.171900344748    -73.171900344748         0.17454E-03
    -73.171786125239    -73.171786125239         0.19786E-03
    -73.171872167140    -73.171872167140         0.68350E-04
    -73.171768469991    -73.171768469991         0.13325E-03
    -73.171768615119    -73.171768615119         0.12804E-03
    -73.171871410734    -73.171871410734         0.16853E-03
    -73.171786316056    -73.171786316056         0.13887E-03
    -73.171869529151    -73.171869529151         0.11298E-03
    -73.171814910753    -73.171814910753         0.19693E-03
    -73.171778103316    -73.171778103316         0.95870E-04
    -73.171760800321    -73.171760800321         0.14552E-03
    -73.171766119807    -73.171766119807         0.17039E-03
    -73.171792233348    -73.171792233348         0.94182E-04
    -73.171763704445    -73.171763704445         0.16804E-03
    -73.171798412842    -73.171798412842         0.15938E-03
    -73.171786808442    -73.171786808442         0.12214E-03
    -73.171770282787    -73.171770282787         0.15854E-03
    -73.171786307194    -73.171786307194         0.13684E-03
    -73.171792226658    -73.171792226658         0.12465E-03
    -73.171792032521    -73.171792032521         0.17946E-03
    -73.171792252917    -73.171792252917         0.22096E-04
    -73.171790627424    -73.171790627424         0.93948E-04
    -73.171796451317    -73.171796451317         0.16280E-03
    -73.171770184944    -73.171770184944         0.17325E-03
    -73.171790253330    -73.171790253330         0.17760E-03
    -73.171766934384    -73.171766934384         0.87187E-04
    -73.171773602308    -73.171773602308         0.11974E-03
    -73.172065532919    -73.172065532919         0.64439E-04
    -73.171782553999    -73.171782553999         0.11278E-03
    -73.171768586503    -73.171768586503         0.90805E-04
    -73.171778660679    -73.171778660679         0.18185E-03
    -73.171779953090    -73.171779953090         0.13797E-03
    -73.171758443735    -73.171758443735         0.62229E-04
    -73.171785166425    -73.171785166425         0.19148E-03
    -73.171786125779    -73.171786125779         0.15510E-03
    -73.171769842558    -73.171769842558         0.92287E-04
    -73.171766931313    -73.171766931313         0.17031E-03
    -73.171411177850    -73.171411177850         0.19812E-03
    -73.171786001599    -73.171786001599         0.14296E-03
    -73.171772787226    -73.171772787226         0.14298E-03
    -73.171411811129    -73.171411811129         0.17978E-03
    -73.171743962824    -73.171743962824         0.94881E-04
    -73.171794109160    -73.171794109160         0.17940E-03
    -73.171436033115    -73.171436033115         0.10542E-03
    -73.171808551126    -73.171808551126         0.19801E-03
    -73.171793682687    -73.171793682687         0.19787E-03
    -73.171437847184    -73.171437847184         0.81232E-04
    -73.171435691042    -73.171435691042         0.19004E-03
    -73.171434351889    -73.171434351889         0.13340E-03
    -73.172043841593    -73.172043841593         0.87253E-04
    -73.172264968464    -73.172264968464         0.73844E-04
    -73.171428411947    -73.171428411947         0.17844E-03
    -73.171430125199    -73.171430125199         0.10143E-03
    -73.171412324156    -73.171412324156         0.12278E-03
    -73.171437936098    -73.171437936098         0.15436E-03
    -73.171759995578    -73.171759995578         0.71347E-04
    -73.171780526572    -73.171780526572         0.33619E-04
    -73.171784455478    -73.171784455478         0.13384E-03
    -73.171416269561    -73.171416269561         0.10014E-03
    -73.171762436171    -73.171762436171         0.48469E-04
    -73.171415137879    -73.171415137879         0.12113E-03
    -73.171418536569    -73.171418536569         0.56690E-04
    -73.171766249399    -73.171766249399         0.17490E-03
    -73.172260020141    -73.172260020141         0.76996E-04
    -73.171393552432    -73.171393552432         0.16502E-03
    -73.171752053443    -73.171752053443         0.43832E-04
    -73.171403178339    -73.171403178339         0.93012E-04
    -73.171418014303    -73.171418014303         0.94117E-04
    -73.171416948640    -73.171416948640         0.87814E-04
    -73.171413834538    -73.171413834538         0.18395E-03
    -73.171423784619    -73.171423784619         0.18261E-03
    -73.171537287880    -73.171537287880         0.87201E-04
    -73.171423379302    -73.171423379302         0.11385E-03
    -73.171385418485    -73.171385418485         0.90514E-04
    -73.171385804799    -73.171385804799         0.90861E-04
    -73.171388711499    -73.171388711499         0.10333E-03
    -73.171519514977    -73.171519514977         0.13412E-03
    -73.171425251008    -73.171425251008         0.12716E-03
    -73.171411241922    -73.171411241922         0.16145E-03
    -73.171748455706    -73.171748455706         0.62487E-04
    -73.171741376285    -73.171741376285         0.15780E-03
    -73.171426005453    -73.171426005453         0.81397E-04
    -73.171735864274    -73.171735864274         0.16276E-03
    -73.171766367016    -73.171766367016         0.10932E-03
    -73.171436889700    -73.171436889700         0.14146E-03
    -73.172032511448    -73.172032511448         0.70381E-04
    -73.172261624005    -73.172261624005         0.19509E-03
    -73.172266024390    -73.172266024390         0.77994E-04
    -73.172247720150    -73.172247720150         0.79751E-04
    -73.171299438382    -73.171299438382         0.88976E-04
    -73.172258543636    -73.172258543636         0.18483E-03
    -73.172259563682    -73.172259563682         0.12393E-03
    -73.172717356937    -73.172717356937         0.17658E-03
    -73.172257925560    -73.172257925560         0.18962E-03
    -73.172258718706    -73.172258718706         0.17303E-03
    -73.172242281862    -73.172242281862         0.12789E-03
    -73.172238564618    -73.172238564618         0.17357E-03
    -73.172239474775    -73.172239474775         0.29579E-04
    -73.172254874462    -73.172254874462         0.17935E-03
    -73.172258725457    -73.172258725457         0.18303E-03
    -73.171292935681    -73.171292935681         0.71033E-04
    -73.171183110099    -73.171183110099         0.11200E-03
    -73.172234956241    -73.172234956241         0.13553E-03
    -73.172258058616    -73.172258058616         0.17876E-03
    -73.172255320579    -73.172255320579         0.79560E-04
    -73.172236434917    -73.172236434917         0.12174E-03
    -73.172256399091    -73.172256399091         0.72014E-04
    -73.172237857345    -73.172237857345         0.18027E-03
    -73.172255513308    -73.172255513308         0.11783E-03
    -73.172254226160    -73.172254226160         0.10376E-03
    -73.172255602300    -73.172255602300         0.10309E-03
    -73.172258935326    -73.172258935326         0.17531E-03
    -73.171192410301    -73.171192410301         0.17745E-03
    -73.172250142866    -73.172250142866         0.19997E-03
    -73.171414640444    -73.171414640444         0.14869E-03
    -73.171136061517    -73.171136061517         0.18987E-03
    -73.172254188713    -73.172254188713         0.19646E-03
    -73.172230215260    -73.172230215260         0.19864E-03
    -73.170988688625    -73.170988688625         0.11015E-03
    -73.172222684610    -73.172222684610         0.62571E-04
    -73.172236687118    -73.172236687118         0.12849E-03
    -73.171304183644    -73.171304183644         0.12373E-03
    -73.172254256143    -73.172254256143         0.17011E-03
    -73.172251099383    -73.172251099383         0.18984E-03
    -73.171108784244    -73.171108784244         0.18569E-03
    -73.172255070240    -73.172255070240         0.14587E-03
    -73.172250675233    -73.172250675233         0.16992E-03
    -73.172255706376    -73.172255706376         0.99155E-04
    -73.171138553336    -73.171138553336         0.10165E-03
    -73.172240070635    -73.172240070635         0.10494E-03
    -73.171762417872    -73.171762417872         0.17770E-03
    -73.172070744119    -73.172070744119         0.11148E-03
    -73.171302092473    -73.171302092473         0.11840E-03
    -73.170821012566    -73.170821012566         0.18898E-03
    -73.170829022847    -73.170829022847         0.15679E-03
    -73.170791121164    -73.170791121164         0.13365E-03
    -73.170700969780    -73.170700969780         0.13109E-03
    -73.170676318527    -73.170676318527         0.18235E-03
    -73.170677573938    -73.170677573938         0.11493E-03
    -73.170700172941    -73.170700172941         0.91104E-04
    -73.170677507247    -73.170677507247         0.57179E-04
    -73.172254783374    -73.172254783374         0.13659E-03
    -73.170677016025    -73.170677016025         0.85186E-04
    -73.170677346721    -73.170677346721         0.15511E-03
    -73.170677613160    -73.170677613160         0.12067E-03
    -73.171793963021    -73.171793963021         0.97147E-04
    -73.171778407769    -73.171778407769         0.16944E-03
    -73.172247308018    -73.172247308018         0.14890E-03
    -73.170677059060    -73.170677059060         0.16754E-03
    -73.171427094264    -73.171427094264         0.16004E-03
    -73.170655446578    -73.170655446578         0.14767E-03
    -73.170661585927    -73.170661585927         0.13767E-03
    -73.171744360076    -73.171744360076         0.15536E-03
    -73.170696421383    -73.170696421383         0.19393E-03
    -73.170676670950    -73.170676670950         0.19521E-03
    -73.170676889716    -73.170676889716         0.11127E-03
    -73.172242418354    -73.172242418354         0.10856E-03
    -73.170793150874    -73.170793150874         0.73047E-04
    -73.170676334256    -73.170676334256         0.17954E-03
    -73.170658404564    -73.170658404564         0.18108E-03
    -73.172245251562    -73.172245251562         0.56039E-04
    -73.171794208677    -73.171794208677         0.18727E-03
    -73.170656879586    -73.170656879586         0.10930E-03
    -73.170658049416    -73.170658049416         0.72555E-04
    -73.170699482589    -73.170699482589         0.16987E-03
    -73.170656040077    -73.170656040077         0.13503E-03
    -73.170659997382    -73.170659997382         0.10440E-03
    -73.170656646385    -73.170656646385         0.10666E-03
    -73.170675167347    -73.170675167347         0.19273E-03
    -73.170698856771    -73.170698856771         0.95304E-04
    -73.170747868949    -73.170747868949         0.93147E-04
    -73.170656373675    -73.170656373675         0.90198E-04
    -73.170654433175    -73.170654433175         0.13136E-03
    -73.170654898900    -73.170654898900         0.14924E-03
    -73.170662941201    -73.170662941201         0.12336E-03
    -73.171222395293    -73.171222395293         0.85569E-04
    -73.170654799445    -73.170654799445         0.20113E-03
    -73.170663148933    -73.170663148933         0.15092E-03
    -73.170677019106    -73.170677019106         0.18723E-03
    -73.170664709256    -73.170664709256         0.14574E-03
    -73.170657952126    -73.170657952126         0.14290E-03
    -73.170656692146    -73.170656692146         0.11600E-03
    -73.170631853227    -73.170631853227         0.15339E-03
    -73.170664019983    -73.170664019983         0.19849E-03
    -73.170654576428    -73.170654576428         0.12262E-03
    -73.170659204997    -73.170659204997         0.18270E-03
    -73.171216931906    -73.171216931906         0.55989E-04
    -73.170697790172    -73.170697790172         0.12165E-03
    -73.171307788355    -73.171307788355         0.14598E-03
    -73.170669292056    -73.170669292056         0.11150E-03
    -73.171294558259    -73.171294558259         0.69698E-04
    -73.170687440390    -73.170687440390         0.17161E-03
    -73.170392266034    -73.170392266034         0.17788E-03
    -73.171801469467    -73.171801469467         0.13032E-03
    -73.170486164000    -73.170486164000         0.18703E-03
    -73.171367507460    -73.171367507460         0.16618E-03
    -73.170623911032    -73.170623911032         0.65125E-04
    -73.170565475104    -73.170565475104         0.70005E-04
    -73.170695612765    -73.170695612765         0.12198E-03
    -73.170398837002    -73.170398837002         0.11182E-03
    -73.170402513685    -73.170402513685         0.17808E-03
    -73.170399173137    -73.170399173137         0.19498E-03
    -73.170606004908    -73.170606004908         0.82048E-04
    -73.170390334556    -73.170390334556         0.16899E-03
    -73.170697673038    -73.170697673038         0.18124E-03
    -73.170696721769    -73.170696721769         0.19482E-03
    -73.170402027463    -73.170402027463         0.89807E-04
    -73.170397512934    -73.170397512934         0.15186E-03
    -73.170386282894    -73.170386282894         0.18562E-03
    -73.171260996977    -73.171260996977         0.69420E-04
    -73.170385645173    -73.170385645173         0.14779E-03
    -73.170391190454    -73.170391190454         0.18240E-03
    -73.170392657852    -73.170392657852         0.86611E-04
    -73.171209025760    -73.171209025760         0.65993E-04
    -73.170396946136    -73.170396946136         0.11354E-03
    -73.170378622116    -73.170378622116         0.68345E-04
    -73.170384152674    -73.170384152674         0.17805E-03
    -73.170387159325    -73.170387159325         0.13048E-03
    -73.170383981080    -73.170383981080         0.16224E-03
    -73.170400347027    -73.170400347027         0.13026E-03
    -73.170384720527    -73.170384720527         0.15128E-03
    -73.170398756639    -73.170398756639         0.10824E-03
    -73.170697081552    -73.170697081552         0.12300E-03
    -73.170379980508    -73.170379980508         0.10273E-03
    -73.170537706822    -73.170537706822         0.10674E-03
    -73.170692013929    -73.170692013929         0.60325E-04
    -73.170137565378    -73.170137565378         0.89444E-04
    -73.170110736959    -73.170110736959         0.13090E-03
    -73.170551755193    -73.170551755193         0.68103E-04
    -73.170135613978    -73.170135613978         0.17303E-03
    -73.170136879011    -73.170136879011         0.75180E-04
    -73.170109994792    -73.170109994792         0.16087E-03
    -73.170384728521    -73.170384728521         0.10194E-03
    -73.170403660045    -73.170403660045         0.10480E-03
    -73.170115578618    -73.170115578618         0.87637E-04
    -73.170125601613    -73.170125601613         0.19144E-03
    -73.170123337508    -73.170123337508         0.19043E-03
    -73.170137766547    -73.170137766547         0.15147E-03
    -73.170116371769    -73.170116371769         0.82805E-04
    -73.170125413865    -73.170125413865         0.10618E-03
    -73.171316509010    -73.171316509010         0.52033E-04
    -73.170124825051    -73.170124825051         0.13540E-03
    -73.171301928673    -73.171301928673         0.11222E-03
    -73.170109856573    -73.170109856573         0.18697E-03
    -73.171276727910    -73.171276727910         0.59304E-04
    -73.170125573235    -73.170125573235         0.18288E-03
    -73.170133604087    -73.170133604087         0.11498E-03
    -73.170527867879    -73.170527867879         0.79783E-04
    -73.171267521232    -73.171267521232         0.13633E-03
    -73.170121981386    -73.170121981386         0.18896E-03
    -73.170131901225    -73.170131901225         0.87740E-04
    -73.170137663683    -73.170137663683         0.11819E-03
    -73.170126803587    -73.170126803587         0.16325E-03
    -73.170125556074    -73.170125556074         0.10276E-03
    -73.170101177299    -73.170101177299         0.77238E-04
    -73.170104954323    -73.170104954323         0.19920E-03
    -73.170469683174    -73.170469683174         0.11021E-03
    -73.169895941782    -73.169895941782         0.10369E-03
    -73.169896505564    -73.169896505564         0.15440E-03
    -73.170115212168    -73.170115212168         0.19034E-03
    -73.169896393992    -73.169896393992         0.11135E-03
    -73.170033456756    -73.170033456756         0.11777E-03
    -73.170080642635    -73.170080642635         0.14711E-03
    -73.169895024014    -73.169895024014         0.61612E-04
    -73.170115679148    -73.170115679148         0.18254E-03
    -73.169852927559    -73.169852927559         0.12106E-03
    -73.169896397193    -73.169896397193         0.13210E-03
    -73.169852279044    -73.169852279044         0.83425E-04
    -73.169854014680    -73.169854014680         0.83235E-04
    -73.170124102654    -73.170124102654         0.14917E-03
    -73.169849331427    -73.169849331427         0.19551E-03
    -73.169853784187    -73.169853784187         0.12017E-03
    -73.169852360256    -73.169852360256         0.10037E-03
    -73.169854523455    -73.169854523455         0.13816E-03
    -73.169852077079    -73.169852077079         0.12640E-03
    -73.169851536389    -73.169851536389         0.14213E-03
    -73.169855713772    -73.169855713772         0.12538E-03
    -73.169849478094    -73.169849478094         0.10203E-03
    -73.169855646093    -73.169855646093         0.86399E-04
    -73.170125589654    -73.170125589654         0.15012E-03
    -73.169848166397    -73.169848166397         0.11282E-03
    -73.170121519440    -73.170121519440         0.90387E-04
    -73.170366064535    -73.170366064535         0.68306E-04
    -73.169850269016    -73.169850269016         0.90028E-04
    -73.169858084205    -73.169858084205         0.72390E-04
    -73.169837109126    -73.169837109126         0.16177E-03
    -73.169843608636    -73.169843608636         0.70618E-04
    -73.169860529471    -73.169860529471         0.15162E-03
    -73.169847099494    -73.169847099494         0.18956E-03
    -73.169844614820    -73.169844614820         0.15402E-03
    -73.169848745529    -73.169848745529         0.14224E-03
    -73.169848777618    -73.169848777618         0.66461E-04
    -73.170352896794    -73.170352896794         0.11571E-03
    -73.169852409972    -73.169852409972         0.10948E-03
    -73.169850601746    -73.169850601746         0.19392E-03
    -73.169840930237    -73.169840930237         0.15249E-03
    -73.169848847335    -73.169848847335         0.76744E-04
    -73.169847812934    -73.169847812934         0.17447E-03
    -73.169844909766    -73.169844909766         0.18285E-03
    -73.169844131850    -73.169844131850         0.71797E-04
    -73.169850670361    -73.169850670361         0.11005E-03
    -73.169849764775    -73.169849764775         0.16595E-03
    -73.169845661786    -73.169845661786         0.19764E-03
    -73.169850358714    -73.169850358714         0.71876E-04
    -73.169847953950    -73.169847953950         0.18537E-03
    -73.169827114564    -73.169827114564         0.19047E-03
    -73.169847011820    -73.169847011820         0.15108E-03
    -73.169896064176    -73.169896064176         0.17394E-03
    -73.169850098915    -73.169850098915         0.16387E-03
    -73.169825612341    -73.169825612341         0.99786E-04
    -73.169835152009    -73.169835152009         0.16058E-03
    -73.169825924254    -73.169825924254         0.19160E-03
    -73.169841264411    -73.169841264411         0.19796E-03
    -73.169822789112    -73.169822789112         0.12217E-03
    -73.169847967927    -73.169847967927         0.14416E-03
    -73.169822897020    -73.169822897020         0.14218E-03
    -73.169847971014    -73.169847971014         0.11744E-03
    -73.169800165490    -73.169800165490         0.15677E-03
    -73.172263165554    -73.172263165554         0.89598E-04
    -73.169850364860    -73.169850364860         0.11618E-03
    -73.170686538010    -73.170686538010         0.17333E-03
    -73.169822631674    -73.169822631674         0.13824E-03
    -73.170689605605    -73.170689605605         0.19622E-03
    -73.169849233462    -73.169849233462         0.12431E-03
    -73.169826585983    -73.169826585983         0.15234E-03
    -73.169810045827    -73.169810045827         0.18150E-03
    -73.169821698803    -73.169821698803         0.69680E-04
    -73.170404217982    -73.170404217982         0.71723E-04
    -73.170251855314    -73.170251855314         0.12419E-03
    -73.169821267398    -73.169821267398         0.17173E-03
    -73.169825451643    -73.169825451643         0.18228E-03
    -73.169820686743    -73.169820686743         0.79112E-04
    -73.169812824958    -73.169812824958         0.14687E-03
    -73.169813538646    -73.169813538646         0.19089E-03
    -73.169820875502    -73.169820875502         0.12922E-03
    -73.169795517537    -73.169795517537         0.13435E-03
    -73.169843659614    -73.169843659614         0.14910E-03
    -73.169839539478    -73.169839539478         0.81169E-04
    -73.169843296158    -73.169843296158         0.94565E-04
    -73.170255122585    -73.170255122585         0.13402E-03
    -73.169791138766    -73.169791138766         0.10695E-03
    -73.169812640643    -73.169812640643         0.84749E-04
    -73.172266223281    -73.172266223281         0.15354E-03
    -73.169849622431    -73.169849622431         0.82089E-04
    -73.169814714149    -73.169814714149         0.10622E-03
    -73.169810700268    -73.169810700268         0.15387E-03
    -73.169806565005    -73.169806565005         0.19959E-03
    -73.169821837691    -73.169821837691         0.17994E-03
    -73.169808612132    -73.169808612132         0.13037E-03
    -73.169786277220    -73.169786277220         0.17605E-03
    -73.169799203986    -73.169799203986         0.12111E-03
    -73.169849635543    -73.169849635543         0.17349E-03
    -73.169807012554    -73.169807012554         0.18767E-03
    -73.169819775228    -73.169819775228         0.13604E-03
    -73.169805009726    -73.169805009726         0.18082E-03
    -73.169806368983    -73.169806368983         0.16836E-03
    -73.169848294919    -73.169848294919         0.19938E-03
    -73.169799214836    -73.169799214836         0.17664E-03
    -73.169786845686    -73.169786845686         0.15574E-03
    -73.169838558739    -73.169838558739         0.58308E-04
    -73.169784793455    -73.169784793455         0.12220E-03
    -73.169801443424    -73.169801443424         0.15730E-03
    -73.169783797184    -73.169783797184         0.19745E-03
    -73.169487260602    -73.169487260602         0.17091E-03
    -73.169490769899    -73.169490769899         0.15488E-03
    -73.169564541194    -73.169564541194         0.11986E-03
    -73.169847310045    -73.169847310045         0.16478E-03
    -73.170126005307    -73.170126005307         0.14145E-03
    -73.169848292363    -73.169848292363         0.12899E-03
    -73.169490885900    -73.169490885900         0.11891E-03
    -73.169489174356    -73.169489174356         0.11572E-03
    -73.169793138391    -73.169793138391         0.11728E-03
    -73.169489125001    -73.169489125001         0.16812E-03
    -73.169783411554    -73.169783411554         0.13984E-03
    -73.169489388879    -73.169489388879         0.17480E-03
    -73.169489371690    -73.169489371690         0.10005E-03
    -73.169489287957    -73.169489287957         0.11515E-03
    -73.169489034371    -73.169489034371         0.15365E-03
    -73.169451868829    -73.169451868829         0.17982E-03
    -73.169490903275    -73.169490903275         0.15083E-03
    -73.169843698800    -73.169843698800         0.18029E-03
    -73.169488926132    -73.169488926132         0.13652E-03
    -73.169783917971    -73.169783917971         0.88114E-04
    -73.169450453527    -73.169450453527         0.14789E-03
    -73.169450790714    -73.169450790714         0.88656E-04
    -73.169236143713    -73.169236143713         0.13554E-03
    -73.169448518321    -73.169448518321         0.19437E-03
    -73.169451502834    -73.169451502834         0.11807E-03
    -73.169488781439    -73.169488781439         0.17193E-03
    -73.169489643341    -73.169489643341         0.74451E-04
    -73.169208565213    -73.169208565213         0.67696E-04
    -73.169452845197    -73.169452845197         0.12964E-03
    -73.169490074555    -73.169490074555         0.84299E-04
    -73.169236719995    -73.169236719995         0.92111E-04
    -73.169488162112    -73.169488162112         0.13287E-03
    -73.169486630616    -73.169486630616         0.19818E-03
    -73.169207851017    -73.169207851017         0.12186E-03
    -73.169449535388    -73.169449535388         0.15894E-03
    -73.169215894918    -73.169215894918         0.11705E-03
    -73.169837506336    -73.169837506336         0.18895E-03
    -73.166640088140    -73.166640088140         0.95569E-04
    -73.170128966543    -73.170128966543         0.16777E-03
    -73.169490205737    -73.169490205737         0.11790E-03
    -73.169215920194    -73.169215920194         0.11408E-03
    -73.169856255284    -73.169856255284         0.19244E-03
    -73.163969918293    -73.163969918293         0.16264E-03
    -73.169207254912    -73.169207254912         0.15641E-03
    -73.169813555763    -73.169813555763         0.87666E-04
    -73.169856300407    -73.169856300407         0.19074E-03
    -73.163981949672    -73.163981949672         0.11673E-03
    -73.163983540112    -73.163983540112         0.18693E-03
    -73.163980676303    -73.163980676303         0.13603E-03
    -73.163946933186    -73.163946933186         0.10197E-03
    -73.163447922081    -73.163447922081         0.15064E-03
    -73.166637877104    -73.166637877104         0.13596E-03
    -73.163939752804    -73.163939752804         0.18277E-03
    -73.163962549481    -73.163962549481         0.17288E-03
    -73.163443705775    -73.163443705775         0.12693E-03
    -73.163950513239    -73.163950513239         0.19534E-03
    -73.163222838220    -73.163222838220         0.15794E-03
    -73.163411196267    -73.163411196267         0.12593E-03
    -73.163205384290    -73.163205384290         0.10540E-03
    -73.163448943304    -73.163448943304         0.19795E-03
    -73.163441841262    -73.163441841262         0.18129E-03
    -73.163968502750    -73.163968502750         0.17379E-03
    -73.163206575114    -73.163206575114         0.16914E-03
    -73.163452851612    -73.163452851612         0.17174E-03
    -73.163449804354    -73.163449804354         0.11964E-03
    -73.163229148874    -73.163229148874         0.12832E-03
    -73.163420202636    -73.163420202636         0.16280E-03
    -73.163209250504    -73.163209250504         0.15689E-03
    -73.163409403579    -73.163409403579         0.81730E-04
    -73.169765954881    -73.169765954881         0.14150E-03
    -73.163262430934    -73.163262430934         0.12525E-03
    -73.163407033558    -73.163407033558         0.52106E-04
    -73.171904401231    -73.171904401231         0.11453E-03
    -73.171897232020    -73.171897232020         0.14453E-03
    -73.171421695526    -73.171421695526         0.11913E-03
    -73.171392107778    -73.171392107778         0.19952E-03
