  48
 Etot=         -73.1727208922
 C          6.5430243241       -0.4198838182        1.3929332059
 C          6.2878291846        0.3223876388        0.0820402452
 C          7.0391335265        1.6536591615        0.0613141626
 C          6.6752257308       -0.5335192000       -1.1229825996
 O          4.8874767241        0.7143094857       -0.0097661552
 C          3.9000481140       -0.1918372814       -0.0208458035
 O          4.0357397384       -1.4029542424        0.0418484711
 N          2.7124254406        0.4319480435       -0.1087436637
 C          1.4485077461       -0.2677975884       -0.1765288179
 C          0.6564894826        0.1094623951       -1.4436542650
 C         -0.4046501585        1.0995601725       -0.9693584769
 C         -0.7967776349        0.5620161603        0.4128139993
 C          0.5365177398        0.1085279951        1.0127900940
 N         -1.7477699854       -0.5210569610        0.2862073629
 C         -1.5207470445       -1.8604829139        0.1828631612
 N         -2.5945912252       -2.5752466260        0.0224127268
 C         -3.6284003341       -1.6674958804        0.0012527360
 C         -3.0995412532       -0.3653370683        0.1578285021
 C         -3.9753905149        0.7215336778        0.1511501791
 C         -3.9325630705        2.1362160066        0.2449239849
 C         -5.2224784076        2.5732124398        0.1540268494
 N         -6.0695559735        1.5145464069        0.0076732993
 C         -5.3433344115        0.3659727133       -0.0026311213
 N         -5.8575864118       -0.8608951385       -0.1425965094
 C         -5.0058601663       -1.8649084258       -0.1425570383
 H          2.7178586460        1.4390658265       -0.1677745132
 H          1.7131258083       -1.3285150923       -0.1705668824
 H          1.3084463089        0.5263983228       -2.2076944036
 H          0.1787236420       -0.7798048003       -1.8547426405
 H         -1.2586635607        1.1532664898       -1.6422222179
 H          0.0181042469        2.0967678337       -0.8590870876
 H         -1.2793844369        1.3237378361        1.0299744272
 H          0.4094055731       -0.7134846366        1.7134090765
 H          0.9831209712        0.9413796595        1.5539852475
 H         -0.5406207769       -2.2897625300        0.2364242000
 H         -3.0628901741        2.7514647662        0.3555785890
 H         -5.5984003021        3.5764355365        0.1835406267
 H         -5.4215185368       -2.8545396719       -0.2599391098
 H         -7.0702130962        1.5611425980       -0.0848223098
 H          6.7289325049        2.2673491663        0.9020586292
 H          6.8209297860        2.1879071133       -0.8588481696
 H          8.1065828020        1.4720585132        0.1252268966
 H          7.6016798282       -0.6397781097        1.4858496158
 H          5.9853647535       -1.3532001096        1.4111940730
 H          6.2304466845        0.1919952731        2.2359450297
 H          6.1170347137       -1.4666879962       -1.1164506292
 H          6.4568830755       -0.0006950232       -2.0456387649
 H          7.7363966225       -0.7572205874       -1.0838801267
  48
 Etot=         -73.1727208622
 C          6.5428499011       -0.4200150641        1.3929881038
 C          6.2878636817        0.3222952253        0.0820597095
 C          7.0390901129        1.6535844762        0.0614030652
 C          6.6753308862       -0.5334382142       -1.1230894965
 O          4.8875606596        0.7143408698       -0.0098437290
 C          3.9001659473       -0.1918251209       -0.0210716782
 O          4.0358543025       -1.4029547232        0.0417714059
 N          2.7125743190        0.4319866321       -0.1089046542
 C          1.4485481843       -0.2676444394       -0.1765599651
 C          0.6564451567        0.1095754650       -1.4436984285
 C         -0.4047748222        1.0995004136       -0.9693400641
 C         -0.7968375541        0.5620759569        0.4128998952
 C          0.5364940369        0.1085264074        1.0127542945
 N         -1.7477765798       -0.5210736655        0.2865306337
 C         -1.5206767281       -1.8604722496        0.1829043764
 N         -2.5945044478       -2.5752705077        0.0224691468
 C         -3.6283564207       -1.6675426332        0.0013037991
 C         -3.0995174064       -0.3653722114        0.1579561017
 C         -3.9753487208        0.7215048329        0.1510073443
 C         -3.9325412569        2.1361872524        0.2448037992
 C         -5.2224766304        2.5731493823        0.1538194584
 N         -6.0694885338        1.5144557241        0.0075659077
 C         -5.3432688417        0.3659419030       -0.0027638609
 N         -5.8575302197       -0.8609462292       -0.1424621618
 C         -5.0058078647       -1.8649646995       -0.1426307117
 H          2.7180228295        1.4391049792       -0.1678724400
 H          1.7130640705       -1.3283750461       -0.1704618990
 H          1.3083691885        0.5265760520       -2.2077073933
 H          0.1784767882       -0.7795150954       -1.8548396245
 H         -1.2587577036        1.1533589392       -1.6422279665
 H          0.0180225703        2.0966983830       -0.8590267067
 H         -1.2793785905        1.3239879060        1.0298290612
 H          0.4094242151       -0.7133066303        1.7135989088
 H          0.9830682532        0.9415724877        1.5536335610
 H         -0.5405191353       -2.2897075819        0.2362805733
 H         -3.0629284932        2.7514237820        0.3558001080
 H         -5.5984485807        3.5763437024        0.1835359526
 H         -5.4215020709       -2.8546595241       -0.2592159339
 H         -7.0701558183        1.5610088700       -0.0849965996
 H          6.7288900900        2.2671644397        0.9022146000
 H          6.8209645165        2.1879757911       -0.8587011853
 H          8.1065234147        1.4718839951        0.1253659306
 H          7.6014293021       -0.6400234562        1.4858815319
 H          5.9850743476       -1.3532356698        1.4111896402
 H          6.2302967204        0.1917299720        2.2361595149
 H          6.1170107432       -1.4665236514       -1.1167439276
 H          6.4571750172       -0.0006193806       -2.0457417879
 H          7.7365234075       -0.7572505169       -1.0838921248
  48
 Etot=         -73.1727209383
 C          6.5428087039       -0.4201007476        1.3928922550
 C          6.2878121016        0.3223118293        0.0820333401
 C          7.0391439520        1.6535536902        0.0615206285
 C          6.6753411772       -0.5334664842       -1.1230537295
 O          4.8874885540        0.7143158786       -0.0098799337
 C          3.9000814973       -0.1918403246       -0.0210188734
 O          4.0357742537       -1.4029658358        0.0416403900
 N          2.7124868672        0.4319739989       -0.1089484027
 C          1.4484796526       -0.2676513972       -0.1766322703
 C          0.6564005688        0.1096172093       -1.4437480292
 C         -0.4047939283        1.0995917968       -0.9693744243
 C         -0.7968138317        0.5620974541        0.4128484266
 C          0.5365753086        0.1087436344        1.0127294492
 N         -1.7477492243       -0.5210566514        0.2865442759
 C         -1.5206285612       -1.8604478419        0.1829302065
 N         -2.5944343037       -2.5752594768        0.0224409410
 C         -3.6283244711       -1.6675675933        0.0014534709
 C         -3.0994998209       -0.3653851191        0.1580229919
 C         -3.9753453918        0.7214786773        0.1510959736
 C         -3.9325593286        2.1361581873        0.2448708418
 C         -5.2224924122        2.5731111142        0.1538689195
 N         -6.0694990023        1.5144071461        0.0075106021
 C         -5.3432608675        0.3658892479       -0.0027324417
 N         -5.8575151998       -0.8610108266       -0.1423569965
 C         -5.0057945019       -1.8650331082       -0.1422603611
 H          2.7179529213        1.4390989734       -0.1678681048
 H          1.7129826262       -1.3283927330       -0.1705628789
 H          1.3083324263        0.5266420200       -2.2077421038
 H          0.1785662265       -0.7795689864       -1.8548726289
 H         -1.2588124521        1.1533951149       -1.6422209760
 H          0.0179379980        2.0968145823       -0.8590182745
 H         -1.2793768045        1.3239737168        1.0298149646
 H          0.4095757037       -0.7131000991        1.7135634375
 H          0.9831613683        0.9418024630        1.5536044892
 H         -0.5404703184       -2.2896721620        0.2363867596
 H         -3.0629363957        2.7514231371        0.3557212401
 H         -5.5984618992        3.5763101202        0.1834522469
 H         -5.4214194401       -2.8546972271       -0.2593913693
 H         -7.0701409942        1.5609531581       -0.0852265193
 H          6.7289282522        2.2671157539        0.9023448182
 H          6.8210188926        2.1879654885       -0.8585653340
 H          8.1065805914        1.4718647353        0.1254712083
 H          7.6013934565       -0.6401703231        1.4858305200
 H          5.9849656948       -1.3532954908        1.4110637548
 H          6.2302613083        0.1916795832        2.2360218784
 H          6.1170026466       -1.4665472633       -1.1168058061
 H          6.4572861435       -0.0005290755       -2.0456817642
 H          7.7365064998       -0.7573124140       -1.0837827231
