57
 energy: -81.183769846718 gnorm: 0.000220655253 xtb: 6.7.1 (edcfbbe)
C           -4.81874348700000       -2.99052366750000        0.18731324510000
C           -3.82007772280000       -2.05257751760000       -0.48077092070000
C           -2.39918720010000       -2.43714041360000       -0.08523574260000
N           -4.10497198370000       -0.64795808960000       -0.06981910620000
C           -5.49419236320000       -0.20056451220000       -0.34170665310000
C           -5.38534421030000        1.31459547240000       -0.38874986090000
C           -4.08297694220000        1.51157160010000       -1.15940234300000
C           -3.18228680260000        0.38697521820000       -0.61836735120000
C           -2.33981969980000        0.87289565450000        0.57929368380000
O           -2.65863377090000        0.46664843400000        1.70055636590000
N           -1.35430383240000        1.73338160560000        0.36194837630000
C           -0.84131608230000        2.16126981450000       -0.92306757070000
C            0.58703207700000        1.64269519190000       -1.10494411220000
C            1.47643425980000        2.11781979450000        0.05005959400000
C            0.86082834800000        1.76285410630000        1.40843647310000
C           -0.58369920680000        2.25355546410000        1.47809345780000
N            2.80707095970000        1.56547468010000       -0.07329227670000
C            3.94387504890000        2.29726497780000       -0.24552722970000
N            5.02745261570000        1.59302466050000       -0.35588532170000
C            4.61041528330000        0.28698289210000       -0.25328938550000
C            3.20533753020000        0.25324071470000       -0.07101209160000
C            2.58746597330000       -0.99674233900000        0.05835516270000
C            1.29507969690000       -1.55261885940000        0.25742531130000
C            1.44297467230000       -2.90913052540000        0.28270915150000
N            2.75150106150000       -3.23935165300000        0.10770444570000
C            3.48070541820000       -2.10132629990000       -0.02716712360000
N            4.80551958900000       -2.07658356710000       -0.20420015500000
C            5.36290716010000       -0.89060008310000       -0.31274429330000
H           -2.55312239500000       -0.04869296360000       -1.39251083690000
H            3.13783642140000       -4.16801042020000        0.09014701530000
H           -3.93595063640000       -2.10280055580000       -1.56796552020000
H           -3.92101293910000       -0.57343935350000        0.96281663210000
H           -5.79983354680000       -0.58994502640000       -1.31385458090000
H           -6.17314913900000       -0.55551514360000        0.42867905700000
H           -5.30152860650000        1.72517415320000        0.61767482010000
H           -6.23684561920000        1.77400913750000       -0.88170873550000
H           -4.25302350640000        1.37655315880000       -2.22670099380000
H           -3.65779677750000        2.49777279700000       -0.99609083940000
H           -1.46706087360000        1.80892082170000       -1.73755627520000
H           -0.83431887350000        3.25515752260000       -0.93834727440000
H            0.59157928760000        0.55419287930000       -1.14024430120000
H            0.98910862020000        2.01162326990000       -2.04868024830000
H            1.59071087040000        3.20620140680000       -0.01317066930000
H            0.89640058190000        0.68544116580000        1.56092373220000
H            1.43852950260000        2.22901169250000        2.20695176200000
H           -0.60990545080000        3.34582592000000        1.43477015500000
H           -1.05179617350000        1.92195034880000        2.40545349760000
H            3.92924894910000        3.36907057860000       -0.28539181750000
H            0.36970272000000       -1.03202209250000        0.39364602340000
H            0.69825414680000       -3.66770815600000        0.41683339760000
H            6.43335261060000       -0.86334439690000       -0.45267387840000
H           -2.25297752180000       -3.49781813550000       -0.26404008090000
H           -1.64642467470000       -1.90706348920000       -0.66023005440000
H           -2.23138262890000       -2.24866150820000        0.97289214230000
H           -5.83585319750000       -2.81336136480000       -0.14606645670000
H           -4.56792976030000       -4.01701254740000       -0.06251167810000
H           -4.77412288690000       -2.89040350760000        1.26893751330000
57
 energy: -81.183770212544 gnorm: 0.000145161980 xtb: 6.7.1 (edcfbbe)
C           -4.81870617258210       -2.99049048353675        0.18725974334205
C           -3.82005384507680       -2.05255364024336       -0.48089402522665
C           -2.39909502180375       -2.43694397148088       -0.08543373306964
N           -4.10500256453838       -0.64798084864622       -0.06989083055079
C           -5.49420000838827       -0.20052734639139       -0.34179407770784
C           -5.38533266943138        1.31467026205909       -0.38852199023503
C           -4.08298785254880        1.51167665897186       -1.15918202112489
C           -3.18232328056663        0.38699265729005       -0.61839534162000
C           -2.34001666004666        0.87304814423859        0.57926468541724
O           -2.65876295186263        0.46652415313069        1.70043838120735
N           -1.35449632158228        1.73353318103024        0.36198613083223
C           -0.84155200569163        2.16152438091629       -0.92298818123942
C            0.58674396551959        1.64290361852314       -1.10486675945209
C            1.47639224259584        2.11777293990326        0.05002523285988
C            0.86077053407724        1.76275070292708        1.40837096599542
C           -0.58369632589879        2.25352761996032        1.47810896986452
N            2.80702582946810        1.56534076534672       -0.07340026379291
C            3.94373820617327        2.29721251329314       -0.24575966315518
N            5.02734558742573        1.59304500581726       -0.35661689139538
C            4.61041134708759        0.28696658435162       -0.25337698475374
C            3.20534477086006        0.25311321765535       -0.07111769053210
C            2.58750887874858       -0.99693986313226        0.05822684638637
C            1.29519980765435       -1.55300214079725        0.25718315550674
C            1.44319492149638       -2.90949756059025        0.28265095984891
N            2.75195544139676       -3.23958112455781        0.10857201540960
C            3.48082159277791       -2.10143203783894       -0.02724459410305
N            4.80553954474882       -2.07648505047419       -0.20434345274946
C            5.36293772984567       -0.89059103754752       -0.31283974751383
H           -2.55312151061924       -0.04855341828475       -1.39255626495300
H            3.13871919435049       -4.16815426024994        0.09220699055928
H           -3.93587436890678       -2.10263935180616       -1.56809118595676
H           -3.92110450729467       -0.57357556114325        0.96278039988803
H           -5.79968562268301       -0.58987727943265       -1.31397900844481
H           -6.17325886966761       -0.55555161621825        0.42845727166589
H           -5.30141502076716        1.72511481574342        0.61796071429552
H           -6.23676995503468        1.77425453782151       -0.88141507183088
H           -4.25295496561717        1.37679175073946       -2.22651060140608
H           -3.65777031418659        2.49780728573278       -0.99561749183627
H           -1.46729895138635        1.80926249589206       -1.73750836803565
H           -0.83448282593979        3.25540393593483       -0.93815289636467
H            0.59113417324368        0.55443353847642       -1.14018482629900
H            0.98865890456996        2.01189430138968       -2.04862660422685
H            1.59071730276435        3.20614445155299       -0.01323342834514
H            0.89603327434789        0.68529963094295        1.56061291811205
H            1.43858929985588        2.22866137337676        2.20695036965467
H           -0.60972331242504        3.34581600712136        1.43496836478346
H           -1.05167073816852        1.92183908848191        2.40550763894838
H            3.92895508714891        3.36900293298489       -0.28589579166207
H            0.36974789835901       -1.03244987325207        0.39318947791617
H            0.69853321836308       -3.66810002137095        0.41681847265227
H            6.43337772943520       -0.86344717408763       -0.45268503447580
H           -2.25286840684999       -3.49759948301308       -0.26431477393332
H           -1.64631552102496       -1.90680531153377       -0.66035603314729
H           -2.23133686483575       -2.24856186879790        0.97274004871500
H           -5.83582222786861       -2.81341964930109       -0.14612385597983
H           -4.56785160875418       -4.01697049650558       -0.06255016999200
H           -4.77411031726614       -2.89035913617184        1.26888313755040
57
 energy: -81.183770464302 gnorm: 0.000133259995 xtb: 6.7.1 (edcfbbe)
C           -4.81856265922218       -2.99045461101795        0.18711549967889
C           -3.82002081233589       -2.05242469199936       -0.48105941609445
C           -2.39903516765416       -2.43678455349784       -0.08566665690067
N           -4.10503294646974       -0.64789047265071       -0.06996523870407
C           -5.49423244932124       -0.20044061546108       -0.34186778268514
C           -5.38534985281016        1.31475957420608       -0.38828986436744
C           -4.08303638914060        1.51194736425213       -1.15895343223966
C           -3.18238405599782        0.38717313654652       -0.61833509584493
C           -2.34003934912006        0.87303021381930        0.57936687369854
O           -2.65883515279525        0.46646570431504        1.70051457568137
N           -1.35461568720638        1.73362611431400        0.36213942650307
C           -0.84175992502860        2.16178930362901       -0.92281152663463
C            0.58644605638974        1.64301414028080       -1.10496431769412
C            1.47623483950894        2.11766453158511        0.04989758213523
C            0.86067864891000        1.76247736861230        1.40823016704143
C           -0.58370378249111        2.25348324900341        1.47824091952294
N            2.80683703686453        1.56515178779029       -0.07374595862199
C            3.94342999248996        2.29712088619104       -0.24638464445041
N            5.02715000081218        1.59308725920017       -0.35706387181558
C            4.61035459806844        0.28695741164892       -0.25368704421452
C            3.20529998204324        0.25294813159625       -0.07135641351581
C            2.58758591936888       -0.99717320681577        0.05811258714733
C            1.29536197201957       -1.55343860085316        0.25699755954047
C            1.44359838236539       -2.90989192221057        0.28315218566910
N            2.75245819616942       -3.23981456256664        0.10925939409636
C            3.48108201143399       -2.10154606409337       -0.02685608367251
N            4.80575693449627       -2.07641399044077       -0.20403453984029
C            5.36303944245719       -0.89052892616513       -0.31292314784539
H           -2.55320664076027       -0.04828533237252       -1.39255213212718
H            3.13961305920114       -4.16825009807759        0.09384726364442
H           -3.93587393953881       -2.10248222894215       -1.56825311970634
H           -3.92114234323574       -0.57359735846552        0.96272602326189
H           -5.79962133224435       -0.58960473125326       -1.31415437073770
H           -6.17336181998948       -0.55561823655728        0.42825152626814
H           -5.30136146779383        1.72493461625701        0.61829683083691
H           -6.23679804047194        1.77448538447258       -0.88102218826318
H           -4.25304670798084        1.37730125412011       -2.22630317949732
H           -3.65780909762069        2.49803032078401       -0.99514774881767
H           -1.46757156502890        1.80969080255562       -1.73735053275169
H           -0.83465047740210        3.25567278819908       -0.93782187121122
H            0.59067354975878        0.55455131010674       -1.14035938185273
H            0.98824627236900        2.01207996643332       -2.04873840360172
H            1.59066838316573        3.20603409469350       -0.01324622706809
H            0.89573171930697        0.68497347382169        1.56017854281567
H            1.43863768398916        2.22809018107007        2.20687408167430
H           -0.60964450268074        3.34578183055934        1.43523061967193
H           -1.05160223115982        1.92169946953141        2.40564588717459
H            3.92848499880122        3.36890446436178       -0.28667652789273
H            0.36976909748411       -1.03298664045522        0.39246235287156
H            0.69902094227549       -3.66856399903822        0.41736130225411
H            6.43348017029386       -0.86340720776363       -0.45273665909930
H           -2.25272515100967       -3.49741162220751       -0.26465669823940
H           -1.64632042888090       -1.90653428766245       -0.66056028774897
H           -2.23125489270514       -2.24847752660876        0.97252224767701
H           -5.83569175905114       -2.81347016382788       -0.14627110157665
H           -4.56764129957828       -4.01693337738757       -0.06264464168569
H           -4.77397307031734       -2.89026216036473        1.26873189445392
57
 energy: -81.183770863078 gnorm: 0.000129553109 xtb: 6.7.1 (edcfbbe)
C           -4.81828838257265       -2.99031659115718        0.18667448221414
C           -3.81993913047210       -2.05208540269915       -0.48148079240797
C           -2.39887272952134       -2.43633041135973       -0.08625375812917
N           -4.10513777542812       -0.64765705601051       -0.07014675802620
C           -5.49434114197706       -0.20024378594521       -0.34207001519000
C           -5.38555447596457        1.31497420096171       -0.38765086254465
C           -4.08328562598995        1.51263999282724       -1.15826949434568
C           -3.18257972833047        0.38763640688246       -0.61819907624341
C           -2.34026270718433        0.87320013965526        0.57963414906248
O           -2.65889130088561        0.46625678448267        1.70069234317417
N           -1.35498879832071        1.73396516576675        0.36249422004714
C           -0.84238526129067        2.16243542571226       -0.92245445779076
C            0.58560107137155        1.64322823021177       -1.10528029910151
C            1.47582246865545        2.11724911136917        0.04948544462153
C            0.86056831834536        1.76158640966623        1.40782597505590
C           -0.58359801836255        2.25321127012731        1.47852770881575
N            2.80634520658786        1.56464368452176       -0.07480026276710
C            3.94268390065510        2.29687098711173       -0.24792813578494
N            5.02661209114461        1.59315860922485       -0.35846070902706
C            4.61025426661048        0.28694699083175       -0.25448775279522
C            3.20521582476083        0.25253320974976       -0.07203941571830
C            2.58789041994526       -0.99772637548645        0.05792146525406
C            1.29586952305828       -1.55443218025910        0.25687213862166
C            1.44470817956620       -2.91079279327221        0.28442301475144
N            2.75371607745669       -3.24030512315673        0.11093554676891
C            3.48189122965696       -2.10180713556954       -0.02562831743506
N            4.80655962443021       -2.07630008926943       -0.20283154653924
C            5.36341165026982       -0.89030143044002       -0.31290430023831
H           -2.55343726218568       -0.04753264056943       -1.39261887702186
H            3.14168719995110       -4.16840806643969        0.09761265465359
H           -3.93589101754373       -2.10206099227278       -1.56866934801342
H           -3.92129567749670       -0.57358827972816        0.96257713797974
H           -5.79950545418768       -0.58889121444922       -1.31464508137581
H           -6.17358938944730       -0.55589167573490        0.42772471889776
H           -5.30142823576665        1.72449627801472        0.61919220243906
H           -6.23707083274632        1.77500497668853       -0.87997470387966
H           -4.25331774335224        1.37858031298060       -2.22567926996916
H           -3.65810629971116        2.49865845668201       -0.99392659173363
H           -1.46854813487189        1.81091133538635       -1.73697882054555
H           -0.83493533914678        3.25631940283725       -0.93699994614508
H            0.58946085426987        0.55476496450782       -1.14095136887887
H            0.98724751238399        2.01243799316300       -2.04905902647042
H            1.59047725586775        3.20562169543037       -0.01319772099213
H            0.89509787551410        0.68396383705161        1.55909531446348
H            1.43897857811692        2.22642543334600        2.20658593168685
H           -0.60920877498615        3.34551897050032        1.43585763338304
H           -1.05134147069648        1.92131232081804        2.40596890909515
H            3.92736461751508        3.36864204903598       -0.28855817446584
H            0.36993712899604       -1.03427011086837        0.39111191214052
H            0.70036885554028       -3.66967047339770        0.41884433394624
H            6.43379645380746       -0.86304992631383       -0.45310256878995
H           -2.25235761769644       -3.49687908984593       -0.26553166566607
H           -1.64630551206394       -1.90580130621065       -0.66108017674256
H           -2.23105089245956       -2.24826106697161        0.97196544710929
H           -5.83545026284004       -2.81356514052989       -0.14676078562341
H           -4.56712706278955       -4.01675738586157       -0.06299341363731
H           -4.77373923518880       -2.89002995652631        1.26828604615340
57
 energy: -81.183771101014 gnorm: 0.000118661897 xtb: 6.7.1 (edcfbbe)
C           -4.81808949092732       -2.99020490263077        0.18623650257004
C           -3.81992355771809       -2.05173751818910       -0.48186970768880
C           -2.39877212085987       -2.43585532264709       -0.08683072869580
N           -4.10529919154988       -0.64741655329116       -0.07027967540760
C           -5.49453397589651       -0.20011424242952       -0.34215873800605
C           -5.38590704787288        1.31513366552815       -0.38702505181650
C           -4.08370941107055        1.51330089566074       -1.15763551746628
C           -3.18288017641047        0.38813321355749       -0.61807032040658
C           -2.34033569456753        0.87320395597763        0.57979768659013
O           -2.65887734172677        0.46600950431730        1.70077831223266
N           -1.35520496245018        1.73416424746895        0.36275192229623
C           -0.84285472115875        2.16293310550991       -0.92220201034923
C            0.58488427395449        1.64325034450252       -1.10559170926397
C            1.47550137691540        2.11675719950428        0.04906855940160
C            0.86056885528142        1.76068424832598        1.40744336748350
C           -0.58339285542243        2.25283552421966        1.47875636233828
N            2.80599341913270        1.56423326835488       -0.07579103550327
C            3.94214530725478        2.29668767596223       -0.24930419877746
N            5.02623491542247        1.59321706148213       -0.35965738696000
C            4.61022553472035        0.28695248847666       -0.25524012371337
C            3.20521985664830        0.25223411776289       -0.07254022814121
C            2.58828517020773       -0.99813756228874        0.05799856748068
C            1.29639565901535       -1.55513675018785        0.25698650611164
C            1.44570637149416       -2.91142725185018        0.28554255462763
N            2.75482782870270       -3.24060969967453        0.11252691292070
C            3.48268282335726       -2.10198188217481       -0.02465422727623
N            4.80737080020201       -2.07621688095006       -0.20183522325836
C            5.36375933096384       -0.89006895616110       -0.31295396537275
H           -2.55382343550552       -0.04673690204515       -1.39272368773682
H            3.14327986391510       -4.16851878923015        0.10055229164046
H           -3.93596050926648       -2.10156893179149       -1.56905697767469
H           -3.92149575086513       -0.57355475805293        0.96245629947486
H           -5.79950062073804       -0.58833358306249       -1.31497228003501
H           -6.17382323298790       -0.55624865199313        0.42737245182528
H           -5.30174502510311        1.72418368913701        0.62001036743107
H           -6.23750015756629        1.77532699014393       -0.87905792390168
H           -4.25378400666559        1.37971739189796       -2.22510248615838
H           -3.65862414419535        2.49929591491799       -0.99287976714705
H           -1.46942782222626        1.81199379815972       -1.73665456698598
H           -0.83497240272605        3.25682245452236       -0.93632519770044
H            0.58841443105781        0.55477845944500       -1.14152770831602
H            0.98640117407726        2.01256372938644       -2.04938751572063
H            1.59017789966769        3.20514803842651       -0.01323266255786
H            0.89471733253970        0.68298471449122        1.55823687652226
H            1.43940437344725        2.22493462350390        2.20623338738779
H           -0.60860395877287        3.34516478223506        1.43643042475642
H           -1.05100175081452        1.92082060909450        2.40622309874481
H            3.92654475731736        3.36844167759828       -0.29029121006200
H            0.37021235438690       -1.03522194510132        0.39039065514471
H            0.70159405391009       -3.67047443672240        0.42031920532966
H            6.43413444016900       -0.86251690781630       -0.45316559611422
H           -2.25208338987627       -3.49633646448491       -0.26637786794309
H           -1.64634646562423       -1.90507453099154       -0.66161329907733
H           -2.23089204207304       -2.24800661135640        0.97141368698210
H           -5.83526801081755       -2.81365222665029       -0.14724793623964
H           -4.56670097475257       -4.01658912380896       -0.06342920642894
H           -4.77361306255304       -2.88992705878891        1.26785497491070
57
 energy: -81.183771331842 gnorm: 0.000103196527 xtb: 6.7.1 (edcfbbe)
C           -4.81791972288288       -2.99009475048578        0.18572121456746
C           -3.81994778567740       -2.05134192799725       -0.48228062393641
C           -2.39869754918463       -2.43530580949270       -0.08746071297682
N           -4.10553492404134       -0.64715016575507       -0.07039081514936
C           -5.49482666025521       -0.20000414535177       -0.34218747982378
C           -5.38646816935091        1.31527628122170       -0.38636946084432
C           -4.08430623571779        1.51397223226227       -1.15690107843617
C           -3.18327472264655        0.38866216853793       -0.61795047192762
C           -2.34053072936586        0.87334820387250        0.57994523739887
O           -2.65878759948769        0.46568386113386        1.70082910256733
N           -1.35542827892275        1.73438359599258        0.36299817944394
C           -0.84323999439321        2.16336663961697       -0.92195483390366
C            0.58421146525224        1.64311493838822       -1.10594376119504
C            1.47522749867208        2.11618774730443        0.04859066529159
C            0.86068972704053        1.75968902307991        1.40703374080139
C           -0.58308632206692        2.25230831246282        1.47898010042858
N            2.80572389901115        1.56387256703209       -0.07686658189639
C            3.94168975228101        2.29655486908078       -0.25082734484727
N            5.02592990160994        1.59330462188172       -0.36100753794263
C            4.61028908429475        0.28699585975397       -0.25584706063856
C            3.20528886277150        0.25199425574061       -0.07307795585206
C            2.58877923371510       -0.99850233657581        0.05816372994315
C            1.29701594461379       -1.55575038664104        0.25725229056194
C            1.44676106757225       -2.91197560715113        0.28679158296036
N            2.75599166269978       -3.24085508597549        0.11419889581467
C            3.48355263885286       -2.10211569022231       -0.02364277430492
N            4.80826485685694       -2.07610082778449       -0.20071824119069
C            5.36419212040111       -0.88980201648896       -0.31272376917141
H           -2.55435276956877       -0.04585723769007       -1.39291752945499
H            3.14470540710897       -4.16866097220105        0.10295524731516
H           -3.93607900829406       -2.10097870517427       -1.56946643186335
H           -3.92175354131318       -0.57349677209492        0.96234936462125
H           -5.79962041971879       -0.58782040791678       -1.31521797553593
H           -6.17412238732890       -0.55663597680342        0.42710397309073
H           -5.30236258717840        1.72389071849093        0.62084614468752
H           -6.23814643114672        1.77555140804267       -0.87818452018631
H           -4.25439852038899        1.38086569095619       -2.22442881761935
H           -3.65935470737751        2.49995419186167       -0.99171041904590
H           -1.47028665560676        1.81310539293204       -1.73632430819194
H           -0.83481290988403        3.25725668415479       -0.93563719516663
H            0.58735029955977        0.55463655783456       -1.14207962753005
H            0.98562106258727        2.01245752626815       -2.04978144746407
H            1.58978460091433        3.20461512760967       -0.01336903315751
H            0.89454010351161        0.68192918303945        1.55740333832843
H            1.43996946377113        2.22341984213632        2.20580801927090
H           -0.60787811129855        3.34466103158408        1.43706713188935
H           -1.05056893063609        1.92012781515019        2.40644812631364
H            3.92582655311105        3.36828556215148       -0.29224647197139
H            0.37061213845243       -1.03606861789038        0.38995415015400
H            0.70287360514000       -3.67117657759163        0.42197060697657
H            6.43454648397558       -0.86186913981974       -0.45306588593228
H           -2.25181479037085       -3.49571451572289       -0.26728834714206
H           -1.64643848599468       -1.90424320651962       -0.66220340976252
H           -2.23074705614179       -2.24768011719429        0.97081002250705
H           -5.83512030084606       -2.81374853702507       -0.14780257665275
H           -4.56628103633478       -4.01640385537947       -0.06399957249981
H           -4.77351519735502       -2.88987957542914        1.26734844458003
57
 energy: -81.183771555594 gnorm: 0.000083422246 xtb: 6.7.1 (edcfbbe)
C           -4.81776272572087       -2.98999048705541        0.18507825682462
C           -3.82002360242523       -2.05087043642983       -0.48276295252605
C           -2.39863435467152       -2.43459787771295       -0.08821306134035
N           -4.10587737784323       -0.64685376153874       -0.07045908912452
C           -5.49525394357857       -0.19991172229265       -0.34210443822940
C           -5.38724241755340        1.31541760833918       -0.38560030802153
C           -4.08511805637324        1.51476513433719       -1.15603895379095
C           -3.18385212366524        0.38928253753474       -0.61780265343994
C           -2.34070754253047        0.87340054323939        0.58005304705758
O           -2.65870871881714        0.46534512539275        1.70086132113695
N           -1.35560124214542        1.73446854266298        0.36318804473315
C           -0.84361682649481        2.16366582095565       -0.92177946531828
C            0.58353051690078        1.64277645608005       -1.10629272355646
C            1.47502368247966        2.11555546078033        0.04799516981357
C            0.86092565988911        1.75869647690849        1.40653831764426
C           -0.58271167981684        2.25164357357198        1.47915546305173
N            2.80556976472913        1.56354339188699       -0.07798013602473
C            3.94132815177602        2.29645384098930       -0.25244884236638
N            5.02572803325568        1.59342991548073       -0.36242943821205
C            4.61046851628788        0.28707405839646       -0.25642122838376
C            3.20548237086528        0.25179360926647       -0.07353433836615
C            2.58940502222920       -0.99883468328194        0.05846244724162
C            1.29777713946289       -1.55632322487022        0.25774273486914
C            1.44791347161544       -2.91248559554319        0.28808975543877
N            2.75728497129578       -3.24106809572835        0.11607376737145
C            3.48453259657423       -2.10222114130694       -0.02256668300244
N            4.80926728368642       -2.07593422922913       -0.19951211237864
C            5.36475095001317       -0.88950847332378       -0.31243109171974
H           -2.55515327495311       -0.04484403633789       -1.39317148815261
H            3.14606284665126       -4.16884518121775        0.10496135723708
H           -3.93626249303419       -2.10022181582818       -1.56995095585924
H           -3.92205723801224       -0.57346182212235        0.96228018559365
H           -5.79992136015110       -0.58736995855544       -1.31532069772911
H           -6.17448339003733       -0.55706415627109        0.42700120311123
H           -5.30329104019947        1.72363556235314        0.62178750872119
H           -6.23901308670604        1.77569565407059       -0.87725718576152
H           -4.25522884439568        1.38221556479967       -2.22363629602763
H           -3.66032628884710        2.50073230056037       -0.99033580555710
H           -1.47118588882808        1.81412524893275       -1.73605897199264
H           -0.83455313098709        3.25755671916714       -0.93500312372204
H            0.58624919979885        0.55429387350782       -1.14246778497968
H            0.98482078878588        2.01200004677807       -2.05022613268295
H            1.58934607529361        3.20402669431165       -0.01371141009328
H            0.89459117729957        0.68089541244219        1.55656814232395
H            1.44062522224358        2.22202295717871        2.20524833783530
H           -0.60717712100325        3.34402107334548        1.43775629852620
H           -1.04998492573287        1.91918595242598        2.40662855827140
H            3.92517414872566        3.36815048795461       -0.29455355483262
H            0.37117671220050       -1.03687179378656        0.38993285288271
H            0.70425887427667       -3.67183035268547        0.42373610423112
H            6.43511366309366       -0.86116588758365       -0.45268223002673
H           -2.25151701898280       -3.49491743618618       -0.26835663919094
H           -1.64656694747028       -1.90319485252472       -0.66289854703897
H           -2.23060549360158       -2.24723518478506        0.97009082457246
H           -5.83500708205725       -2.81387954208669       -0.14844444096772
H           -4.56582301478901       -4.01618347177815       -0.06480488700639
H           -4.77340369500540       -2.88994547838855        1.26672320523338
57
 energy: -81.183771702148 gnorm: 0.000061598353 xtb: 6.7.1 (edcfbbe)
C           -4.81758428381388       -2.98995712043051        0.18445025848491
C           -3.82011976191147       -2.05041916328864       -0.48321128120091
C           -2.39860626625265       -2.43393461313200       -0.08890601616671
N           -4.10623363787857       -0.64657522546705       -0.07049711310511
C           -5.49570509580195       -0.19982270012881       -0.34192779172313
C           -5.38800766554011        1.31554623443551       -0.38488169943771
C           -4.08589308693570        1.51546861062101       -1.15520277323600
C           -3.18440618906563        0.38982345936410       -0.61766506249736
C           -2.34093362084843        0.87348958583044        0.58014090431286
O           -2.65872202676616        0.46510206591334        1.70088752454514
N           -1.35570323208149        1.73443598650307        0.36331632025253
C           -0.84381909744128        2.16373348238278       -0.92166156237879
C            0.58307407465686        1.64229940391774       -1.10660850638974
C            1.47487914880327        2.11506378437086        0.04744258342015
C            0.86116809210267        1.75805438740344        1.40612441809027
C           -0.58241564648030        2.25109069884962        1.47925815960597
N            2.80547883808469        1.56328567671874       -0.07887174859696
C            3.94104294819316        2.29638097762929       -0.25384818604179
N            5.02560473580134        1.59356150093411       -0.36355167609017
C            4.61067495427084        0.28716234085659       -0.25678589550550
C            3.20570651373110        0.25163593718917       -0.07379833329660
C            2.58996119761300       -0.99909538767348        0.05879444665704
C            1.29844645202445       -1.55680685153331        0.25817499729336
C            1.44892404723515       -2.91291264471034        0.28922736975762
N            2.75841829692666       -3.24124621393391        0.11761271557681
C            3.48536470813747       -2.10229551036953       -0.02171507897511
N            4.81010943156575       -2.07575146086327       -0.19854299450035
C            5.36528018893629       -0.88924937453672       -0.31208019593259
H           -2.55594071671042       -0.04395857736751       -1.39341786347291
H            3.14719151117114       -4.16902776479198        0.10626760390187
H           -3.93644056368592       -2.09947727748825       -1.57040386165089
H           -3.92233887718565       -0.57343964934212        0.96224093739403
H           -5.80032525178035       -0.58701556737654       -1.31526129344374
H           -6.17483835337508       -0.55737928431285        0.42707677838467
H           -5.30421691698637        1.72343671527525        0.62264940032577
H           -6.23985826091099        1.77579776868391       -0.87643203981451
H           -4.25599837179626        1.38349119041631       -2.22287238630949
H           -3.66122900401905        2.50140011166483       -0.98895521013965
H           -1.47175906322680        1.81470587918820       -1.73586735846904
H           -0.83428666254356        3.25762260281378       -0.93460673088470
H            0.58542489583018        0.55380613784215       -1.14257776572390
H            0.98422999825268        2.01124674616770       -2.05070975207413
H            1.58901948260183        3.20355975543303       -0.01424757730538
H            0.89480878281447        0.68023956174294        1.55600238628164
H            1.44113332304688        2.22122290413012        2.20473610613345
H           -0.60677046817145        3.34348545317375        1.43827612144284
H           -1.04947608771426        1.91833065596342        2.40672982423020
H            3.92463944326847        3.36805065615469       -0.29653167235439
H            0.37167826926515       -1.03755410968582        0.38996722302848
H            0.70546427412909       -3.67237491337605        0.42526781334533
H            6.43564093373834       -0.86064320245416       -0.45228722256479
H           -2.25123583698239       -3.49416729543261       -0.26935641876337
H           -1.64673493140499       -1.90218096282869       -0.66352552596552
H           -2.23051684470171       -2.24681078722961        0.96943245560764
H           -5.83487277331123       -2.81402214104616       -0.14902221804830
H           -4.56539710103279       -4.01603383979518       -0.06566667946929
H           -4.77324395284391       -2.89013968777475        1.26611637975588
57
 energy: -81.183771793738 gnorm: 0.000050026942 xtb: 6.7.1 (edcfbbe)
C           -4.81745754241448       -2.98996007102010        0.18392298830720
C           -3.82019973689807       -2.05008717798092       -0.48356422208810
C           -2.39856978218986       -2.43339568362621       -0.08945929633428
N           -4.10652993780135       -0.64639464947523       -0.07048954592890
C           -5.49606986784191       -0.19975501521242       -0.34172064443416
C           -5.38858442958595        1.31564733768010       -0.38427789642616
C           -4.08649156893662        1.51603406382959       -1.15452822650598
C           -3.18488620727010        0.39021504738253       -0.61753782624619
C           -2.34112321306475        0.87350585263692        0.58020703373856
O           -2.65884504978028        0.46503993985309        1.70094418517760
N           -1.35574787256481        1.73427271256926        0.36334613737990
C           -0.84398143298995        2.16358902105928       -0.92166960845269
C            0.58277794142439        1.64183845569263       -1.10676446401468
C            1.47483352851525        2.11475539666662        0.04701556820195
C            0.86134493574088        1.75780172461683        1.40580461347837
C           -0.58226390808907        2.25074464849565        1.47924341048003
N            2.80547620814935        1.56309769540612       -0.07943455351786
C            3.94089131730740        2.29632459982070       -0.25476317006341
N            5.02557418443890        1.59366142528783       -0.36429559972326
C            4.61088243470459        0.28722821474103       -0.25696443630088
C            3.20592673240513        0.25151065332015       -0.07394169023822
C            2.59037534786026       -0.99928456884887        0.05901764913108
C            1.29896424525573       -1.55717259333945        0.25857128206879
C            1.44966753515517       -2.91324235797011        0.28997387290250
N            2.75925619773011       -3.24139391868129        0.11862578446231
C            3.48597491279730       -2.10235398845338       -0.02109946824060
N            4.81071539544588       -2.07561348917070       -0.19787796974434
C            5.36570255657898       -0.88907426357470       -0.31182372909550
H           -2.55663475307403       -0.04331488111704       -1.39359844885936
H            3.14805584097459       -4.16916461158304        0.10704536013620
H           -3.93659205041611       -2.09889111973100       -1.57076069232285
H           -3.92254622240658       -0.57345705752629        0.96224824208498
H           -5.80072054973475       -0.58675319139369       -1.31512067126129
H           -6.17509857534413       -0.55758570073018        0.42725044973049
H           -5.30490650307476        1.72328487751949        0.62336337684530
H           -6.24049149763026        1.77589192423364       -0.87573860618142
H           -4.25660585668193        1.38456879216047       -2.22225727217464
H           -3.66189362099474        2.50191775071932       -0.98780526298749
H           -1.47213237388854        1.81480957431532       -1.73582364165551
H           -0.83417339922016        3.25747526662391       -0.93450463692583
H            0.58491953093598        0.55333758423064       -1.14243715624188
H            0.98383382443676        2.01046880649562       -2.05102309310367
H            1.58886863847358        3.20325507111998       -0.01480970408257
H            0.89509279661257        0.67999556832887        1.55571801299586
H            1.44143144107061        2.22104627160418        2.20428328702759
H           -0.60670452753326        3.34314777490886        1.43850502915855
H           -1.04913347645309        1.91775650104645        2.40673220289802
H            3.92429322826350        3.36797454074539       -0.29788759180958
H            0.37208781975947       -1.03806399449541        0.39017685136302
H            0.70633548518307       -3.67278865210759        0.42623288868818
H            6.43606181202054       -0.86036243404486       -0.45200191216165
H           -2.25098492918863       -3.49354958857683       -0.27017725285420
H           -1.64684554707911       -1.90134274275096       -0.66399658147458
H           -2.23044894201491       -2.24649391178300        0.96891450107480
H           -5.83480617607532       -2.81414043962857       -0.14943882398691
H           -4.56508138234515       -4.01592348897638       -0.06646260286443
H           -4.77305806565722       -2.89039855611222        1.26560880727174
