  57
 Etot=         -81.1364880392
 C         -7.4344415131       -1.2351329300       -0.2620069200
 C         -5.9992412145       -1.0326289974       -0.7339506370
 C         -5.2019815416       -2.3321523494       -0.6584258090
 N         -5.3040838209        0.0290110138        0.1631178090
 C         -6.0624977851        1.3582905237        0.2514950107
 C         -4.9892346519        2.4123312821        0.5439183910
 C         -3.7082027440        1.9027518657       -0.1357041033
 C         -3.8967935032        0.3845593160       -0.3470655106
 C         -2.8655534166       -0.3998574190        0.4780401728
 O         -3.2179493194       -0.8712219016        1.5676569402
 N         -1.6058273438       -0.6096112724       -0.0194972224
 C         -0.5699568540       -1.2262764408        0.8711547101
 C          0.6095471540       -0.2678055010        1.0937523640
 C          1.1655707272        0.1758730022       -0.2733888724
 C          0.0680627762        0.9229209202       -1.0533719324
 C         -1.0905458674       -0.0547304587       -1.3056256612
 N          2.3865061265        1.0004673337       -0.1064423445
 C          2.4920783668        2.4129385235       -0.0363647078
 N          3.7755362091        2.8171262839        0.0243359880
 C          4.5542696666        1.6477456854        0.0008453358
 C          3.6929542094        0.4995365308       -0.0643166805
 C          4.2635850594       -0.7890567930       -0.0574438030
 C          3.8247254521       -2.1457433140       -0.0374116913
 C          4.9607358738       -2.9495050456       -0.0116442188
 N          6.1114215465       -2.1468281011       -0.0155544103
 C          5.7071608141       -0.8105319487       -0.0329987234
 N          6.5539928517        0.2925301192       -0.0056092128
 C          5.9738798001        1.4929317527        0.0199264100
 H         -3.8393200390        0.1266946384       -1.4395947156
 H          7.0699658806       -2.4757989113        0.0003956111
 H         -5.9959986181       -0.6302062928       -1.7858871908
 H         -5.2022945404       -0.3716189624        1.1459978571
 H         -6.5671936071        1.5712249647       -0.7276257645
 H         -6.8289250731        1.3006047584        1.0668269020
 H         -4.8323145145        2.5236372035        1.6448834733
 H         -5.2935227221        3.4064173695        0.1342368184
 H         -3.5656121953        2.4038018172       -1.1251616745
 H         -2.8157191017        2.1197311306        0.5001286672
 H         -1.0417231184       -1.4790788562        1.8607273786
 H         -0.2218393188       -2.1732023400        0.3759780210
 H          0.2771527311        0.6258372783        1.6785546643
 H          1.4001724383       -0.7924676748        1.6858206038
 H          1.4760984384       -0.7332544602       -0.8672095059
 H         -0.3032885224        1.8044113621       -0.4745522223
 H          0.4608374980        1.2872966905       -2.0363690236
 H         -0.7348250712       -0.9302088106       -1.9214788251
 H         -1.8935446447        0.4717347039       -1.8786864949
 H          1.6254589157        3.0684054093       -0.0309394701
 H          2.8082115558       -2.4899091792       -0.0297881926
 H          5.0285051311       -4.0291582700        0.0149444256
 H          6.6242615088        2.3784226881        0.0549694099
 H         -4.1781230652       -2.2266201726       -1.0822458415
 H         -5.1270238586       -2.7102662055        0.3893157172
 H         -5.7316631739       -3.1127330814       -1.2647616134
 H         -8.0657222059       -0.3353634896       -0.4471036937
 H         -7.8847024820       -2.0807952878       -0.8450601344
 H         -7.4855317417       -1.5030593933        0.8191688158
  57
 Etot=         -81.1695126111
 C         -7.4267826445       -1.2299248158       -0.2606797249
 C         -5.9894599828       -1.0214521817       -0.7168509428
 C         -5.2051721964       -2.3256933126       -0.6602225982
 N         -5.2937068084        0.0417368191        0.1372212149
 C         -6.0472027788        1.3461147170        0.2471212798
 C         -4.9890384935        2.4039736239        0.5450746886
 C         -3.7135479309        1.8990824867       -0.1406913002
 C         -3.8966912678        0.3803110107       -0.3466969772
 C         -2.8645550927       -0.4115484106        0.4722604395
 O         -3.2149745268       -0.8618291182        1.5636645726
 N         -1.6118685537       -0.5887012335       -0.0109742747
 C         -0.5826454631       -1.2077341746        0.8526489793
 C          0.6042454886       -0.2661958311        1.0803522108
 C          1.1781616530        0.1912327564       -0.2680848062
 C          0.0715498857        0.9122450579       -1.0462936157
 C         -1.0909691260       -0.0582956421       -1.2828355266
 N          2.3964622556        0.9946115585       -0.1088042857
 C          2.5197172692        2.3744860888       -0.0403983856
 N          3.7661913992        2.7818976596        0.0223007332
 C          4.5390757599        1.6317884384        0.0002446098
 C          3.6861024689        0.4995329022       -0.0646877118
 C          4.2616313640       -0.7804231586       -0.0566268446
 C          3.8353662240       -2.1357564632       -0.0396363618
 C          4.9617501762       -2.9159064031       -0.0132243147
 N          6.0862946483       -2.1162595770       -0.0150652385
 C          5.6887686948       -0.7996147123       -0.0305850903
 N          6.5152445734        0.2800938144       -0.0036017479
 C          5.9422339099        1.4701211826        0.0204467704
 H         -3.8518259618        0.1193055456       -1.4140834588
 H          7.0412344354       -2.4452610606        0.0012659063
 H         -5.9898491623       -0.6291006094       -1.7498583670
 H         -5.1744113785       -0.3586542928        1.1001733299
 H         -6.5427367962        1.5477408089       -0.7125480738
 H         -6.8072572254        1.2882191861        1.0372614254
 H         -4.8348900124        2.5127415057        1.6262517804
 H         -5.2899921433        3.3836035887        0.1540371817
 H         -3.5668785995        2.3967531294       -1.1074865549
 H         -2.8342306300        2.1130166201        0.4804407632
 H         -1.0503088079       -1.4682276390        1.8155977543
 H         -0.2383432198       -2.1414610890        0.3759552541
 H          0.2843146692        0.6104808010        1.6624548891
 H          1.3772070562       -0.7839667633        1.6674385235
 H          1.4809287081       -0.7032199370       -0.8481441399
 H         -0.2900710276        1.7822867700       -0.4807864692
 H          0.4537694582        1.2738497020       -2.0121341710
 H         -0.7406770744       -0.9125190433       -1.8916419654
 H         -1.8786955879        0.4530809096       -1.8476964775
 H          1.6679578006        3.0331652716       -0.0351036988
 H          2.8236468626       -2.4913639942       -0.0309274386
 H          5.0387109627       -3.9898414397        0.0121686276
 H          6.5986018316        2.3387197361        0.0540736306
 H         -4.1960106409       -2.2279692280       -1.0689568280
 H         -5.1266163099       -2.6973117597        0.3667791665
 H         -5.7212500367       -3.0931694849       -1.2501700817
 H         -8.0524341156       -0.3509896775       -0.4370419628
 H         -7.8708330675       -2.0573517813       -0.8282543558
 H         -7.4797473503       -1.4980385497        0.7984647321
  57
 Etot=         -81.1772864524
 C         -7.4076435891       -1.2151668182       -0.2477462778
 C         -5.9711104723       -1.0031793711       -0.7100781736
 C         -5.1990254890       -2.3140700586       -0.6534878936
 N         -5.2726377607        0.0392238664        0.1282492602
 C         -6.0290978889        1.3198921229        0.2331796680
 C         -4.9848794044        2.3831138155        0.5467595537
 C         -3.7114938275        1.8935807876       -0.1512303322
 C         -3.8970490621        0.3756867269       -0.3620298592
 C         -2.8616130882       -0.3992164931        0.4753400123
 O         -3.2281584075       -0.8600004290        1.5549035207
 N         -1.6145068661       -0.5485758102        0.0036644300
 C         -0.5982819857       -1.1883312241        0.8375916553
 C          0.5965950904       -0.2611627282        1.0769344626
 C          1.1804611671        0.1889933885       -0.2673046011
 C          0.0750840738        0.9136170428       -1.0377741922
 C         -1.0928058252       -0.0529724725       -1.2623340840
 N          2.3892430611        0.9827815258       -0.1097631234
 C          2.5256613648        2.3399655566       -0.0429601148
 N          3.7494950803        2.7557641885        0.0178619508
 C          4.5188914026        1.6172593298        0.0009536607
 C          3.6680334090        0.4932114895       -0.0640774448
 C          4.2468713542       -0.7790527488       -0.0561483924
 C          3.8312109774       -2.1344941560       -0.0437830313
 C          4.9618180996       -2.8927884798       -0.0162317856
 N          6.0652221439       -2.0907269380       -0.0137177892
 C          5.6661862716       -0.7909117726       -0.0275147492
 N          6.4801331662        0.2699922241       -0.0000139658
 C          5.9115775518        1.4545919479        0.0223652383
 H         -3.8471268062        0.1123235828       -1.4151816110
 H          7.0193655735       -2.4121958824        0.0045768004
 H         -5.9806257537       -0.6211368738       -1.7344409230
 H         -5.1323736575       -0.3557227883        1.0777769703
 H         -6.5081970031        1.5210323075       -0.7225654765
 H         -6.7873386225        1.2564544847        1.0079121051
 H         -4.8296483410        2.4760029197        1.6189499844
 H         -5.2896752189        3.3560835276        0.1718634324
 H         -3.5756661302        2.3902386675       -1.1071985736
 H         -2.8388707873        2.1026993401        0.4630648899
 H         -1.0618297535       -1.4522689002        1.7871187403
 H         -0.2613404781       -2.1070807977        0.3509551816
 H          0.2856390203        0.6107984141        1.6532121517
 H          1.3530798518       -0.7905989994        1.6558151916
 H          1.4857876206       -0.6950813686       -0.8375540081
 H         -0.2751407339        1.7771874650       -0.4739136855
 H          0.4470352210        1.2596036988       -2.0008310511
 H         -0.7444410598       -0.9077038149       -1.8499008997
 H         -1.8696770482        0.4546106824       -1.8225940787
 H          1.6857352204        3.0041514576       -0.0453044607
 H          2.8246716794       -2.5014125045       -0.0365717459
 H          5.0535467937       -3.9614161224        0.0065252292
 H          6.5729487070        2.3098514197        0.0554318734
 H         -4.1979221406       -2.2208173657       -1.0590964129
 H         -5.1248427937       -2.6808218976        0.3658732743
 H         -5.7201119167       -3.0634593875       -1.2388086312
 H         -8.0297318385       -0.3448786203       -0.4188699905
 H         -7.8400741198       -2.0323841934       -0.8158392229
 H         -7.4558624897       -1.4886726564        0.8008920176
  57
 Etot=         -81.1788071666
 C         -7.3884748298       -1.2049578750       -0.2325562060
 C         -5.9548575089       -0.9993614312       -0.7080349217
 C         -5.1875387148       -2.3129632502       -0.6520975054
 N         -5.2552298978        0.0389964230        0.1179309709
 C         -6.0153729908        1.3097404667        0.2228797035
 C         -4.9752965538        2.3716264005        0.5521469716
 C         -3.7069035462        1.8965621952       -0.1666806866
 C         -3.8909790565        0.3784596816       -0.3782794122
 C         -2.8682493147       -0.3991162390        0.4706430689
 O         -3.2429874249       -0.8481619348        1.5534227732
 N         -1.6183966513       -0.5261669108        0.0134802565
 C         -0.6108836614       -1.1781041342        0.8382905097
 C          0.5909207776       -0.2615058914        1.0811807926
 C          1.1737795637        0.1831117775       -0.2647182328
 C          0.0756005206        0.9151682067       -1.0357888205
 C         -1.0995786745       -0.0439649337       -1.2533790980
 N          2.3765765376        0.9767534983       -0.1089308770
 C          2.5102371774        2.3321265385       -0.0486627262
 N          3.7345380742        2.7518909001        0.0174177939
 C          4.5041387993        1.6130688662        0.0036700500
 C          3.6532996441        0.4869134570       -0.0617983412
 C          4.2301299277       -0.7843496558       -0.0553082725
 C          3.8202797994       -2.1419414456       -0.0491683440
 C          4.9583654947       -2.8925194827       -0.0208670238
 N          6.0554105861       -2.0843862797       -0.0116502924
 C          5.6501784611       -0.7888785158       -0.0233705616
 N          6.4640005934        0.2700321966        0.0071262755
 C          5.8949195056        1.4547243969        0.0278822710
 H         -3.8382823462        0.1068527031       -1.4294132294
 H          7.0117883075       -2.3960013703        0.0096223451
 H         -5.9712637618       -0.6179496524       -1.7321875126
 H         -5.0934085370       -0.3556450327        1.0645512623
 H         -6.4778896161        1.5097652591       -0.7424115943
 H         -6.7840823000        1.2344637193        0.9871354487
 H         -4.8127600791        2.4356514767        1.6264306388
 H         -5.2893587683        3.3508833341        0.2002322702
 H         -3.5861072565        2.3995451888       -1.1220047730
 H         -2.8281832153        2.1028910326        0.4397518513
 H         -1.0758664638       -1.4529939475        1.7845102360
 H         -0.2794109165       -2.0883100563        0.3316166660
 H          0.2867714915        0.6144932315        1.6545326061
 H          1.3410807938       -0.8009532317        1.6584500284
 H          1.4793810326       -0.7020060898       -0.8322039515
 H         -0.2635110750        1.7809584492       -0.4688253393
 H          0.4474451128        1.2544999647       -2.0010461574
 H         -0.7505843535       -0.9078092817       -1.8268640331
 H         -1.8714948724        0.4652644261       -1.8196180267
 H          1.6721878411        2.9980401239       -0.0573694962
 H          2.8168045920       -2.5157972213       -0.0470540687
 H          5.0604625588       -3.9593573755       -0.0028682283
 H          6.5561539383        2.3078171227        0.0613078079
 H         -4.1847488502       -2.2218708575       -1.0558394968
 H         -5.1155550611       -2.6719589299        0.3707313559
 H         -5.7144509117       -3.0607091801       -1.2353343521
 H         -8.0085017434       -0.3302641246       -0.3941265504
 H         -7.8261227967       -2.0200725239       -0.8005693744
 H         -7.4226258389       -1.4798138742        0.8169882250
  57
 Etot=         -81.1797677007
 C         -7.3651528734       -1.2009223260       -0.2108145388
 C         -5.9380104084       -0.9992282553       -0.7081478044
 C         -5.1710665109       -2.3131273893       -0.6488813836
 N         -5.2401528459        0.0416193723        0.1021570942
 C         -6.0002215814        1.3063266845        0.2079577560
 C         -4.9597141676        2.3579080462        0.5636698987
 C         -3.7039613930        1.9025829484       -0.1911263318
 C         -3.8851382570        0.3839476303       -0.3988741581
 C         -2.8714616269       -0.3813251843        0.4694707910
 O         -3.2668958784       -0.8359762170        1.5439692126
 N         -1.6216463256       -0.4938236590        0.0272027665
 C         -0.6244839940       -1.1707259480        0.8387814831
 C          0.5842294500       -0.2658800640        1.0859133763
 C          1.1654725324        0.1751697391       -0.2618724285
 C          0.0749281310        0.9143231291       -1.0346257730
 C         -1.1082415128       -0.0338840114       -1.2471012948
 N          2.3616818013        0.9711399328       -0.1077361267
 C          2.4885563881        2.3267841662       -0.0522033066
 N          3.7152233009        2.7500247533        0.0140029813
 C          4.4864424177        1.6105953027        0.0097793927
 C          3.6369846767        0.4807342055       -0.0557833956
 C          4.2103771425       -0.7910110984       -0.0516964501
 C          3.8078824622       -2.1516266392       -0.0567654715
 C          4.9525408612       -2.8960714732       -0.0282060660
 N          6.0443237094       -2.0808973159       -0.0080554856
 C          5.6318395431       -0.7876752175       -0.0144012924
 N          6.4463413651        0.2716099763        0.0211798914
 C          5.8761316758        1.4578259877        0.0392139493
 H         -3.8232782664        0.1020002004       -1.4485877390
 H          7.0043009591       -2.3798268030        0.0170129437
 H         -5.9662328340       -0.6257761118       -1.7368806032
 H         -5.0513835732       -0.3502273180        1.0495977223
 H         -6.4401010338        1.5160509748       -0.7684048932
 H         -6.7845677454        1.2232867389        0.9568842950
 H         -4.7804421011        2.3759796616        1.6400415599
 H         -5.2803658039        3.3511105068        0.2533487036
 H         -3.6133378186        2.4116242564       -1.1486394201
 H         -2.8100313345        2.1128790625        0.3937034342
 H         -1.0895335725       -1.4560905361        1.7830009294
 H         -0.3010175415       -2.0753639917        0.3135203978
 H          0.2887179839        0.6135033332        1.6601212258
 H          1.3295184350       -0.8141366928        1.6615589816
 H          1.4696727212       -0.7130139499       -0.8274720334
 H         -0.2529989931        1.7852438561       -0.4674124241
 H          0.4496165432        1.2476356864       -2.0014580875
 H         -0.7652153982       -0.9074048349       -1.8115687011
 H         -1.8731548209        0.4811292675       -1.8188840843
 H          1.6515669825        2.9942003408       -0.0697294059
 H          2.8079549126       -2.5339137778       -0.0637355026
 H          5.0650570947       -3.9616793736       -0.0184373985
 H          6.5363470996        2.3107718951        0.0735350284
 H         -4.1673703384       -2.2250955610       -1.0542663552
 H         -5.0980338390       -2.6656620730        0.3775155794
 H         -5.6996737253       -3.0640314629       -1.2279116760
 H         -7.9831561655       -0.3213057286       -0.3601941954
 H         -7.8165979089       -2.0144689830       -0.7717443516
 H         -7.3775744578       -1.4734253514        0.8413834575
  57
 Etot=         -81.1801968440
 C         -7.3531734531       -1.2058616799       -0.1936227544
 C         -5.9326286034       -1.0021353769       -0.7085073465
 C         -5.1594084476       -2.3126532870       -0.6461780893
 N         -5.2364683174        0.0462709632        0.0904503628
 C         -5.9915670444        1.3125413595        0.1982049756
 C         -4.9446596763        2.3494838670        0.5745669273
 C         -3.7042855625        1.9080196242       -0.2133422415
 C         -3.8833939614        0.3876580016       -0.4129376191
 C         -2.8762484390       -0.3794210072        0.4604282118
 O         -3.2786771792       -0.8231599223        1.5377080130
 N         -1.6239821274       -0.4817286984        0.0305331551
 C         -0.6319723091       -1.1665318337        0.8399019721
 C          0.5809980163       -0.2694583396        1.0888165464
 C          1.1607323201        0.1709539306       -0.2602909199
 C          0.0744166842        0.9122050966       -1.0363536776
 C         -1.1125883847       -0.0293908885       -1.2467829605
 N          2.3542627552        0.9689604278       -0.1068307134
 C          2.4774311396        2.3252430452       -0.0542557239
 N          3.7044526791        2.7492266728        0.0186601823
 C          4.4770072846        1.6104877128        0.0168916455
 C          3.6291929529        0.4790194635       -0.0500623745
 C          4.2007463630       -0.7935964906       -0.0480059212
 C          3.8019838891       -2.1554972773       -0.0628855633
 C          4.9479381355       -2.8983451465       -0.0351578063
 N          6.0381587395       -2.0806929898       -0.0051949299
 C          5.6226341728       -0.7875178591       -0.0058188330
 N          6.4370091757        0.2724512178        0.0349149365
 C          5.8664816952        1.4596960598        0.0514154614
 H         -3.8183983445        0.0989922731       -1.4610537969
 H          7.0002185024       -2.3728916947        0.0225431275
 H         -5.9710483905       -0.6378452094       -1.7413516234
 H         -5.0358014727       -0.3425900768        1.0404464160
 H         -6.4172952952        1.5358302395       -0.7823955776
 H         -6.7853632036        1.2296503445        0.9367489507
 H         -4.7490259112        2.3302412848        1.6496061616
 H         -5.2642987432        3.3549926153        0.3020438670
 H         -3.6471682266        2.4188358175       -1.1741789067
 H         -2.7945034143        2.1283818581        0.3450153425
 H         -1.0989121453       -1.4552175614        1.7824454678
 H         -0.3142064047       -2.0706050168        0.3099717572
 H          0.2897240693        0.6101279121        1.6656261529
 H          1.3257985349       -0.8209961142        1.6624016597
 H          1.4643652379       -0.7188284058       -0.8250889493
 H         -0.2507713491        1.7858910473       -0.4712858633
 H          0.4537324312        1.2435717170       -2.0025209726
 H         -0.7776455408       -0.9068312845       -1.8102596210
 H         -1.8739560862        0.4905171550       -1.8190384311
 H          1.6405752362        2.9928194004       -0.0752685884
 H          2.8037593097       -2.5423081776       -0.0777314211
 H          5.0639149969       -3.9637646303       -0.0332245614
 H          6.5258693527        2.3134568630        0.0890994129
 H         -4.1571171490       -2.2235864064       -1.0560785636
 H         -5.0805975276       -2.6612542278        0.3816488885
 H         -5.6866537706       -3.0688053845       -1.2202409025
 H         -7.9724054866       -0.3259629813       -0.3369113267
 H         -7.8130548477       -2.0214006237       -0.7446777108
 H         -7.3486333173       -1.4742370711        0.8603493696
  57
 Etot=         -81.1806501119
 C         -7.3438302845       -1.2170948927       -0.1706277952
 C         -5.9328656612       -1.0068086534       -0.7074735394
 C         -5.1464096484       -2.3101021381       -0.6430145716
 N         -5.2373736420        0.0536012662        0.0772822798
 C         -5.9844181629        1.3249954612        0.1882209398
 C         -4.9248643902        2.3394305567        0.5874629819
 C         -3.7089156271        1.9138186046       -0.2445492892
 C         -3.8834114928        0.3911360825       -0.4298111258
 C         -2.8786458391       -0.3692431446        0.4524002414
 O         -3.2895485401       -0.8099700423        1.5283637805
 N         -1.6259819088       -0.4714990305        0.0307357222
 C         -0.6392287858       -1.1643480849        0.8403218925
 C          0.5774790367       -0.2742684157        1.0892099004
 C          1.1570535249        0.1672421536       -0.2601005441
 C          0.0743082939        0.9087528452       -1.0404376840
 C         -1.1159270705       -0.0258006418       -1.2505103333
 N          2.3491546131        0.9673720946       -0.1054411580
 C          2.4697467037        2.3242761345       -0.0511467530
 N          3.6962222657        2.7486075774        0.0267536338
 C          4.4699135518        1.6110298926        0.0302261202
 C          3.6241021495        0.4789223911       -0.0422301755
 C          4.1943814665       -0.7945555823       -0.0432955734
 C          3.7977285404       -2.1567187622       -0.0717512445
 C          4.9429941277       -2.8996701125       -0.0449070881
 N          6.0330882537       -2.0816770227       -0.0020058548
 C          5.6161181082       -0.7878703425        0.0059066121
 N          6.4298364088        0.2726926086        0.0553168992
 C          5.8594333621        1.4604097380        0.0723613798
 H         -3.8164877715        0.0935524123       -1.4755236673
 H          6.9966728214       -2.3687502635        0.0290419227
 H         -5.9854199436       -0.6527784984       -1.7436897926
 H         -5.0313991311       -0.3293583442        1.0315453505
 H         -6.3949331720        1.5655681617       -0.7949525337
 H         -6.7876997653        1.2453658886        0.9157591755
 H         -4.7065981272        2.2724858153        1.6571964546
 H         -5.2377840198        3.3595933064        0.3647154129
 H         -3.7011792769        2.4206936744       -1.2111555187
 H         -2.7774270361        2.1503110685        0.2729010072
 H         -1.1094725646       -1.4493716158        1.7822721217
 H         -0.3282673644       -2.0713501165        0.3118952626
 H          0.2908923780        0.6045911845        1.6699970956
 H          1.3227281573       -0.8288460319        1.6596570935
 H          1.4607712993       -0.7233155745       -0.8243026863
 H         -0.2504242625        1.7851637490       -0.4790417216
 H          0.4594103201        1.2378610526       -2.0054257141
 H         -0.7915637866       -0.9055363216       -1.8166733880
 H         -1.8750762905        0.5009463714       -1.8194102084
 H          1.6325338319        2.9912551919       -0.0767373107
 H          2.8006584608       -2.5468175192       -0.0963942207
 H          5.0594848052       -3.9652035559       -0.0530019234
 H          6.5179216181        2.3153187222        0.1133706229
 H         -4.1481122212       -2.2158873625       -1.0621426263
 H         -5.0555561512       -2.6531332403        0.3858903691
 H         -5.6712838091       -3.0748534251       -1.2084989187
 H         -7.9681994613       -0.3403545569       -0.3090161046
 H         -7.8097251770       -2.0383130819       -0.7074819712
 H         -7.3191101715       -1.4790873242        0.8848514369
  57
 Etot=         -81.1810171021
 C         -7.3404724117       -1.2296289827       -0.1481111059
 C         -5.9394964426       -1.0100308124       -0.7054253590
 C         -5.1387353872       -2.3053984725       -0.6420272089
 N         -5.2420373083        0.0595072288        0.0687836031
 C         -5.9809019197        1.3375189539        0.1835416361
 C         -4.9076352884        2.3313850156        0.5950137411
 C         -3.7175221737        1.9175316557       -0.2753331314
 C         -3.8862717544        0.3923343185       -0.4434644554
 C         -2.8813723142       -0.3617802596        0.4447110335
 O         -3.2925517473       -0.7954893051        1.5233006089
 N         -1.6283512258       -0.4708838063        0.0246990348
 C         -0.6438029976       -1.1625305896        0.8396510159
 C          0.5754161380       -0.2763582121        1.0865914736
 C          1.1562512348        0.1657853588       -0.2622094053
 C          0.0752666612        0.9062683428       -1.0460556147
 C         -1.1165248002       -0.0246377094       -1.2572098287
 N          2.3486984039        0.9668396439       -0.1043350315
 C          2.4691017434        2.3241110164       -0.0450086994
 N          3.6941895909        2.7479367129        0.0424654414
 C          4.4684735692        1.6114681877        0.0451479094
 C          3.6239772406        0.4799603886       -0.0353742553
 C          4.1945419653       -0.7937384883       -0.0399134228
 C          3.7970693682       -2.1548926479       -0.0811116036
 C          4.9403802892       -2.8995596718       -0.0544755050
 N          6.0316436619       -2.0835515776        0.0006300797
 C          5.6155737595       -0.7889403290        0.0162365445
 N          6.4283665543        0.2719033546        0.0751316730
 C          5.8583108713        1.4591738776        0.0937558651
 H         -3.8210587038        0.0843345294       -1.4859369050
 H          6.9953000435       -2.3700502422        0.0346022760
 H         -6.0070942511       -0.6624699665       -1.7424557240
 H         -5.0377279218       -0.3180600655        1.0259758037
 H         -6.3827319226        1.5921161116       -0.7986420378
 H         -6.7887117525        1.2622707799        0.9052207509
 H         -4.6683044609        2.2248624926        1.6556671607
 H         -5.2112186476        3.3608450255        0.4145275265
 H         -3.7562060001        2.4168461869       -1.2453768509
 H         -2.7692850529        2.1702804004        0.2018378467
 H         -1.1172901815       -1.4390109959        1.7824647898
 H         -0.3371150912       -2.0748714356        0.3188710033
 H          0.2921329388        0.6016600863        1.6701190771
 H          1.3211217269       -0.8329881475        1.6546873693
 H          1.4614747156       -0.7243505756       -0.8258890257
 H         -0.2502898787        1.7847041504       -0.4882440332
 H          0.4643169475        1.2332267144       -2.0101851451
 H         -0.7988382764       -0.9040838922       -1.8270612570
 H         -1.8753433854        0.5065305133       -1.8221870171
 H          1.6310496000        2.9898683743       -0.0729025594
 H          2.8000262826       -2.5449758532       -0.1139651343
 H          5.0541312318       -3.9654319376       -0.0711638939
 H          6.5161363391        2.3146769829        0.1443658982
 H         -4.1467758733       -2.2040590980       -1.0740145017
 H         -5.0316035163       -2.6421879790        0.3873035451
 H         -5.6621205774       -3.0791076884       -1.1966331045
 H         -7.9733483115       -0.3589201860       -0.2835678265
 H         -7.8074480438       -2.0581546453       -0.6720966215
 H         -7.2992697155       -1.4853925242        0.9079782299
  57
 Etot=         -81.1812710416
 C         -7.3404838232       -1.2383767081       -0.1269969801
 C         -5.9482243161       -1.0108634760       -0.7016528873
 C         -5.1374634991       -2.3005339612       -0.6442945034
 N         -5.2458913076        0.0624994009        0.0642632737
 C         -5.9797466027        1.3445282702        0.1842141307
 C         -4.8954891398        2.3250130714        0.5972101073
 C         -3.7281602086        1.9192919788       -0.3037016214
 C         -3.8901127567        0.3919773677       -0.4549522851
 C         -2.8825591286       -0.3516901961        0.4398977272
 O         -3.2904852153       -0.7796856187        1.5215685783
 N         -1.6304708389       -0.4727449089        0.0157355820
 C         -0.6468715126       -1.1596414258        0.8371809948
 C          0.5740752667       -0.2749083592        1.0815014940
 C          1.1574934054        0.1661776604       -0.2663550066
 C          0.0773891140        0.9057747496       -1.0524134226
 C         -1.1151130143       -0.0245693791       -1.2648854365
 N          2.3508335369        0.9666405563       -0.1040705776
 C          2.4722107464        2.3236073486       -0.0357736042
 N          3.6960341873        2.7470111990        0.0585094050
 C          4.4701748853        1.6106677652        0.0618076804
 C          3.6261306251        0.4802900603       -0.0309217339
 C          4.1979352503       -0.7929232945       -0.0387636859
 C          3.7984069273       -2.1527659859       -0.0900519963
 C          4.9404896360       -2.8989168372       -0.0622693903
 N          6.0325638431       -2.0851296290        0.0029832842
 C          5.6181294008       -0.7903753678        0.0246009371
 N          6.4301070690        0.2702684539        0.0945829104
 C          5.8600961409        1.4564898044        0.1180633507
 H         -3.8267896720        0.0723247705       -1.4936997711
 H          6.9953376041       -2.3741226325        0.0398657991
 H         -6.0302692229       -0.6647300513       -1.7370871826
 H         -5.0428918910       -0.3114219418        1.0216770428
 H         -6.3800605416        1.6061960364       -0.7955019127
 H         -6.7869317940        1.2707593318        0.9061388608
 H         -4.6366548390        2.1882402186        1.6482723445
 H         -5.1931155281        3.3592333238        0.4487085227
 H         -3.8039793037        2.4093506707       -1.2746277074
 H         -2.7693251707        2.1837750045        0.1400380759
 H         -1.1224379246       -1.4269127541        1.7816690482
 H         -0.3417314485       -2.0771159057        0.3247516580
 H          0.2932043598        0.6036595354        1.6648065744
 H          1.3184743470       -0.8333367066        1.6494637171
 H          1.4645742434       -0.7232121604       -0.8292039176
 H         -0.2480227125        1.7854630266       -0.4967318367
 H          0.4672556924        1.2302230966       -2.0167758448
 H         -0.7976573877       -0.9031675431       -1.8355923577
 H         -1.8743216844        0.5072509966       -1.8285645428
 H          1.6334877691        2.9884080914       -0.0650333150
 H          2.8008214990       -2.5407655964       -0.1292148740
 H          5.0512991682       -3.9649525407       -0.0847178504
 H          6.5176491497        2.3118478849        0.1735115985
 H         -4.1530032970       -2.1940244744       -1.0913264042
 H         -5.0127844577       -2.6302084314        0.3852088187
 H         -5.6630372439       -3.0811178201       -1.1865212633
 H         -7.9824579458       -0.3738451057       -0.2593639573
 H         -7.8062420483       -2.0734412528       -0.6415396217
 H         -7.2858948479       -1.4890593029        0.9292786472
  57
 Etot=         -81.1814420724
 C         -7.3410379870       -1.2427101431       -0.1057034346
 C         -5.9567181293       -1.0100523610       -0.6972725654
 C         -5.1411823026       -2.2969879546       -0.6492656605
 N         -5.2473455063        0.0623211832        0.0620476829
 C         -5.9787631944        1.3454897000        0.1898016680
 C         -4.8859300181        2.3186481012        0.5972115275
 C         -3.7393131740        1.9201791011       -0.3322756303
 C         -3.8939229192        0.3907050867       -0.4659582242
 C         -2.8825851313       -0.3407778008        0.4350785834
 O         -3.2856840345       -0.7602280254        1.5216652783
 N         -1.6318423827       -0.4732903058        0.0057986048
 C         -0.6493423735       -1.1545823380        0.8334285260
 C          0.5727497780       -0.2702520007        1.0758122785
 C          1.1594015733        0.1676498025       -0.2713212650
 C          0.0802811157        0.9068240042       -1.0593759006
 C         -1.1123526492       -0.0249031224       -1.2728317242
 N          2.3534772428        0.9665611234       -0.1045681760
 C          2.4757521116        2.3228783797       -0.0269225896
 N          3.6987811789        2.7454945045        0.0795560442
 C          4.4724529876        1.6087338169        0.0765981230
 C          3.6282767947        0.4793911757       -0.0273093716
 C          4.2014024427       -0.7931224962       -0.0386040205
 C          3.8003563582       -2.1521337741       -0.0987546177
 C          4.9422567824       -2.8989276340       -0.0685531370
 N          6.0342353800       -2.0863512271        0.0066789653
 C          5.6209431616       -0.7919855904        0.0322848714
 N          6.4324636536        0.2681755801        0.1126036894
 C          5.8621076137        1.4535849103        0.1385765907
 H         -3.8317816264        0.0584921793       -1.5006588643
 H          6.9958505631       -2.3788034402        0.0466520478
 H         -6.0532037914       -0.6624696031       -1.7304875975
 H         -5.0403508952       -0.3100895457        1.0176761962
 H         -6.3843181473        1.6104664585       -0.7864310489
 H         -6.7809339237        1.2705214205        0.9171686319
 H         -4.6066635261        2.1593363922        1.6390456093
 H         -5.1823517066        3.3553602538        0.4738760428
 H         -3.8509261234        2.4005834022       -1.3043461678
 H         -2.7704990059        2.1962681050        0.0798822588
 H         -1.1263940310       -1.4150133116        1.7791289617
 H         -0.3439052844       -2.0755686947        0.3273452326
 H          0.2932527982        0.6102216326        1.6564499864
 H          1.3145679816       -0.8297880780        1.6458053427
 H          1.4681867027       -0.7216179858       -0.8326702580
 H         -0.2443901290        1.7874059628       -0.5050130857
 H          0.4696396781        1.2287964563       -2.0245147089
 H         -0.7906820973       -0.9035816315       -1.8408403712
 H         -1.8713758179        0.5045109323       -1.8391185530
 H          1.6368335586        2.9874070636       -0.0564097437
 H          2.8022310007       -2.5377080452       -0.1444546867
 H          5.0516161244       -3.9649250172       -0.0955900847
 H          6.5194404304        2.3080589859        0.2097792732
 H         -4.1651335342       -2.1889414150       -1.1137478115
 H         -4.9978128645       -2.6201866707        0.3798467775
 H         -5.6731679471       -3.0819486064       -1.1781310861
 H         -7.9904259440       -0.3829533252       -0.2339618977
 H         -7.8068449338       -2.0826125952       -0.6125971356
 H         -7.2738823392       -1.4891426684        0.9507952970
  57
 Etot=         -81.1815825403
 C         -7.3429659326       -1.2428686849       -0.0854502354
 C         -5.9653289537       -1.0088849580       -0.6923294168
 C         -5.1503142901       -2.2963187683       -0.6571562093
 N         -5.2469079488        0.0591046581        0.0619084921
 C         -5.9777605306        1.3412966723        0.2014121376
 C         -4.8791335290        2.3142582372        0.5931951879
 C         -3.7509740333        1.9193931841       -0.3586718371
 C         -3.8972390046        0.3881361499       -0.4761357479
 C         -2.8809131990       -0.3306859703        0.4294383508
 O         -3.2785774342       -0.7397910042        1.5220286490
 N         -1.6316927575       -0.4727696529       -0.0045603990
 C         -0.6501077660       -1.1481757934        0.8286354096
 C          0.5718804184       -0.2628255937        1.0701540497
 C          1.1618787597        0.1705385123       -0.2766726107
 C          0.0836334733        0.9091207210       -1.0669666093
 C         -1.1081001505       -0.0259161321       -1.2811211357
 N          2.3568593893        0.9671636262       -0.1059055576
 C          2.4797250046        2.3224360879       -0.0160253736
 N          3.7024787036        2.7440181848        0.0974512004
 C          4.4753226969        1.6061991301        0.0936389252
 C          3.6308186856        0.4779987474       -0.0253824721
 C          4.2050231353       -0.7939591311       -0.0401890294
 C          3.8032609879       -2.1526457604       -0.1076360760
 C          4.9453154995       -2.8996660612       -0.0740440914
 N          6.0367109208       -2.0875759266        0.0103903996
 C          5.6241155085       -0.7936674491        0.0394325515
 N          6.4354078281        0.2657923285        0.1328421083
 C          5.8643973252        1.4506629683        0.1653905834
 H         -3.8349239631        0.0445615399       -1.5068960353
 H          6.9969501102       -2.3842505344        0.0541829089
 H         -6.0747062826       -0.6572788856       -1.7227536930
 H         -5.0310486030       -0.3142368587        1.0144159079
 H         -6.3982300105        1.6060827981       -0.7686458450
 H         -6.7688839129        1.2638230327        0.9409361672
 H         -4.5800150307        2.1459818783        1.6261015367
 H         -5.1775114282        3.3498429303        0.4831635495
 H         -3.8904790737        2.3902570255       -1.3300344417
 H         -2.7763689942        2.2061301187        0.0275486952
 H         -1.1281381403       -1.4047334322        1.7748302068
 H         -0.3425192862       -2.0708123765        0.3267653430
 H          0.2917035425        0.6202687771        1.6462944003
 H          1.3110333432       -0.8214760238        1.6441831993
 H          1.4715254353       -0.7193852720       -0.8361580717
 H         -0.2411388521        1.7900333802       -0.5135431230
 H          0.4721794710        1.2294548118       -2.0328375481
 H         -0.7794400472       -0.9054553763       -1.8439639081
 H         -1.8667685271        0.4982877590       -1.8531091893
 H          1.6411440780        2.9874830334       -0.0450019561
 H          2.8046684703       -2.5357355905       -0.1598655006
 H          5.0544641620       -3.9654964712       -0.1038940498
 H          6.5215573968        2.3042122586        0.2404571607
 H         -4.1833988606       -2.1905141504       -1.1408585349
 H         -4.9877381261       -2.6151779709        0.3703785341
 H         -5.6928231673       -3.0826940976       -1.1725799119
 H         -7.9965763033       -0.3855646070       -0.2088444881
 H         -7.8111129306       -2.0854035683       -0.5860259199
 H         -7.2647237340       -1.4861621429        0.9709880363
  57
 Etot=         -81.1817082639
 C         -7.3439520112       -1.2410215710       -0.0611819342
 C         -5.9738811668       -1.0082857696       -0.6868047602
 C         -5.1616175095       -2.2978188101       -0.6668423936
 N         -5.2441767870        0.0547532118        0.0604786617
 C         -5.9743914448        1.3349068525        0.2169433264
 C         -4.8690787571        2.3087777935        0.5897292414
 C         -3.7637099670        1.9186210041       -0.3928350004
 C         -3.8998836432        0.3851538337       -0.4903914759
 C         -2.8780830150       -0.3184730337        0.4212498964
 O         -3.2734365668       -0.7175534176        1.5187998922
 N         -1.6304327887       -0.4674777255       -0.0140936132
 C         -0.6511031561       -1.1400915152        0.8234257346
 C          0.5701334221       -0.2538266476        1.0653609904
 C          1.1639858779        0.1737944655       -0.2814371845
 C          0.0876222056        0.9111750252       -1.0759274772
 C         -1.1032038334       -0.0266863721       -1.2901595771
 N          2.3595647566        0.9680399393       -0.1075556581
 C          2.4823942481        2.3221386901       -0.0058278854
 N          3.7050169125        2.7421731355        0.1204916249
 C          4.4769706252        1.6035022032        0.1103843093
 C          3.6323331237        0.4764180069       -0.0221884994
 C          4.2068046778       -0.7953417498       -0.0412738892
 C          3.8057159617       -2.1541662984       -0.1182264101
 C          4.9480767967       -2.9009000782       -0.0800776385
 N          6.0383990612       -2.0885740634        0.0167811119
 C          5.6255348304       -0.7951693292        0.0491024455
 N          6.4366637162        0.2631986648        0.1557031942
 C          5.8651033652        1.4480849896        0.1911542585
 H         -3.8373011120        0.0285566853       -1.5167843275
 H          6.9975523190       -2.3882148645        0.0657505088
 H         -6.0973022089       -0.6527666726       -1.7146451813
 H         -5.0133799324       -0.3207676881        1.0095865383
 H         -6.4160363436        1.6007033355       -0.7444633029
 H         -6.7503659824        1.2532984146        0.9728612035
 H         -4.5425379840        2.1293116220        1.6148175879
 H         -5.1731003019        3.3461036199        0.4964261027
 H         -3.9395839576        2.3783965222       -1.3655110003
 H         -2.7791312413        2.2189786565       -0.0393246127
 H         -1.1307289552       -1.3948723063        1.7691806749
 H         -0.3413490715       -2.0631556810        0.3235278733
 H          0.2883001219        0.6324002038        1.6360844679
 H          1.3069172829       -0.8101820315        1.6444910344
 H          1.4740540824       -0.7179628848       -0.8377876831
 H         -0.2380364569        1.7930161900       -0.5245962030
 H          0.4770251891        1.2294732519       -2.0421368179
 H         -0.7685775418       -0.9087256567       -1.8460612468
 H         -1.8607036448        0.4918896144       -1.8693835627
 H          1.6446009620        2.9882586591       -0.0345199004
 H          2.8071858148       -2.5360185318       -0.1800434909
 H          5.0585138549       -3.9664683255       -0.1141591177
 H          6.5219466078        2.3004977267        0.2832477770
 H         -4.2053271677       -2.1963390962       -1.1727861990
 H         -4.9772386806       -2.6138393893        0.3580434551
 H         -5.7178763741       -3.0842887943       -1.1675218637
 H         -7.9992412228       -0.3839491976       -0.1774744954
 H         -7.8187613545       -2.0847324673       -0.5537907117
 H         -7.2513920934       -1.4815420415        0.9950958757
  57
 Etot=         -81.1818185801
 C         -7.3480633571       -1.2345009477       -0.0420679736
 C         -5.9830001970       -1.0078813176       -0.6811345333
 C         -5.1797492112       -2.3032662277       -0.6783715672
 N         -5.2404144566        0.0468317944        0.0634609886
 C         -5.9713392109        1.3235097602        0.2403712763
 C         -4.8630993632        2.3079001524        0.5783424067
 C         -3.7735583090        1.9139469502       -0.4165638733
 C         -3.9018090798        0.3798645739       -0.5000380389
 C         -2.8729096211       -0.3120337849        0.4124992148
 O         -3.2658413047       -0.7047709074        1.5135512868
 N         -1.6265537645       -0.4627595322       -0.0231036906
 C         -0.6481426959       -1.1329900794        0.8171735459
 C          0.5695309488       -0.2428593493        1.0612873629
 C          1.1670170658        0.1790304633       -0.2857110163
 C          0.0919062624        0.9141486833       -1.0848305430
 C         -1.0967756259       -0.0278213566       -1.2991190219
 N          2.3636708556        0.9705913695       -0.1101752538
 C          2.4866239375        2.3234010447        0.0029259977
 N          3.7092963547        2.7410791430        0.1415864885
 C          4.4801052530        1.6015675590        0.1237304254
 C          3.6352002319        0.4759369685       -0.0207154307
 C          4.2092649693       -0.7960891739       -0.0436286658
 C          3.8092616555       -2.1551894647       -0.1279662344
 C          4.9513101176       -2.9019782761       -0.0839971089
 N          6.0408180192       -2.0895656030        0.0239281232
 C          5.6276706617       -0.7963064032        0.0574709531
 N          6.4388174357        0.2605537240        0.1758930292
 C          5.8671262774        1.4459742198        0.2129105624
 H         -3.8397377787        0.0152613806       -1.5233310788
 H          6.9987464288       -2.3924307191        0.0786115834
 H         -6.1152911632       -0.6461195864       -1.7058733938
 H         -4.9931674021       -0.3343858039        1.0080206966
 H         -6.4462761456        1.5853083384       -0.7079919511
 H         -6.7239268776        1.2382432417        1.0210613548
 H         -4.5181085039        2.1479295423        1.5968779355
 H         -5.1743580591        3.3392250617        0.4744833419
 H         -3.9657832018        2.3635220575       -1.3873417028
 H         -2.7885031262        2.2228772807       -0.0808070456
 H         -1.1288670723       -1.3900686779        1.7615375979
 H         -0.3340072558       -2.0542169336        0.3167005281
 H          0.2825130366        0.6459750473        1.6258208520
 H          1.3054094588       -0.7936823873        1.6468752646
 H          1.4767377782       -0.7152636177       -0.8384958264
 H         -0.2366726424        1.7964219762       -0.5357824386
 H          0.4827914511        1.2316840234       -2.0507725206
 H         -0.7562405436       -0.9120316673       -1.8483215441
 H         -1.8536891499        0.4839576503       -1.8857124376
 H          1.6499851922        2.9911634434       -0.0243655958
 H          2.8109359294       -2.5360032774       -0.1993444335
 H          5.0634037781       -3.9673271965       -0.1205719174
 H          6.5236996540        2.2970516284        0.3225396479
 H         -4.2336373578       -2.2091529515       -1.2040383339
 H         -4.9771352544       -2.6220371998        0.3416522878
 H         -5.7518120213       -3.0849907158       -1.1682797529
 H         -7.9997459506       -0.3737553887       -0.1506338975
 H         -7.8322408703       -2.0752124986       -0.5302334391
 H         -7.2458926380       -1.4758557260        1.0129121822
  57
 Etot=         -81.1819129509
 C         -7.3492967184       -1.2314002300       -0.0235107633
 C         -5.9900567755       -1.0085339876       -0.6771785009
 C         -5.1912385112       -2.3069342648       -0.6860018674
 N         -5.2374051496        0.0422657549        0.0630291675
 C         -5.9649408403        1.3183555719        0.2569999975
 C         -4.8520183773        2.3054892676        0.5729164053
 C         -3.7805200161        1.9101852238       -0.4428412532
 C         -3.9030709703        0.3748973036       -0.5111052686
 C         -2.8704258425       -0.3102828153        0.4029613840
 O         -3.2639329356       -0.6995567510        1.5056292269
 N         -1.6236622797       -0.4568725397       -0.0284550693
 C         -0.6467207514       -1.1275568293        0.8132305126
 C          0.5686884510       -0.2360399824        1.0593464551
 C          1.1685198723        0.1819271211       -0.2880175717
 C          0.0954293647        0.9150068141       -1.0920781256
 C         -1.0931989972       -0.0267861284       -1.3057540150
 N          2.3653336476        0.9725726915       -0.1116951242
 C          2.4876792837        2.3245931250        0.0100845603
 N          3.7100326054        2.7410070676        0.1531488471
 C          4.4804476721        1.6013291427        0.1392510569
 C          3.6361447634        0.4766853993       -0.0177063893
 C          4.2089825248       -0.7959725651       -0.0438355257
 C          3.8101692623       -2.1550053797       -0.1377779562
 C          4.9514714783       -2.9021614193       -0.0893500523
 N          6.0405532971       -2.0901653897        0.0301978121
 C          5.6269546315       -0.7966924596        0.0677518654
 N          6.4378846242        0.2590065627        0.1990496211
 C          5.8667012542        1.4449117820        0.2401975839
 H         -3.8436847185        0.0017812389       -1.5317832503
 H          6.9982195018       -2.3927056796        0.0909749714
 H         -6.1309300619       -0.6446306418       -1.7003726208
 H         -4.9778801635       -0.3430937054        1.0047358713
 H         -6.4618552825        1.5816716940       -0.6801773231
 H         -6.7003089129        1.2315283909        1.0539467847
 H         -4.4869542353        2.1507936528        1.5877870778
 H         -5.1694520739        3.3373451903        0.4705950075
 H         -3.9983752770        2.3509846447       -1.4155423813
 H         -2.7876585159        2.2290297421       -0.1313216948
 H         -1.1293372128       -1.3865851165        1.7561061578
 H         -0.3310879188       -2.0476956742        0.3118463723
 H          0.2783079273        0.6539451069        1.6206473128
 H          1.3046082482       -0.7831342411        1.6486007085
 H          1.4781331841       -0.7145610217       -0.8375285119
 H         -0.2348210607        1.7990855245       -0.5464668381
 H          0.4897415339        1.2304577822       -2.0574379238
 H         -0.7537197773       -0.9129433722       -1.8520683475
 H         -1.8494970712        0.4834518300       -1.8944174993
 H          1.6517075064        2.9931839382       -0.0185542480
 H          2.8126945564       -2.5365531728       -0.2189053070
 H          5.0646617718       -3.9673316389       -0.1302302350
 H          6.5226744929        2.2952758314        0.3480036399
 H         -4.2530425125       -2.2160417349       -1.2259602700
 H         -4.9745526921       -2.6283682466        0.3303300358
 H         -5.7736655233       -3.0858700205       -1.1682516419
 H         -7.9979894325       -0.3670906085       -0.1234513770
 H         -7.8433673631       -2.0690790720       -0.5068334342
 H         -7.2355799428       -1.4747123992        1.0301466244
  57
 Etot=         -81.1819864251
 C         -7.3509295976       -1.2295801541       -0.0142468506
 C         -5.9948224581       -1.0094192438       -0.6746720049
 C         -5.1988091395       -2.3094718981       -0.6886622804
 N         -5.2363293517        0.0400302104        0.0632720963
 C         -5.9590581960        1.3175426485        0.2651215138
 C         -4.8442315866        2.3061831845        0.5669702864
 C         -3.7808889991        1.9045024463       -0.4537937017
 C         -3.9035022550        0.3694409787       -0.5158666113
 C         -2.8693184154       -0.3157090518        0.3975593735
 O         -3.2646956843       -0.7110575324        1.4975872225
 N         -1.6211851108       -0.4538599824       -0.0297489315
 C         -0.6442271169       -1.1264060152        0.8110245956
 C          0.5691753239       -0.2336926535        1.0585921202
 C          1.1695066367        0.1835142793       -0.2889078616
 C          0.0975258407        0.9149897668       -1.0958461349
 C         -1.0923754091       -0.0241735549       -1.3086082707
 N          2.3660105931        0.9747458024       -0.1129822811
 C          2.4880497208        2.3266808887        0.0107624970
 N          3.7099041598        2.7424906248        0.1575092906
 C          4.4802443499        1.6030975004        0.1451567410
 C          3.6366394371        0.4790554203       -0.0155743826
 C          4.2080557809       -0.7942958051       -0.0425301379
 C          3.8096038360       -2.1526980437       -0.1430345095
 C          4.9497853821       -2.9007995003       -0.0916369915
 N          6.0389806208       -2.0900126326        0.0353026993
 C          5.6254256850       -0.7961464181        0.0750120334
 N          6.4360795058        0.2587217782        0.2110870906
 C          5.8661219963        1.4451156451        0.2509898178
 H         -3.8473018306       -0.0068719756       -1.5357878372
 H          6.9969303576       -2.3904105158        0.1000707044
 H         -6.1387023651       -0.6448445898       -1.6970801200
 H         -4.9736417225       -0.3484610813        1.0034163109
 H         -6.4668880750        1.5815615499       -0.6642336375
 H         -6.6835347065        1.2319826760        1.0704334762
 H         -4.4719126995        2.1609530875        1.5824987668
 H         -5.1640820285        3.3390666361        0.4583863948
 H         -4.0032684965        2.3416143456       -1.4260240951
 H         -2.7869476752        2.2237494809       -0.1496728281
 H         -1.1277501015       -1.3875352844        1.7529047307
 H         -0.3281021597       -2.0456097352        0.3084315574
 H          0.2765245250        0.6558289797        1.6193972447
 H          1.3061750029       -0.7785282794        1.6487413077
 H          1.4793966351       -0.7139755905       -0.8365191529
 H         -0.2328579398        1.8010165345       -0.5531078395
 H          0.4945322427        1.2282148133       -2.0608843988
 H         -0.7579074658       -0.9104524320       -1.8571118796
 H         -1.8493035686        0.4888125326       -1.8936510133
 H          1.6521869323        2.9952884576       -0.0199011885
 H          2.8131027024       -2.5353935428       -0.2307233095
 H          5.0627603523       -3.9659135800       -0.1362465324
 H          6.5220599371        2.2951979760        0.3633202383
 H         -4.2636116921       -2.2192062935       -1.2325236669
 H         -4.9783712306       -2.6344627429        0.3254467204
 H         -5.7851619934       -3.0858108294       -1.1699514106
 H         -7.9959010032       -0.3614973647       -0.1067227141
 H         -7.8522354510       -2.0627580646       -0.4973357183
 H         -7.2314284890       -1.4779335491        1.0374981355
  57
 Etot=         -81.1820532273
 C         -7.3544483230       -1.2271575735        0.0032736781
 C         -6.0044701492       -1.0093693660       -0.6692702006
 C         -5.2114189835       -2.3112703614       -0.6934655866
 N         -5.2356298583        0.0366127293        0.0655727036
 C         -5.9511337536        1.3170371310        0.2776660909
 C         -4.8295584912        2.3047435539        0.5568634113
 C         -3.7793858411        1.8944702629       -0.4727897883
 C         -3.9047350355        0.3596494164       -0.5217088294
 C         -2.8681797314       -0.3254382765        0.3906104423
 O         -3.2644632110       -0.7317428812        1.4866573336
 N         -1.6179356297       -0.4516747947       -0.0328875418
 C         -0.6401869347       -1.1250778073        0.8071691757
 C          0.5707065995       -0.2304961565        1.0557480412
 C          1.1716065442        0.1860760213       -0.2916966748
 C          0.1008930354        0.9156858862       -1.1017436543
 C         -1.0915990818       -0.0192960036       -1.3130542650
 N          2.3675477820        0.9783799652       -0.1151690625
 C          2.4894665988        2.3303530417        0.0122933104
 N          3.7104068134        2.7452814072        0.1688930482
 C          4.4805217416        1.6060438770        0.1565609218
 C          3.6378356151        0.4829808927       -0.0118737868
 C          4.2075630854       -0.7911625089       -0.0404145637
 C          3.8088187916       -2.1481385584       -0.1527146480
 C          4.9474222470       -2.8980314508       -0.0968763802
 N          6.0367298550       -2.0895889986        0.0434621624
 C          5.6237941628       -0.7952540433        0.0873723383
 N          6.4340639006        0.2585709162        0.2326241862
 C          5.8658758801        1.4453931019        0.2706426182
 H         -3.8542788493       -0.0237637659       -1.5397416281
 H          6.9949563028       -2.3872727515        0.1145876871
 H         -6.1560339544       -0.6422900547       -1.6896472186
 H         -4.9698186801       -0.3572592255        1.0027036313
 H         -6.4734023109        1.5820244667       -0.6417639349
 H         -6.6607466209        1.2346067766        1.0955058538
 H         -4.4488867717        2.1777022599        1.5706985640
 H         -5.1497108468        3.3355759657        0.4353052504
 H         -4.0180364816        2.3228752872       -1.4471233723
 H         -2.7795975727        2.2175810495       -0.1873777600
 H         -1.1246061917       -1.3875571194        1.7482611020
 H         -0.3232892348       -2.0438127772        0.3043646432
 H          0.2757235003        0.6585608406        1.6159739067
 H          1.3087978813       -0.7731197051        1.6467658737
 H          1.4827593914       -0.7120681969       -0.8371412674
 H         -0.2278647155        1.8049396694       -0.5630610704
 H          0.5004725988        1.2245732505       -2.0671253916
 H         -0.7639082112       -0.9047576466       -1.8665804186
 H         -1.8501292362        0.4987340413       -1.8915664854
 H          1.6535149544        2.9986051758       -0.0215095812
 H          2.8136313760       -2.5316701766       -0.2508723030
 H          5.0591254721       -3.9630216581       -0.1482472811
 H          6.5218528648        2.2949297891        0.3930405256
 H         -4.2811759883       -2.2221099983       -1.2461857803
 H         -4.9826954253       -2.6399318889        0.3180246777
 H         -5.8049232496       -3.0846500278       -1.1715504314
 H         -7.9953059976       -0.3543974718       -0.0751609037
 H         -7.8661481600       -2.0531477467       -0.4808173323
 H         -7.2248899292       -1.4850474765        1.0514006374
  57
 Etot=         -81.1820949989
 C         -7.3576196210       -1.2248879168        0.0164400686
 C         -6.0121227856       -1.0082380341       -0.6650119438
 C         -5.2222156335       -2.3119741071       -0.6963733837
 N         -5.2354992783        0.0343111070        0.0671906494
 C         -5.9457652075        1.3175731991        0.2827366956
 C         -4.8198087264        2.3049330004        0.5480050892
 C         -3.7774340322        1.8857669218       -0.4850738571
 C         -3.9058245399        0.3513855874       -0.5256355267
 C         -2.8683044317       -0.3338285057        0.3862781133
 O         -3.2640080386       -0.7479492843        1.4797780895
 N         -1.6163487826       -0.4519971565       -0.0357032458
 C         -0.6372783262       -1.1242855148        0.8037554268
 C          0.5726683613       -0.2284337531        1.0519883393
 C          1.1734326014        0.1882517998       -0.2953542823
 C          0.1027364123        0.9174225808       -1.1055450627
 C         -1.0915383578       -0.0156690489       -1.3155261657
 N          2.3687598139        0.9812858844       -0.1173697553
 C          2.4907098998        2.3331024509        0.0131867485
 N          3.7109545282        2.7474740704        0.1756229174
 C          4.4808660533        1.6080276890        0.1648282213
 C          3.6385535059        0.4856645319       -0.0097986032
 C          4.2077553244       -0.7886577712       -0.0388553499
 C          3.8085395863       -2.1445622396       -0.1587813145
 C          4.9465598865       -2.8954790860       -0.0997615221
 N          6.0354410718       -2.0885825577        0.0496031876
 C          5.6231341037       -0.7942610124        0.0961220980
 N          6.4331702160        0.2589605967        0.2482929210
 C          5.8657373593        1.4458345868        0.2856280761
 H         -3.8583701655       -0.0377158861       -1.5416821071
 H          6.9936277800       -2.3852787055        0.1247666479
 H         -6.1699348557       -0.6383289580       -1.6833625252
 H         -4.9682253295       -0.3630342637        1.0021197675
 H         -6.4774397218        1.5814398106       -0.6318136538
 H         -6.6466387251        1.2380083180        1.1090270446
 H         -4.4322946095        2.1839065882        1.5611700831
 H         -5.1389331757        3.3363504370        0.4211778625
 H         -4.0191595815        2.3095632028       -1.4579511006
 H         -2.7777523464        2.2067337782       -0.2069634877
 H         -1.1210034736       -1.3871360084        1.7450316418
 H         -0.3193517834       -2.0428306921        0.3012592116
 H          0.2770859208        0.6606036152        1.6118552249
 H          1.3109668807       -0.7706127803        1.6431381305
 H          1.4858613920       -0.7094485571       -0.8404728302
 H         -0.2234031614        1.8084255227       -0.5684567124
 H          0.5017982254        1.2232151189       -2.0720383170
 H         -0.7662994164       -0.8998477931       -1.8728534904
 H         -1.8513131864        0.5051877568       -1.8902362428
 H          1.6548116511        3.0012826738       -0.0233642509
 H          2.8140180843       -2.5277582036       -0.2636972521
 H          5.0571976248       -3.9602686924       -0.1551377462
 H          6.5216478159        2.2946715465        0.4123718236
 H         -4.2945934019       -2.2247358674       -1.2540751214
 H         -4.9885890032       -2.6421490692        0.3135880149
 H         -5.8200732499       -3.0835253917       -1.1722462942
 H         -7.9958969149       -0.3494195253       -0.0508685028
 H         -7.8760835826       -2.0455284539       -0.4697997230
 H         -7.2214171116       -1.4905472322        1.0617519491
