    -81.182653835530    -81.182653835530         0.12559E-03
    -81.182592515614    -81.182592515614         0.87499E-04
    -81.183622722007    -81.183622722007         0.17502E-03
    -81.183622829963    -81.183622829963         0.13174E-03
    -81.182716770379    -81.182716770379         0.17052E-03
    -81.183622775957    -81.183622775957         0.10800E-03
    -81.182681055047    -81.182681055047         0.14029E-03
    -81.183622860589    -81.183622860589         0.14643E-03
    -81.183622925456    -81.183622925456         0.13583E-03
    -81.183623078664    -81.183623078664         0.12838E-03
    -81.182653749127    -81.182653749127         0.13344E-03
    -81.183623069452    -81.183623069452         0.17791E-03
    -81.182681755670    -81.182681755670         0.11017E-03
    -81.182714020368    -81.182714020368         0.12998E-03
    -81.182681764019    -81.182681764019         0.12860E-03
    -81.183622918598    -81.183622918598         0.19261E-03
    -81.183623135592    -81.183623135592         0.94489E-04
    -81.182718525579    -81.182718525579         0.81563E-04
    -81.182682035141    -81.182682035141         0.10641E-03
    -81.182682069115    -81.182682069115         0.11913E-03
    -81.182654285290    -81.182654285290         0.84851E-04
    -81.182682651382    -81.182682651382         0.10669E-03
    -81.182510442410    -81.182510442410         0.16062E-03
    -81.182594441568    -81.182594441568         0.15079E-03
    -81.182655728663    -81.182655728663         0.15024E-03
    -81.182588039262    -81.182588039262         0.12405E-03
    -81.182712461672    -81.182712461672         0.11386E-03
    -81.182575948291    -81.182575948291         0.19536E-03
    -81.182506803680    -81.182506803680         0.16574E-03
    -81.182490149129    -81.182490149129         0.14482E-03
    -81.182506966145    -81.182506966145         0.19434E-03
    -81.182506716373    -81.182506716373         0.15625E-03
    -81.182506712102    -81.182506712102         0.16947E-03
    -81.182569549964    -81.182569549964         0.13151E-03
    -81.182571331791    -81.182571331791         0.10917E-03
    -81.182507181366    -81.182507181366         0.72272E-04
    -81.182490195670    -81.182490195670         0.86697E-04
    -81.182575928477    -81.182575928477         0.18784E-03
    -81.182507298129    -81.182507298129         0.19661E-03
    -81.182490651325    -81.182490651325         0.12224E-03
    -81.182505775131    -81.182505775131         0.19456E-03
    -81.182509695975    -81.182509695975         0.12220E-03
    -81.182649799825    -81.182649799825         0.10757E-03
    -81.182487915255    -81.182487915255         0.19184E-03
    -81.182336403791    -81.182336403791         0.14611E-03
    -81.182348818688    -81.182348818688         0.16557E-03
    -81.182504671321    -81.182504671321         0.96116E-04
    -81.182490379542    -81.182490379542         0.11833E-03
    -81.182683472502    -81.182683472502         0.11220E-03
    -81.181429105104    -81.181429105104         0.91631E-04
    -81.182307102926    -81.182307102926         0.13380E-03
    -81.182484844834    -81.182484844834         0.56688E-04
    -81.182263031736    -81.182263031736         0.18568E-03
    -81.182490634198    -81.182490634198         0.14208E-03
    -81.181441937821    -81.181441937821         0.13174E-03
    -81.182273101709    -81.182273101709         0.18499E-03
    -81.182303326542    -81.182303326542         0.12410E-03
    -81.182333091885    -81.182333091885         0.14252E-03
    -81.182325544360    -81.182325544360         0.13600E-03
    -81.182324462678    -81.182324462678         0.11589E-03
    -81.182508191363    -81.182508191363         0.21660E-04
    -81.182343259799    -81.182343259799         0.88639E-04
    -81.181427206552    -81.181427206552         0.19838E-03
    -81.181429949207    -81.181429949207         0.91789E-04
    -81.182710658124    -81.182710658124         0.55867E-04
    -81.182711576464    -81.182711576464         0.53065E-04
    -81.182486643097    -81.182486643097         0.16411E-03
    -81.182710178109    -81.182710178109         0.72349E-04
    -81.181417596757    -81.181417596757         0.11416E-03
    -81.181352583260    -81.181352583260         0.12277E-03
    -81.181344701137    -81.181344701137         0.12843E-03
    -81.182489399957    -81.182489399957         0.16495E-03
    -81.181353053818    -81.181353053818         0.11992E-03
    -81.182584465877    -81.182584465877         0.19457E-03
    -81.181354575602    -81.181354575602         0.10125E-03
    -81.182586779680    -81.182586779680         0.94122E-04
    -81.181344714027    -81.181344714027         0.12266E-03
    -81.181393783099    -81.181393783099         0.11940E-03
    -81.181421366818    -81.181421366818         0.18732E-03
    -81.181345510159    -81.181345510159         0.12753E-03
    -81.182591870536    -81.182591870536         0.18387E-03
    -81.181333210731    -81.181333210731         0.94462E-04
    -81.181344929121    -81.181344929121         0.63914E-04
    -81.181332222229    -81.181332222229         0.15382E-03
    -81.181313227534    -81.181313227534         0.90857E-04
    -81.181313154558    -81.181313154558         0.19763E-03
    -81.181333308775    -81.181333308775         0.17233E-03
    -81.181350191173    -81.181350191173         0.55287E-04
    -81.181425279867    -81.181425279867         0.19062E-03
    -81.181332619324    -81.181332619324         0.12953E-03
    -81.181429395955    -81.181429395955         0.49068E-04
    -81.181333171173    -81.181333171173         0.11592E-03
    -81.181343150562    -81.181343150562         0.17190E-03
    -81.181349533080    -81.181349533080         0.63152E-04
    -81.181428616788    -81.181428616788         0.16983E-03
    -81.181427300180    -81.181427300180         0.15788E-03
    -81.182453934325    -81.182453934325         0.10161E-03
    -81.181347671228    -81.181347671228         0.71696E-04
    -81.181395679747    -81.181395679747         0.13052E-03
    -81.181313766347    -81.181313766347         0.15073E-03
    -81.181315308997    -81.181315308997         0.11336E-03
    -81.181344055769    -81.181344055769         0.14697E-03
    -81.181439415481    -81.181439415481         0.63343E-04
    -81.181331617676    -81.181331617676         0.95243E-04
    -81.182674465586    -81.182674465586         0.68753E-04
    -81.181325087553    -81.181325087553         0.12973E-03
    -81.181312583871    -81.181312583871         0.11806E-03
    -81.181442906724    -81.181442906724         0.50571E-04
    -81.181325548626    -81.181325548626         0.93546E-04
    -81.181430581679    -81.181430581679         0.12314E-03
    -81.181344300882    -81.181344300882         0.10328E-03
    -81.181343858840    -81.181343858840         0.16954E-03
    -81.181330374456    -81.181330374456         0.10941E-03
    -81.181178397872    -81.181178397872         0.17877E-03
    -81.181318624760    -81.181318624760         0.16484E-03
    -81.181178152287    -81.181178152287         0.10385E-03
    -81.182713218902    -81.182713218902         0.10897E-03
    -81.181323125465    -81.181323125465         0.16580E-03
    -81.182699575921    -81.182699575921         0.45541E-04
    -81.181165666479    -81.181165666479         0.19630E-03
    -81.181429165977    -81.181429165977         0.43538E-04
    -81.181310872026    -81.181310872026         0.18088E-03
    -81.181186736076    -81.181186736076         0.11519E-03
    -81.181185980756    -81.181185980756         0.19950E-03
    -81.181205783445    -81.181205783445         0.17762E-03
    -81.181205188112    -81.181205188112         0.15554E-03
    -81.181193694409    -81.181193694409         0.11218E-03
    -81.181315725810    -81.181315725810         0.61651E-04
    -81.181130429469    -81.181130429469         0.11844E-03
    -81.182693391968    -81.182693391968         0.58417E-04
    -81.181314202749    -81.181314202749         0.88013E-04
    -81.181159713492    -81.181159713492         0.19045E-03
    -81.181203159374    -81.181203159374         0.19150E-03
    -81.181179069228    -81.181179069228         0.18030E-03
    -81.181200287112    -81.181200287112         0.13124E-03
    -81.181174997933    -81.181174997933         0.12139E-03
    -81.181303798550    -81.181303798550         0.12410E-03
    -81.181101129283    -81.181101129283         0.95605E-04
    -81.181208763906    -81.181208763906         0.96946E-04
    -81.180750011095    -81.180750011095         0.10635E-03
    -81.181157150204    -81.181157150204         0.84230E-04
    -81.181181014196    -81.181181014196         0.11419E-03
    -81.180727693590    -81.180727693590         0.12603E-03
    -81.181203731632    -81.181203731632         0.18560E-03
    -81.180750502822    -81.180750502822         0.94728E-04
    -81.180984571543    -81.180984571543         0.61119E-04
    -81.181183694983    -81.181183694983         0.51216E-04
    -81.181308313579    -81.181308313579         0.11776E-03
    -81.180304659170    -81.180304659170         0.12148E-03
    -81.181157239453    -81.181157239453         0.55731E-04
    -81.180749432604    -81.180749432604         0.10148E-03
    -81.180319116596    -81.180319116596         0.10711E-03
    -81.180329791026    -81.180329791026         0.11115E-03
    -81.180215823454    -81.180215823454         0.14873E-03
    -81.181200397851    -81.181200397851         0.15311E-03
    -81.180726610498    -81.180726610498         0.15182E-03
    -81.181311092918    -81.181311092918         0.69851E-04
    -81.180217299625    -81.180217299625         0.11481E-03
    -81.181307683715    -81.181307683715         0.12351E-03
    -81.181313861295    -81.181313861295         0.15982E-03
    -81.180726513567    -81.180726513567         0.19594E-03
    -81.180316100663    -81.180316100663         0.13841E-03
    -81.180306733057    -81.180306733057         0.16582E-03
    -81.180313144855    -81.180313144855         0.19632E-03
    -81.181183968923    -81.181183968923         0.10569E-03
    -81.180217478899    -81.180217478899         0.10883E-03
    -81.180092183302    -81.180092183302         0.16136E-03
    -81.180109063289    -81.180109063289         0.12025E-03
    -81.180045050888    -81.180045050888         0.16755E-03
    -81.180215877125    -81.180215877125         0.14259E-03
    -81.181129394606    -81.181129394606         0.13869E-03
    -81.181327423929    -81.181327423929         0.95403E-04
    -81.181195511202    -81.181195511202         0.15194E-03
    -81.180125002558    -81.180125002558         0.18327E-03
    -81.180217813927    -81.180217813927         0.78994E-04
    -81.180025756554    -81.180025756554         0.10334E-03
    -81.180218382166    -81.180218382166         0.13748E-03
    -81.180209632025    -81.180209632025         0.88978E-04
    -81.180215028459    -81.180215028459         0.12387E-03
    -81.180044580850    -81.180044580850         0.18659E-03
    -81.180041426196    -81.180041426196         0.10779E-03
    -81.180016462523    -81.180016462523         0.18253E-03
    -81.179922329018    -81.179922329018         0.17643E-03
    -81.180106322005    -81.180106322005         0.91242E-04
    -81.180013241727    -81.180013241727         0.93573E-04
    -81.179923265932    -81.179923265932         0.10162E-03
    -81.180022170063    -81.180022170063         0.12608E-03
    -81.179922991187    -81.179922991187         0.14075E-03
    -81.179921927202    -81.179921927202         0.17008E-03
    -81.180016729947    -81.180016729947         0.10620E-03
    -81.179919695854    -81.179919695854         0.18359E-03
    -81.179929763653    -81.179929763653         0.15871E-03
    -81.180020151800    -81.180020151800         0.79430E-04
    -81.179837885227    -81.179837885227         0.17087E-03
    -81.179922773622    -81.179922773622         0.14540E-03
    -81.179922488480    -81.179922488480         0.14854E-03
    -81.179919573673    -81.179919573673         0.88388E-04
    -81.181361411045    -81.181361411045         0.18732E-03
    -81.182477757909    -81.182477757909         0.23629E-04
    -81.180218312384    -81.180218312384         0.19883E-03
    -81.179852174933    -81.179852174933         0.17280E-03
    -81.179923421548    -81.179923421548         0.77249E-04
    -81.179727790618    -81.179727790618         0.98765E-04
    -81.179923214677    -81.179923214677         0.18060E-03
    -81.180101486848    -81.180101486848         0.12943E-03
    -81.179854084843    -81.179854084843         0.18655E-03
    -81.179845971461    -81.179845971461         0.10959E-03
    -81.181362479783    -81.181362479783         0.19638E-03
    -81.179862352446    -81.179862352446         0.18211E-03
    -81.180123578248    -81.180123578248         0.15073E-03
    -81.179839084724    -81.179839084724         0.16967E-03
    -81.179843908484    -81.179843908484         0.10833E-03
    -81.179796940693    -81.179796940693         0.84427E-04
    -81.180019983963    -81.180019983963         0.12007E-03
    -81.179753965997    -81.179753965997         0.12816E-03
    -81.179943680417    -81.179943680417         0.77707E-04
    -81.179843329513    -81.179843329513         0.36595E-04
    -81.179711766767    -81.179711766767         0.15059E-03
    -81.179844557461    -81.179844557461         0.18918E-03
    -81.181322954640    -81.181322954640         0.11125E-03
    -81.179763645580    -81.179763645580         0.77565E-04
    -81.179844020531    -81.179844020531         0.79069E-04
    -81.181144602184    -81.181144602184         0.15666E-03
    -81.179754819651    -81.179754819651         0.20010E-03
    -81.177843141886    -81.177843141886         0.16203E-03
    -81.177843545481    -81.177843545481         0.16166E-03
    -81.177843005218    -81.177843005218         0.16938E-03
    -81.177720205805    -81.177720205805         0.20012E-03
    -81.177834769939    -81.177834769939         0.18866E-03
    -81.177833528000    -81.177833528000         0.18814E-03
    -81.178861065026    -81.178861065026         0.11933E-03
    -81.177843239639    -81.177843239639         0.10134E-03
    -81.181362199641    -81.181362199641         0.11362E-03
    -81.178952076579    -81.178952076579         0.11309E-03
    -81.178596331893    -81.178596331893         0.11219E-03
    -81.179635769728    -81.179635769728         0.16288E-03
    -81.177722277858    -81.177722277858         0.15194E-03
    -81.177378913556    -81.177378913556         0.84018E-04
    -81.179749703098    -81.179749703098         0.16700E-03
    -81.177720445184    -81.177720445184         0.18957E-03
    -81.177314533403    -81.177314533403         0.15555E-03
    -81.179819195833    -81.179819195833         0.16616E-03
    -81.177312743031    -81.177312743031         0.15416E-03
    -81.177313659390    -81.177313659390         0.17776E-03
    -81.179732626022    -81.179732626022         0.16010E-03
    -81.178597301983    -81.178597301983         0.17179E-03
    -81.178597924922    -81.178597924922         0.18084E-03
    -81.177313499145    -81.177313499145         0.86361E-04
    -81.177283013187    -81.177283013187         0.17923E-03
    -81.178940667413    -81.178940667413         0.12636E-03
    -81.177314662134    -81.177314662134         0.16701E-03
    -81.177254507747    -81.177254507747         0.18369E-03
    -81.177287014470    -81.177287014470         0.10987E-03
    -81.177313394907    -81.177313394907         0.18818E-03
    -81.177254691088    -81.177254691088         0.88648E-04
    -81.177290720691    -81.177290720691         0.20011E-03
    -81.177219137685    -81.177219137685         0.19277E-03
    -81.177854937731    -81.177854937731         0.17973E-03
    -81.177253372934    -81.177253372934         0.77837E-04
    -81.177288194103    -81.177288194103         0.19262E-03
    -81.177265586620    -81.177265586620         0.78186E-04
    -81.177171044393    -81.177171044393         0.93738E-04
    -81.177170989021    -81.177170989021         0.45014E-04
    -81.177263203541    -81.177263203541         0.19817E-03
    -81.177315027039    -81.177315027039         0.99736E-04
    -81.177294806091    -81.177294806091         0.14043E-03
    -81.177169712412    -81.177169712412         0.18374E-03
    -81.177168899575    -81.177168899575         0.18565E-03
    -81.177170313782    -81.177170313782         0.15157E-03
    -81.176559880939    -81.176559880939         0.11879E-03
    -81.179849342253    -81.179849342253         0.97705E-04
    -81.177258997242    -81.177258997242         0.10387E-03
    -81.179939269513    -81.179939269513         0.85900E-04
    -81.177229513039    -81.177229513039         0.19147E-03
    -81.177231458651    -81.177231458651         0.18737E-03
    -81.177306456254    -81.177306456254         0.15136E-03
    -81.176562732221    -81.176562732221         0.12584E-03
    -81.177388765200    -81.177388765200         0.87337E-04
    -81.177304154179    -81.177304154179         0.15040E-03
    -81.176566855415    -81.176566855415         0.10131E-03
    -81.176529380948    -81.176529380948         0.18464E-03
    -81.176526334258    -81.176526334258         0.92524E-04
    -81.176566218748    -81.176566218748         0.18946E-03
    -81.176526977615    -81.176526977615         0.10990E-03
    -81.176407071410    -81.176407071410         0.13290E-03
    -81.176529624870    -81.176529624870         0.13564E-03
    -81.179947768676    -81.179947768676         0.12121E-03
    -81.177228045928    -81.177228045928         0.91830E-04
    -81.176561103340    -81.176561103340         0.16968E-03
    -81.176526560603    -81.176526560603         0.18941E-03
    -81.176784282742    -81.176784282742         0.13487E-03
    -81.179921854000    -81.179921854000         0.18121E-03
    -81.177238452619    -81.177238452619         0.56021E-04
    -81.176757453134    -81.176757453134         0.14735E-03
    -81.176404137084    -81.176404137084         0.15865E-03
    -81.176278784786    -81.176278784786         0.12151E-03
    -81.176407497531    -81.176407497531         0.19840E-03
    -81.177843413429    -81.177843413429         0.52809E-04
    -81.176336064948    -81.176336064948         0.11127E-03
    -81.176272644128    -81.176272644128         0.13294E-03
    -81.176215336822    -81.176215336822         0.51756E-04
    -81.177232032761    -81.177232032761         0.48932E-04
    -81.176216801996    -81.176216801996         0.15644E-03
    -81.176527613938    -81.176527613938         0.18636E-03
    -81.176216866617    -81.176216866617         0.85469E-04
    -81.176547844779    -81.176547844779         0.14466E-03
    -81.177206469332    -81.177206469332         0.43310E-04
    -81.176091762396    -81.176091762396         0.17878E-03
    -81.176407284369    -81.176407284369         0.99342E-04
    -81.176405335013    -81.176405335013         0.16136E-03
    -81.176403121447    -81.176403121447         0.14924E-03
    -81.176404312224    -81.176404312224         0.13546E-03
    -81.176391093633    -81.176391093633         0.18336E-03
    -81.179946743794    -81.179946743794         0.17679E-03
    -81.176073787456    -81.176073787456         0.17008E-03
    -81.179846391993    -81.179846391993         0.19233E-03
    -81.176252987226    -81.176252987226         0.17376E-03
    -81.176534774879    -81.176534774879         0.96922E-04
    -81.175983329334    -81.175983329334         0.76293E-04
    -81.179841095950    -81.179841095950         0.64352E-04
    -81.176398788613    -81.176398788613         0.13621E-03
    -81.177267859309    -81.177267859309         0.10093E-03
    -81.176098949080    -81.176098949080         0.10975E-03
    -81.176223414093    -81.176223414093         0.16451E-03
    -81.176560157294    -81.176560157294         0.13494E-03
    -81.177376824335    -81.177376824335         0.18310E-03
    -81.175983405902    -81.175983405902         0.19348E-03
    -81.176064490482    -81.176064490482         0.92725E-04
    -81.175983955179    -81.175983955179         0.97411E-04
    -81.175983373484    -81.175983373484         0.16303E-03
    -81.175984126623    -81.175984126623         0.14029E-03
    -81.176052405243    -81.176052405243         0.85703E-04
    -81.175924875501    -81.175924875501         0.10121E-03
    -81.175872197229    -81.175872197229         0.12684E-03
    -81.175970653445    -81.175970653445         0.13817E-03
    -81.179834817150    -81.179834817150         0.49532E-04
    -81.176109791636    -81.176109791636         0.78273E-04
    -81.175809038933    -81.175809038933         0.10447E-03
    -81.175872034416    -81.175872034416         0.18747E-03
    -81.176418292091    -81.176418292091         0.15035E-03
    -81.176088922510    -81.176088922510         0.13167E-03
    -81.176414092053    -81.176414092053         0.10141E-03
    -81.175794597166    -81.175794597166         0.15073E-03
    -81.176113506513    -81.176113506513         0.14387E-03
    -81.175915765786    -81.175915765786         0.18737E-03
    -81.175655824086    -81.175655824086         0.13656E-03
    -81.175426187526    -81.175426187526         0.19588E-03
    -81.175858876239    -81.175858876239         0.14374E-03
    -81.175653304061    -81.175653304061         0.82879E-04
    -81.175801724506    -81.175801724506         0.12571E-03
    -81.176364370099    -81.176364370099         0.73730E-04
    -81.175423114862    -81.175423114862         0.26927E-04
    -81.176085530762    -81.176085530762         0.18191E-03
    -81.175655321126    -81.175655321126         0.17411E-03
    -81.175920847655    -81.175920847655         0.29377E-04
    -81.176418174788    -81.176418174788         0.10254E-03
    -81.176411591898    -81.176411591898         0.12109E-03
    -81.176414316665    -81.176414316665         0.14850E-03
    -81.175799272733    -81.175799272733         0.17287E-03
    -81.175803897764    -81.175803897764         0.17297E-03
    -81.175397292777    -81.175397292777         0.90297E-04
    -81.175397268583    -81.175397268583         0.11872E-03
    -81.175803434994    -81.175803434994         0.12235E-03
    -81.175394942233    -81.175394942233         0.95911E-04
    -81.175419753674    -81.175419753674         0.18313E-03
    -81.175383862095    -81.175383862095         0.16564E-03
    -81.175397217324    -81.175397217324         0.18602E-03
    -81.175427511623    -81.175427511623         0.16796E-03
    -81.175426058682    -81.175426058682         0.17284E-03
    -81.175363765099    -81.175363765099         0.18655E-03
    -81.175420135545    -81.175420135545         0.23899E-04
    -81.175706043657    -81.175706043657         0.57294E-04
    -81.177261145683    -81.177261145683         0.16950E-03
    -81.176410114455    -81.176410114455         0.83562E-04
    -81.175173828233    -81.175173828233         0.19098E-03
    -81.176411986118    -81.176411986118         0.16309E-03
    -81.175694040800    -81.175694040800         0.60706E-04
    -81.175300234181    -81.175300234181         0.12450E-03
    -81.174950825933    -81.174950825933         0.11705E-03
    -81.174950491443    -81.174950491443         0.18206E-03
    -81.174943377034    -81.174943377034         0.13703E-03
    -81.175167022017    -81.175167022017         0.16026E-03
    -81.175000844984    -81.175000844984         0.11877E-03
    -81.175115948566    -81.175115948566         0.12413E-03
    -81.175123463248    -81.175123463248         0.16833E-03
    -81.174932518537    -81.174932518537         0.77252E-04
    -81.175119412760    -81.175119412760         0.15816E-03
    -81.174886957107    -81.174886957107         0.17341E-03
    -81.176390635332    -81.176390635332         0.11440E-03
    -81.175174260829    -81.175174260829         0.17049E-03
    -81.176389426235    -81.176389426235         0.15186E-03
    -81.174946644126    -81.174946644126         0.18224E-03
    -81.174802563553    -81.174802563553         0.15131E-03
    -81.174998360228    -81.174998360228         0.13273E-03
    -81.175114442750    -81.175114442750         0.13360E-03
    -81.174945759559    -81.174945759559         0.12533E-03
    -81.174723076141    -81.174723076141         0.13445E-03
    -81.174806447916    -81.174806447916         0.55234E-04
    -81.174722812698    -81.174722812698         0.12470E-03
    -81.174808352267    -81.174808352267         0.14063E-03
    -81.175071702360    -81.175071702360         0.65313E-04
    -81.177266786962    -81.177266786962         0.16703E-03
    -81.174721660643    -81.174721660643         0.97707E-04
    -81.174781248649    -81.174781248649         0.11063E-03
    -81.177831348889    -81.177831348889         0.71575E-04
    -81.174720192297    -81.174720192297         0.13748E-03
    -81.174774169950    -81.174774169950         0.59950E-04
    -81.175134278971    -81.175134278971         0.82595E-04
    -81.175291392080    -81.175291392080         0.99327E-04
    -81.174958156321    -81.174958156321         0.58617E-04
    -81.174650782202    -81.174650782202         0.12843E-03
    -81.175177317382    -81.175177317382         0.13239E-03
    -81.174659189375    -81.174659189375         0.86041E-04
    -81.174857473835    -81.174857473835         0.10704E-03
    -81.174677114680    -81.174677114680         0.19241E-03
    -81.174689838948    -81.174689838948         0.18020E-03
    -81.174683645882    -81.174683645882         0.15163E-03
    -81.174627030942    -81.174627030942         0.16735E-03
    -81.174642044070    -81.174642044070         0.16227E-03
    -81.174932288569    -81.174932288569         0.19882E-03
    -81.174719044446    -81.174719044446         0.19781E-03
    -81.174590456451    -81.174590456451         0.13394E-03
    -81.174716312763    -81.174716312763         0.13828E-03
    -81.174651792145    -81.174651792145         0.14636E-03
    -81.174903494757    -81.174903494757         0.15289E-03
    -81.174814293075    -81.174814293075         0.12186E-03
    -81.174680463065    -81.174680463065         0.12088E-03
    -81.174590200026    -81.174590200026         0.17579E-03
    -81.174689461544    -81.174689461544         0.14893E-03
    -81.174647621534    -81.174647621534         0.17531E-03
    -81.174542490734    -81.174542490734         0.16265E-03
    -81.174613672860    -81.174613672860         0.17566E-03
    -81.174536376315    -81.174536376315         0.11574E-03
    -81.174540704578    -81.174540704578         0.15632E-03
    -81.174718989205    -81.174718989205         0.76145E-04
    -81.174597099365    -81.174597099365         0.17319E-03
    -81.174586033847    -81.174586033847         0.62067E-04
    -81.174556621875    -81.174556621875         0.18481E-03
    -81.174325968392    -81.174325968392         0.17515E-03
    -81.174411048288    -81.174411048288         0.15171E-03
    -81.174599077043    -81.174599077043         0.13572E-03
    -81.174456075686    -81.174456075686         0.15084E-03
    -81.176566157238    -81.176566157238         0.15363E-03
    -81.174409944389    -81.174409944389         0.96697E-04
    -81.174455874838    -81.174455874838         0.17515E-03
    -81.174583046355    -81.174583046355         0.95807E-04
    -81.177265022122    -81.177265022122         0.15315E-03
    -81.174323006618    -81.174323006618         0.10953E-03
    -81.174329665950    -81.174329665950         0.14248E-03
    -81.174322384923    -81.174322384923         0.95379E-04
    -81.175721464814    -81.175721464814         0.62719E-04
    -81.177277898583    -81.177277898583         0.86549E-04
    -81.174575336509    -81.174575336509         0.16720E-03
    -81.174205808418    -81.174205808418         0.83831E-04
    -81.174661141907    -81.174661141907         0.89583E-04
    -81.174205192656    -81.174205192656         0.15048E-03
    -81.174301590615    -81.174301590615         0.10066E-03
    -81.174288741822    -81.174288741822         0.18201E-03
    -81.176528614439    -81.176528614439         0.13503E-03
    -81.174524906548    -81.174524906548         0.19253E-03
    -81.175144247737    -81.175144247737         0.10747E-03
    -81.174278864038    -81.174278864038         0.17381E-03
    -81.174407026989    -81.174407026989         0.18467E-03
    -81.174399630476    -81.174399630476         0.12625E-03
    -81.174554539652    -81.174554539652         0.82565E-04
    -81.174329638475    -81.174329638475         0.12120E-03
    -81.174326223026    -81.174326223026         0.18362E-03
    -81.174811942935    -81.174811942935         0.77710E-04
    -81.174603060020    -81.174603060020         0.13236E-03
    -81.176543848249    -81.176543848249         0.90235E-04
    -81.174532983706    -81.174532983706         0.19310E-03
    -81.176531173724    -81.176531173724         0.16688E-03
    -81.176527566716    -81.176527566716         0.19488E-03
    -81.182478617823    -81.182478617823         0.60872E-04
