  57
 Etot=         -81.1836223666
 C         -6.5948845148       -0.8179903798       -0.3788315990
 C         -5.5070929983       -0.0143382888        0.3238658013
 C         -5.5035287542        1.4196080776       -0.1934623457
 N         -4.1789859751       -0.6455109653        0.0794939492
 C         -4.0978091356       -2.0842624363        0.4328227223
 C         -2.6082122633       -2.3233449020        0.6180182500
 C         -2.1842339762       -1.0690724323        1.3762248915
 C         -3.0197929428        0.0427202742        0.7177332881
 C         -2.2759713626        0.7491581080       -0.4348807034
 O         -2.6232397113        0.4723590058       -1.5869825297
 N         -1.3287712489        1.6323926138       -0.1494016571
 C         -0.6231770886        2.3104415485       -1.2228248472
 C          0.8425297685        1.8842266001       -1.2463440791
 C          1.4905452097        2.1245360228        0.1222919359
 C          0.6574939400        1.5200559067        1.2598057933
 C         -0.8043397933        1.9622480918        1.1588566728
 N          2.8322399594        1.5855185075        0.1507280736
 C          3.9664170730        2.3119795899        0.3568407996
 N          5.0585496399        1.6124859076        0.3771589623
 C          4.6499784225        0.3156458514        0.1733351809
 C          3.2411598790        0.2824375067        0.0231164767
 C          2.6305193847       -0.9588126054       -0.1985973921
 C          1.3392956953       -1.5110237839       -0.4188106462
 C          1.4984018821       -2.8599714299       -0.5523347850
 N          2.8125451865       -3.1895060209       -0.4260986689
 C          3.5344012719       -2.0579483318       -0.2179200496
 N          4.8625974652       -2.0342524192       -0.0685330699
 C          5.4133160765       -0.8552257563        0.1191035858
 H         -3.3758866446        0.7711723460        1.4448441940
 H          3.2074956958       -4.1126175101       -0.4884213185
 H         -5.6784615745       -0.0268297297        1.4048492913
 H         -3.9586528770       -0.5341193270       -0.9425946942
 H         -4.6285266913       -2.2419747568        1.3727310908
 H         -4.5366800740       -2.6997732747       -0.3475402083
 H         -2.1043410025       -2.3779532130       -0.3473678369
 H         -2.4007719295       -3.2345061902        1.1707627052
 H         -2.4480850154       -1.1596841724        2.4290102592
 H         -1.1159436229       -0.8908499609        1.3049014151
 H         -1.1060526892        2.0597348798       -2.1677606702
 H         -0.6976809792        3.3885005562       -1.0573168546
 H          0.9196224696        0.8311731710       -1.5120941601
 H          1.3731212169        2.4560286588       -2.0080166258
 H          1.5879584341        3.2041447519        0.2837186562
 H          0.7309673091        0.4344861641        1.2143160646
 H          1.0666280152        1.8413356917        2.2178877430
 H         -0.8624231059        3.0479495164        1.2806081403
 H         -1.3827515489        1.4897439030        1.9476516726
 H          3.9432096934        3.3759654604        0.4907815059
 H          0.4074201614       -0.9912653760       -0.5058469984
 H          0.7586220394       -3.6145324371       -0.7302633761
 H          6.4866486859       -0.8284306282        0.2347440862
 H         -6.4955752547        1.8457020634       -0.0797870223
 H         -4.8092756877        2.0580919132        0.3444606117
 H         -5.2463152829        1.4431047114       -1.2501818436
 H         -6.3883914510       -0.8942607966       -1.4434204984
 H         -6.7033334491       -1.8142570249        0.0368837953
 H         -7.5468593919       -0.3091422259       -0.2610616231
  57
 Etot=         -81.1836222950
 C         -6.5950349510       -0.8178051720       -0.3785188437
 C         -5.5071033369       -0.0141794526        0.3239129845
 C         -5.5035815094        1.4196425877       -0.1936432397
 N         -4.1790544607       -0.6454799146        0.0795091297
 C         -4.0978435693       -2.0842408454        0.4328292352
 C         -2.6082766375       -2.3234649652        0.6179177846
 C         -2.1844049749       -1.0691024185        1.3759823663
 C         -3.0199057363        0.0428533386        0.7176675471
 C         -2.2757796573        0.7489472506       -0.4349444254
 O         -2.6234185726        0.4726203564       -1.5870204829
 N         -1.3287697727        1.6323444029       -0.1494351085
 C         -0.6232141439        2.3104837269       -1.2228138557
 C          0.8424623310        1.8841579573       -1.2463373689
 C          1.4905119332        2.1244633769        0.1222561476
 C          0.6574579909        1.5199995164        1.2597440371
 C         -0.8043570908        1.9622320218        1.1588187800
 N          2.8321980450        1.5854686883        0.1506737225
 C          3.9663092779        2.3119952058        0.3567882666
 N          5.0584800114        1.6125924753        0.3770524231
 C          4.6499875813        0.3156743801        0.1736098374
 C          3.2411897657        0.2823951754        0.0231297167
 C          2.6306363363       -0.9589136079       -0.1985758285
 C          1.3394750805       -1.5112131131       -0.4188919511
 C          1.4986881502       -2.8601380501       -0.5526369777
 N          2.8129127993       -3.1895856475       -0.4260978745
 C          3.5346549959       -2.0579410258       -0.2179282131
 N          4.8628381293       -2.0341386926       -0.0681786805
 C          5.4134225230       -0.8551214275        0.1196626878
 H         -3.3759862779        0.7712854644        1.4448378300
 H          3.2079955494       -4.1127442637       -0.4882996337
 H         -5.6784211113       -0.0264205875        1.4049208517
 H         -3.9587121638       -0.5340793488       -0.9425702656
 H         -4.6284956230       -2.2419874944        1.3727903624
 H         -4.5367383619       -2.6997695722       -0.3475125018
 H         -2.1045172031       -2.3780121762       -0.3475166497
 H         -2.4007944259       -3.2346484681        1.1706093294
 H         -2.4480686454       -1.1597963336        2.4288101409
 H         -1.1161207072       -0.8909386284        1.3045080374
 H         -1.1061354648        2.0597856309       -2.1677557408
 H         -0.6976776885        3.3885444673       -1.0572522570
 H          0.9194036892        0.8310606765       -1.5120538804
 H          1.3731907562        2.4559786343       -2.0079258228
 H          1.5879068401        3.2040498911        0.2837278259
 H          0.7309257984        0.4344424705        1.2141769221
 H          1.0666642624        1.8412647263        2.2178232311
 H         -0.8624138382        3.0479254306        1.2806206015
 H         -1.3827379929        1.4897347445        1.9475997546
 H          3.9429660529        3.3759260454        0.4912145548
 H          0.4075366185       -0.9915384231       -0.5059014182
 H          0.7589585831       -3.6147389421       -0.7305682864
 H          6.4868485225       -0.8281162456        0.2344879748
 H         -6.4956110518        1.8457394977       -0.0799336565
 H         -4.8092197472        2.0581391009        0.3441864907
 H         -5.2464890965        1.4429091422       -1.2503999066
 H         -6.3887169445       -0.8942442198       -1.4431404477
 H         -6.7034533631       -1.8139783109        0.0374401147
 H         -7.5469309653       -0.3088280112       -0.2606038592
  57
 Etot=         -81.1836224457
 C         -6.5951601745       -0.8177776463       -0.3782824734
 C         -5.5071229062       -0.0141052531        0.3239505749
 C         -5.5035588700        1.4196829561       -0.1937431076
 N         -4.1791033688       -0.6454433106        0.0794851537
 C         -4.0979439795       -2.0842096154        0.4327798624
 C         -2.6083465333       -2.3233743017        0.6178027820
 C         -2.1842924600       -1.0691148966        1.3759614267
 C         -3.0198772421        0.0427751223        0.7176415906
 C         -2.2760264588        0.7491767033       -0.4349587815
 O         -2.6233906155        0.4725407361       -1.5870519735
 N         -1.3288931175        1.6324583616       -0.1494436309
 C         -0.6232129695        2.3104776811       -1.2228215241
 C          0.8424441149        1.8840871400       -1.2463493915
 C          1.4904613008        2.1243935526        0.1222640185
 C          0.6573938717        1.5199231152        1.2597457955
 C         -0.8044067199        1.9622287222        1.1588101926
 N          2.8321592521        1.5854279212        0.1507217135
 C          3.9662380824        2.3120036940        0.3568794594
 N          5.0584321759        1.6126313612        0.3772694403
 C          4.6500202464        0.3157392271        0.1735363277
 C          3.2412101317        0.2823683459        0.0232085255
 C          2.6307308185       -0.9589709682       -0.1985477613
 C          1.3396151249       -1.5113435247       -0.4189791215
 C          1.4989059343       -2.8602614460       -0.5526576080
 N          2.8131269064       -3.1896351449       -0.4261195290
 C          3.5347977165       -2.0579590397       -0.2178725526
 N          4.8629825384       -2.0340795045       -0.0682053171
 C          5.4135321644       -0.8550056028        0.1194331641
 H         -3.3759406921        0.7711697655        1.4448428365
 H          3.2082733211       -4.1127326946       -0.4884036881
 H         -5.6783258785       -0.0262529082        1.4049734268
 H         -3.9588100969       -0.5340240158       -0.9426014830
 H         -4.6285417138       -2.2419421696        1.3727672035
 H         -4.5369147229       -2.6997020170       -0.3475475985
 H         -2.1046251448       -2.3779607196       -0.3476542830
 H         -2.4008575492       -3.2345656037        1.1704754991
 H         -2.4479348283       -1.1598312922        2.4287905018
 H         -1.1160121311       -0.8909318062        1.3044404319
 H         -1.1061476930        2.0598536992       -2.1677673028
 H         -0.6975962099        3.3885374043       -1.0572529616
 H          0.9193286328        0.8309873733       -1.5120342955
 H          1.3731980172        2.4558386576       -2.0079630322
 H          1.5878518841        3.2039877329        0.2837204576
 H          0.7308162735        0.4343618932        1.2141574631
 H          1.0666090034        1.8411403775        2.2178305777
 H         -0.8623908817        3.0479240144        1.2806125473
 H         -1.3828220289        1.4897634804        1.9475970386
 H          3.9428548024        3.3759466517        0.4911704726
 H          0.4076588065       -0.9917197071       -0.5060686578
 H          0.7592198902       -3.6148948404       -0.7306707251
 H          6.4868724320       -0.8280270521        0.2350430669
 H         -6.4955653929        1.8458276751       -0.0799954363
 H         -4.8091444881        2.0582299260        0.3439340362
 H         -5.2465586622        1.4428531524       -1.2505217658
 H         -6.3889715870       -0.8943011402       -1.4429161585
 H         -6.7035771230       -1.8139184210        0.0377467093
 H         -7.5470246643       -0.3087607764       -0.2603106246
