  42
 Etot=         -67.8726359306
 C          0.0761918212       -0.0602626541       -1.8901559199
 C         -0.1256976721        0.5817353371       -0.5133205215
 C         -1.1947700436        1.7027825224       -0.5875538563
 C         -2.5964590518        1.1258953858       -0.8513380342
 N         -2.9450976272        0.1065022809        0.1807645373
 C         -1.9418503155       -0.9874697505        0.3385060719
 C         -0.5502589985       -0.3965445915        0.6068398740
 S         -4.5910159413       -0.3348156282        0.3132996736
 O         -4.6983061414       -1.1253538736        1.5481858056
 O         -5.3537639716        0.9211461211        0.3033247231
 C         -4.9753903651       -1.2916322898       -1.0450792234
 N          1.2068569656        1.1807927051       -0.1106476671
 C          1.4752525355        2.5624426405        0.0825656464
 N          2.7731231157        2.8026593905        0.3401977590
 C          3.4057438375        1.5517196107        0.3112714017
 C          2.4396187656        0.5208440330        0.0267247805
 C          2.9022581546       -0.8154570445       -0.0470479101
 C          2.3809557419       -2.1236974381       -0.2850635758
 C          3.4377976652       -3.0265471057       -0.2177437628
 N          4.6264647513       -2.3391229730        0.0582779118
 C          4.3227544550       -0.9803820298        0.1682823990
 N          5.2561775368        0.0128014011        0.4401142486
 C          4.7878789697        1.2580224123        0.5107526646
 H         -1.2317118754        2.2525751121        0.3869116302
 H         -0.9552190183        2.4195804660       -1.4105305869
 H         -3.3422521312        1.9659344601       -0.7710520167
 H         -2.6413890055        0.6915907320       -1.8851612216
 H         -2.2452551316       -1.6055934041        1.2292940631
 H         -1.9051354182       -1.6400775803       -0.5739691412
 H          0.1802129927       -1.2291383819        0.7180463193
 H         -0.5794837705        0.1637986710        1.5775432976
 H          0.7113555936        3.3337883486        0.0303746924
 H          1.3616163043       -2.3953231848       -0.4864791264
 H          3.4234554405       -4.1008716715       -0.3469364794
 H          5.4975127286        2.0694729905        0.7280763088
 H          5.5476845676       -2.7490767761        0.1601476140
 H          0.8593091188       -0.8487978558       -1.8699159281
 H         -0.8722762661       -0.5244769695       -2.2450755325
 H          0.3852553723        0.7156383743       -2.6302719092
 H         -6.0576133220       -1.6120356826       -1.0478449531
 H         -4.3850889998       -2.2473713385       -1.0978756529
 H         -4.8214421299       -0.7641528855       -2.0256838826
  42
 Etot=         -67.9019637117
 C          0.0772681404       -0.0561285183       -1.8817797369
 C         -0.1059587653        0.5927266628       -0.5070404932
 C         -1.1894513971        1.6898877416       -0.5815176461
 C         -2.5869500725        1.1099365067       -0.8395422195
 N         -2.9307355357        0.1089587069        0.1781867326
 C         -1.9445356704       -0.9688219805        0.3312665613
 C         -0.5541605139       -0.3852218477        0.5977558187
 S         -4.5607990626       -0.3301262045        0.3063671702
 O         -4.6783985716       -1.1204137061        1.5299191376
 O         -5.3281692824        0.9128750621        0.2929156398
 C         -4.9759368638       -1.3077610467       -1.0708344314
 N          1.2153282427        1.1769861017       -0.1157149479
 C          1.4960391342        2.5223307633        0.0807600589
 N          2.7580419318        2.7670944700        0.3343538676
 C          3.3864059290        1.5357433408        0.3067183536
 C          2.4313337599        0.5200754152        0.0234442855
 C          2.9005792223       -0.8080694963       -0.0468714302
 C          2.3921880425       -2.1165931401       -0.2836217908
 C          3.4425238782       -2.9927772263       -0.2132287000
 N          4.6043256153       -2.3055045277        0.0584022571
 C          4.3052427998       -0.9682347944        0.1674740394
 N          5.2152680144        0.0037915699        0.4336145149
 C          4.7511297775        1.2364945213        0.5035333439
 H         -1.2235992535        2.2362925765        0.3710166617
 H         -0.9596334606        2.4007113091       -1.3877092981
 H         -3.3358260545        1.9155525008       -0.7626106612
 H         -2.6434443175        0.6865484432       -1.8575307708
 H         -2.2639992901       -1.5759766323        1.1939302892
 H         -1.9168335490       -1.6181727714       -0.5613724194
 H          0.1620268887       -1.2062594442        0.7126209654
 H         -0.5772436846        0.1604422436        1.5531174998
 H          0.7465718283        3.2919041563        0.0318044158
 H          1.3775891849       -2.4006046324       -0.4842048179
 H          3.4377298049       -4.0617016623       -0.3394124299
 H          5.4644333886        2.0305938896        0.7175767250
 H          5.5221840441       -2.7139050565        0.1605934903
 H          0.8492519392       -0.8272998182       -1.8654255898
 H         -0.8511196466       -0.5132432176       -2.2337791290
 H          0.3792619452        0.7027265802       -2.6117148549
 H         -6.0379630353       -1.5945778037       -1.0297814143
 H         -4.3842322700       -2.2314114575       -1.0846574282
 H         -4.8177339776       -0.7573456913       -2.0062670980
  42
 Etot=         -67.9094407771
 C          0.0818663732       -0.0549712510       -1.8794983364
 C         -0.1025286957        0.5927576258       -0.5043518253
 C         -1.1818993688        1.6891361287       -0.5758963266
 C         -2.5735635169        1.0973173477       -0.8329682476
 N         -2.9081032145        0.1138518661        0.1770863977
 C         -1.9424620176       -0.9571439146        0.3225418684
 C         -0.5515051552       -0.3840741836        0.5983618387
 S         -4.5173659334       -0.3182057685        0.3047583006
 O         -4.6450111773       -1.1103802305        1.5149457097
 O         -5.2886438456        0.9116553414        0.2857028144
 C         -4.9668318165       -1.3173771505       -1.0920367954
 N          1.2031936148        1.1668188229       -0.1223527469
 C          1.4923027406        2.4862457013        0.0770245477
 N          2.7327535207        2.7406234379        0.3297799492
 C          3.3598614927        1.5217017806        0.3026896979
 C          2.4091048842        0.5133553294        0.0188304335
 C          2.8843068952       -0.8073924606       -0.0496156353
 C          2.3869747499       -2.1176863635       -0.2856466707
 C          3.4445552168       -2.9709337863       -0.2105791008
 N          4.5845692480       -2.2785744092        0.0589139359
 C          4.2823711522       -0.9586190860        0.1660817664
 N          5.1763603681       -0.0027138756        0.4282612777
 C          4.7144437398        1.2234666785        0.4977379121
 H         -1.2173565754        2.2250219239        0.3701451903
 H         -0.9621055991        2.3937621074       -1.3767391571
 H         -3.3234160041        1.8834947780       -0.7539939599
 H         -2.6266799680        0.6702965518       -1.8399189916
 H         -2.2715034372       -1.5535640576        1.1719871873
 H         -1.9165840138       -1.5952577200       -0.5672026853
 H          0.1542450742       -1.2026924196        0.7061185154
 H         -0.5783697606        0.1612966032        1.5411863276
 H          0.7529858737        3.2573119505        0.0272665238
 H          1.3765751828       -2.4127985040       -0.4846634599
 H          3.4546997682       -4.0361234797       -0.3333195982
 H          5.4306060970        2.0044365964        0.7109562913
 H          5.5027247514       -2.6784603915        0.1631828963
 H          0.8536321709       -0.8133686458       -1.8541045268
 H         -0.8386195014       -0.5092627183       -2.2204278672
 H          0.3778420228        0.7036683800       -2.5982308261
 H         -6.0170078959       -1.5702520224       -1.0028806748
 H         -4.3728089925       -2.2192521221       -1.0742119669
 H         -4.8056092104       -0.7455925049       -1.9941654622
  42
 Etot=         -67.9104347578
 C          0.0835353702       -0.0570579438       -1.8814861031
 C         -0.1044617646        0.5895987711       -0.5064615203
 C         -1.1795483858        1.6879219346       -0.5757084387
 C         -2.5678934105        1.0936519511       -0.8358003904
 N         -2.8932755357        0.1178940305        0.1804362463
 C         -1.9379346277       -0.9595293037        0.3180790148
 C         -0.5478681079       -0.3883323289        0.5961822585
 S         -4.4921138635       -0.3068622133        0.3125165518
 O         -4.6213371199       -1.1017343000        1.5174834501
 O         -5.2624337256        0.9204222834        0.2906877867
 C         -4.9523100661       -1.3121124379       -1.0928734823
 N          1.1918087072        1.1632929513       -0.1250061343
 C          1.4759951195        2.4815916118        0.0753544670
 N          2.7178473204        2.7392057996        0.3322077624
 C          3.3443077493        1.5190085387        0.3047634845
 C          2.3944942376        0.5080702602        0.0178741975
 C          2.8669313741       -0.8121178398       -0.0516485151
 C          2.3753136960       -2.1252544823       -0.2888405426
 C          3.4406976868       -2.9721643852       -0.2108682781
 N          4.5751667178       -2.2730930998        0.0597336461
 C          4.2664180350       -0.9562836187        0.1663403035
 N          5.1601283004       -0.0010836557        0.4299008314
 C          4.6972785205        1.2252018850        0.5008189898
 H         -1.2151718878        2.2185679153        0.3740573750
 H         -0.9578327061        2.3941948173       -1.3742070265
 H         -3.3252127919        1.8741007204       -0.7634473227
 H         -2.6111403563        0.6557794788       -1.8392650214
 H         -2.2750737536       -1.5613123072        1.1614866804
 H         -1.9121656413       -1.5871702756       -0.5799430896
 H          0.1587954382       -1.2061533345        0.7009239092
 H         -0.5752085328        0.1580247824        1.5388957105
 H          0.7366217163        3.2525437438        0.0233235018
 H          1.3675314155       -2.4269283554       -0.4892542690
 H          3.4607593995       -4.0366710562       -0.3324406658
 H          5.4124442545        2.0052613158        0.7126322038
 H          5.4963992769       -2.6632542725        0.1664419036
 H          0.8646982716       -0.8068712525       -1.8515135779
 H         -0.8325831922       -0.5203192533       -2.2240236355
 H          0.3755166260        0.7068452630       -2.5972884638
 H         -6.0032854365       -1.5503869246       -0.9815157798
 H         -4.3569377665       -2.2132500923       -1.0678750665
 H         -4.7909013234       -0.7317134349       -1.9899184307
  42
 Etot=         -67.9108422969
 C          0.0871909074       -0.0584397464       -1.8863293103
 C         -0.1062011402        0.5874460757       -0.5109252626
 C         -1.1805529495        1.6855319537       -0.5800497100
 C         -2.5641549153        1.0871008815       -0.8412998797
 N         -2.8828486417        0.1211954189        0.1867508438
 C         -1.9326837356       -0.9630011199        0.3116993838
 C         -0.5429499168       -0.3951276099        0.5905802229
 S         -4.4718295649       -0.2936961880        0.3285536115
 O         -4.6014915279       -1.0935535009        1.5281520763
 O         -5.2411474697        0.9322512925        0.3038277927
 C         -4.9389916538       -1.3024980129       -1.0865645840
 N          1.1823705284        1.1634350011       -0.1286741304
 C          1.4613393834        2.4826605786        0.0742948590
 N          2.7054569614        2.7403803938        0.3368472897
 C          3.3312831386        1.5185424686        0.3095677877
 C          2.3822716274        0.5055820555        0.0182200155
 C          2.8501160428       -0.8157105714       -0.0526701997
 C          2.3642101582       -2.1316791941       -0.2923176589
 C          3.4343281254       -2.9753409931       -0.2118751179
 N          4.5653436397       -2.2711378964        0.0622986714
 C          4.2509612476       -0.9550312476        0.1690935708
 N          5.1463100913        0.0001867181        0.4353013902
 C          4.6835323833        1.2282000090        0.5073570392
 H         -1.2186501233        2.2116316617        0.3738411364
 H         -0.9545470594        2.3960239222       -1.3747397038
 H         -3.3281619276        1.8632269623       -0.7813529183
 H         -2.5978749926        0.6353846372       -1.8403777288
 H         -2.2725444889       -1.5741057911        1.1483875332
 H         -1.9096685599       -1.5797813969       -0.5955363431
 H          0.1676761827       -1.2108835389        0.6919003818
 H         -0.5694330794        0.1491316749        1.5360816198
 H          0.7217307142        3.2537200333        0.0207314736
 H          1.3592882186       -2.4397991144       -0.4965478656
 H          3.4621625768       -4.0395478928       -0.3337094117
 H          5.3969335629        2.0085573831        0.7227054211
 H          5.4902688026       -2.6510948462        0.1722905749
 H          0.8804954465       -0.7972659503       -1.8550479488
 H         -0.8211796490       -0.5375303454       -2.2313377937
 H          0.3692089406        0.7096344622       -2.6035152244
 H         -5.9882969963       -1.5309076020       -0.9617204042
 H         -4.3438681910       -2.2038771101       -1.0618543531
 H         -4.7774028596       -0.7182920293       -1.9812826255
  42
 Etot=         -67.9109220580
 C          0.0906117287       -0.0580946266       -1.8912424264
 C         -0.1058855142        0.5870584422       -0.5155742884
 C         -1.1825031287        1.6832064301       -0.5845945689
 C         -2.5637327035        1.0819537013       -0.8455370237
 N         -2.8806131545        0.1209783776        0.1891266345
 C         -1.9305548600       -0.9652924732        0.3080043952
 C         -0.5409525384       -0.3980446750        0.5850094978
 S         -4.4673541683       -0.2888202910        0.3389780728
 O         -4.5953704898       -1.0914796158        1.5368149495
 O         -5.2355602029        0.9377872879        0.3144221671
 C         -4.9375301524       -1.2969440933       -1.0794308535
 N          1.1809738721        1.1654582245       -0.1312680544
 C          1.4590179132        2.4849682913        0.0742095268
 N          2.7029687506        2.7412803743        0.3407798153
 C          3.3284237797        1.5192397861        0.3145186302
 C          2.3800491355        0.5069033520        0.0190115764
 C          2.8460262333       -0.8151876100       -0.0525408492
 C          2.3614976692       -2.1312570139       -0.2950124319
 C          3.4309982188       -2.9753976384       -0.2128612099
 N          4.5616494961       -2.2713938184        0.0649476396
 C          4.2464876628       -0.9548700176        0.1726537252
 N          5.1422341136       -0.0004562005        0.4424628490
 C          4.6801663274        1.2282516428        0.5157107332
 H         -1.2220166196        2.2091846604        0.3697808063
 H         -0.9561806224        2.3947823173       -1.3785563822
 H         -3.3297411800        1.8566349493       -0.7923796748
 H         -2.5953758043        0.6217601243       -1.8409053915
 H         -2.2681635003       -1.5806270624        1.1425338888
 H         -1.9114273376       -1.5770250100       -0.6028319381
 H          0.1710047388       -1.2133138509        0.6831203841
 H         -0.5651608777        0.1437698119        1.5324943183
 H          0.7196095183        3.2561921876        0.0196030915
 H          1.3577369369       -2.4410075149       -0.5031856978
 H          3.4595162861       -4.0395354390       -0.3356815439
 H          5.3933843344        2.0089944749        0.7316263513
 H          5.4875885086       -2.6482435195        0.1773638156
 H          0.8911003109       -0.7895937253       -1.8609874419
 H         -0.8133764737       -0.5470872062       -2.2347772333
 H          0.3638165618        0.7117973764       -2.6103345843
 H         -5.9864578439       -1.5239498078       -0.9529700314
 H         -4.3428943696       -2.1989977617       -1.0577657636
 H         -4.7760113174       -0.7120609548       -1.9739809585
  42
 Etot=         -67.9110017811
 C          0.0964703536       -0.0566915871       -1.8996880024
 C         -0.1047610407        0.5865606870       -0.5236503113
 C         -1.1849649902        1.6796827981       -0.5935334032
 C         -2.5634127673        1.0735640558       -0.8522850101
 N         -2.8784637915        0.1196074544        0.1912800412
 C         -1.9276431769       -0.9682456745        0.3027258346
 C         -0.5375627149       -0.4019998072        0.5756073840
 S         -4.4641054007       -0.2835975718        0.3541264616
 O         -4.5876070194       -1.0896806400        1.5504312459
 O         -5.2297363050        0.9450114118        0.3319054695
 C         -4.9404662457       -1.2889999631       -1.0667720528
 N          1.1806065071        1.1683702660       -0.1354889754
 C          1.4580064260        2.4879045118        0.0740340563
 N          2.7005976656        2.7422638406        0.3478248310
 C          3.3261125671        1.5204753886        0.3221091524
 C          2.3789036578        0.5095446201        0.0203569767
 C          2.8433266163       -0.8133001276       -0.0524001304
 C          2.3596908049       -2.1284272747       -0.3007950532
 C          3.4271522178       -2.9741407788       -0.2152132914
 N          4.5574452498       -2.2720879173        0.0704665981
 C          4.2423889102       -0.9549094963        0.1795993275
 N          5.1378973402       -0.0018268606        0.4555864836
 C          4.6771525980        1.2275109845        0.5286775699
 H         -1.2262345897        2.2065004951        0.3604513967
 H         -0.9602244271        2.3918292186       -1.3876654712
 H         -3.3317938671        1.8461571815       -0.8080493683
 H         -2.5927060820        0.6017041045       -1.8419495287
 H         -2.2608350001       -1.5877192939        1.1357105011
 H         -1.9146175381       -1.5745790614       -0.6114611580
 H          0.1750610010       -1.2173397697        0.6692059589
 H         -0.5581647565        0.1368526354        1.5250797092
 H          0.7188751733        3.2592440540        0.0167825926
 H          1.3575241514       -2.4390503097       -0.5165234456
 H          3.4548628702       -4.0381186910       -0.3404724383
 H          5.3893296833        2.0076992701        0.7517143821
 H          5.4840082634       -2.6461706741        0.1871009393
 H          0.9091091541       -0.7750431908       -1.8721883650
 H         -0.8006273611       -0.5619093925       -2.2384722565
 H          0.3534130901        0.7161723569       -2.6218334827
 H         -5.9893602998       -1.5159100953       -0.9403521034
 H         -4.3469825677       -2.1922625047       -1.0502088635
 H         -4.7796651222       -0.7031227670       -1.9610196801
  42
 Etot=         -67.9110648143
 C          0.1020814074       -0.0549311541       -1.9087858903
 C         -0.1031296680        0.5859767211       -0.5323175972
 C         -1.1864463946        1.6762743414       -0.6026722195
 C         -2.5631932335        1.0656827525       -0.8588817584
 N         -2.8760182892        0.1177641046        0.1916213727
 C         -1.9249967939       -0.9708496384        0.2979359449
 C         -0.5340453089       -0.4049381869        0.5660150791
 S         -4.4618893098       -0.2801994115        0.3671107724
 O         -4.5788491713       -1.0883253380        1.5629616494
 O         -5.2239125572        0.9510793311        0.3495187367
 C         -4.9474583974       -1.2819377430       -1.0536125603
 N          1.1810190345        1.1703570115       -0.1405288646
 C          1.4576242674        2.4895480769        0.0731120057
 N          2.6984549094        2.7429417365        0.3539326581
 C          3.3240349780        1.5212560020        0.3309743335
 C          2.3786982549        0.5116937805        0.0208084166
 C          2.8427951579       -0.8113576524       -0.0529521632
 C          2.3596617452       -2.1250757148       -0.3085907420
 C          3.4252303524       -2.9723034311       -0.2183282746
 N          4.5545718967       -2.2725462539        0.0770408346
 C          4.2399163859       -0.9551038668        0.1878118450
 N          5.1339586138       -0.0031899848        0.4723097975
 C          4.6737728358        1.2260660949        0.5460338279
 H         -1.2285989470        2.2046765781        0.3502603932
 H         -0.9642531883        2.3877893924       -1.3980321991
 H         -3.3334234411        1.8363793873       -0.8212414620
 H         -2.5901904622        0.5848768029       -1.8438838470
 H         -2.2539942672       -1.5922045658        1.1309421632
 H         -1.9169595776       -1.5744252794       -0.6177381666
 H          0.1784174845       -1.2206950850        0.6555932720
 H         -0.5510608503        0.1319147025        1.5165683927
 H          0.7185051435        3.2607214557        0.0128369176
 H          1.3591597115       -2.4352745730       -0.5332634226
 H          3.4517249563       -4.0360429599       -0.3464833163
 H          5.3856580054        2.0058429700        0.7719352427
 H          5.4809374229       -2.6455011382        0.1986992763
 H          0.9278306513       -0.7584507738       -1.8852132014
 H         -0.7877239419       -0.5771959583       -2.2412745950
 H          0.3406894310        0.7211897407       -2.6337806176
 H         -5.9966641382       -1.5089663224       -0.9266431044
 H         -4.3554872871       -2.1863789586       -1.0418249517
 H         -4.7884481832       -0.6946151068       -1.9472194571
  42
 Etot=         -67.9111448076
 C          0.1080877672       -0.0526993929       -1.9207894798
 C         -0.1008021068        0.5851863818       -0.5436697535
 C         -1.1871310416        1.6725207083       -0.6142875213
 C         -2.5626181096        1.0566222124       -0.8669843921
 N         -2.8719402870        0.1150994248        0.1900794909
 C         -1.9213734925       -0.9738017827        0.2922484752
 C         -0.5289213526       -0.4079921926        0.5539651187
 S         -4.4587610338       -0.2773992011        0.3811071104
 O         -4.5655587528       -1.0865990716        1.5773684727
 O         -5.2153042884        0.9576664707        0.3716966306
 C         -4.9595146869       -1.2739539015       -1.0367645949
 N          1.1817852549        1.1719073901       -0.1481575532
 C          1.4569457656        2.4904297382        0.0703992758
 N          2.6950040381        2.7432634757        0.3624957875
 C          3.3212814446        1.5219142073        0.3405554528
 C          2.3784722764        0.5134649207        0.0208382921
 C          2.8431867065       -0.8093403958       -0.0540404907
 C          2.3610025326       -2.1211027963       -0.3205576486
 C          3.4246528747       -2.9698562126       -0.2228076948
 N          4.5516905239       -2.2728878265        0.0874258092
 C          4.2374762058       -0.9554856615        0.1996602850
 N          5.1289033677       -0.0045849281        0.4951698323
 C          4.6691709657        1.2245500226        0.5663626326
 H         -1.2298173324        2.2028450747        0.3372647768
 H         -0.9685766923        2.3828513219       -1.4115747309
 H         -3.3347831393        1.8251462829       -0.8349648587
 H         -2.5868180631        0.5678299381       -1.8476612037
 H         -2.2457045335       -1.5953042542        1.1267610898
 H         -1.9183005272       -1.5767757753       -0.6235724065
 H          0.1830790308       -1.2243223939        0.6392272148
 H         -0.5418195782        0.1274092532        1.5051144977
 H          0.7177993154        3.2612893482        0.0054507283
 H          1.3628893724       -2.4295413269       -0.5583251889
 H          3.4501049232       -4.0331258496       -0.3554299245
 H          5.3791625219        2.0025762242        0.8045538574
 H          5.4770562104       -2.6459362312        0.2161102290
 H          0.9514758452       -0.7354598975       -1.9033841267
 H         -0.7716402183       -0.5978453594       -2.2438520214
 H          0.3210610734        0.7275477925       -2.6494818387
 H         -6.0090725114       -1.5003012474       -0.9065900722
 H         -4.3697242373       -2.1798533843       -1.0308117554
 H         -4.8041067936       -0.6844292195       -1.9293932826
  42
 Etot=         -67.9112407057
 C          0.1136756358       -0.0504289634       -1.9368408393
 C         -0.0976453798        0.5841303897       -0.5587317660
 C         -1.1868059130        1.6684384639       -0.6286660456
 C         -2.5614150882        1.0466767946       -0.8770881054
 N         -2.8652767169        0.1114847492        0.1858456952
 C         -1.9160094809       -0.9773848019        0.2849644200
 C         -0.5214581746       -0.4114450866        0.5385433258
 S         -4.4532013195       -0.2747627459        0.3964262517
 O         -4.5456108977       -1.0837250503        1.5940758184
 O         -5.2021087942        0.9651822010        0.3996124256
 C         -4.9773254229       -1.2647808446       -1.0151755990
 N          1.1828433855        1.1729676167       -0.1601105664
 C          1.4551849010        2.4903913174        0.0656085379
 N          2.6899357579        2.7433994381        0.3709058426
 C          3.3165592005        1.5219289968        0.3545320484
 C          2.3779289993        0.5146472251        0.0191298711
 C          2.8442152225       -0.8074041532       -0.0567366383
 C          2.3643226515       -2.1168461766       -0.3386132514
 C          3.4261622983       -2.9668333034       -0.2296146437
 N          4.5487965810       -2.2728135652        0.1022541668
 C          4.2344154686       -0.9559628906        0.2165957430
 N          5.1212906612       -0.0062938140        0.5297011612
 C          4.6609815161        1.2223894323        0.5989129947
 H         -1.2296357105        2.2004433718        0.3216383515
 H         -0.9726612158        2.3775836875       -1.4280363379
 H         -3.3356170565        1.8128973453       -0.8488907630
 H         -2.5827298745        0.5516481034       -1.8544127159
 H         -2.2353079489       -1.5970176492        1.1227317730
 H         -1.9178789290       -1.5824965551       -0.6295450899
 H          0.1902270598       -1.2282726515        0.6188931874
 H         -0.5295647719        0.1228857565        1.4900787078
 H          0.7161575556        3.2608986197       -0.0060116436
 H          1.3697097117       -2.4219749759       -0.5947876413
 H          3.4516452885       -4.0293374235       -0.3683028481
 H          5.3692879089        1.9990074532        0.8455828327
 H          5.4719592078       -2.6476147054        0.2416412950
 H          0.9794015073       -0.7053813359       -1.9284351840
 H         -0.7522977875       -0.6251959977       -2.2465045874
 H          0.2922280501        0.7340799644       -2.6705641650
 H         -6.0269161950       -1.4882542770       -0.8759859487
 H         -4.3908570756       -2.1727084224       -1.0169369196
 H         -4.8286055786       -0.6726236516       -1.9069286297
  42
 Etot=         -67.9113260789
 C          0.1168807409       -0.0496208487       -1.9538157239
 C         -0.0943022211        0.5829380100       -0.5747148591
 C         -1.1856843639        1.6647774719       -0.6425166109
 C         -2.5597203782        1.0384517493       -0.8872251874
 N         -2.8572434184        0.1076681472        0.1797112499
 C         -1.9096255419       -0.9811937074        0.2770744471
 C         -0.5132238503       -0.4148226384        0.5226396340
 S         -4.4452537181       -0.2719038195        0.4104689272
 O         -4.5229322019       -1.0795684241        1.6098888335
 O         -5.1862667012        0.9726263269        0.4274985226
 C         -4.9964583342       -1.2561032596       -0.9929326926
 N          1.1839965826        1.1736102343       -0.1747469035
 C          1.4527705268        2.4900095411        0.0580381947
 N          2.6835159909        2.7429898384        0.3809664873
 C          3.3109672524        1.5217235282        0.3669050902
 C          2.3768967763        0.5150571583        0.0164746955
 C          2.8451727374       -0.8059915711       -0.0602059607
 C          2.3694498116       -2.1134246713       -0.3592042698
 C          3.4297854814       -2.9639452080       -0.2371183885
 N          4.5463259259       -2.2721722320        0.1193241448
 C          4.2307911755       -0.9561503136        0.2351281386
 N          5.1123498293       -0.0076427168        0.5666490433
 C          4.6513059423        1.2210857491        0.6305907887
 H         -1.2282275381        2.1972297542        0.3074554905
 H         -0.9751602999        2.3737025430       -1.4429086601
 H         -3.3356283207        1.8029346801       -0.8599962427
 H         -2.5795577345        0.5402127997       -1.8630752087
 H         -2.2246690469       -1.5979260500        1.1187137283
 H         -1.9157215050       -1.5900715787       -0.6354325421
 H          0.1988093235       -1.2317278685        0.5980694236
 H         -0.5165636261        0.1185360706        1.4747339001
 H          0.7142447356        3.2603850233       -0.0205946773
 H          1.3791543704       -2.4146077705       -0.6359898153
 H          3.4573682169       -4.0254714307       -0.3825616223
 H          5.3556758384        1.9954559597        0.8959068368
 H          5.4664032105       -2.6498543098        0.2716533383
 H          1.0026998702       -0.6769151552       -1.9550619927
 H         -0.7346865829       -0.6525948721       -2.2491168871
 H          0.2610322012        0.7367150353       -2.6929673386
 H         -6.0453311907       -1.4740491824       -0.8386194309
 H         -4.4143221203       -2.1666078500       -1.0034892522
 H         -4.8570186082       -0.6622222565       -1.8848421279
  42
 Etot=         -67.9113907133
 C          0.1170834877       -0.0506608770       -1.9686616964
 C         -0.0915147152        0.5817071166       -0.5888201341
 C         -1.1841291834        1.6622229111       -0.6535948234
 C         -2.5578712783        1.0336778829       -0.8954730879
 N         -2.8499771065        0.1042254331        0.1729650314
 C         -1.9032664601       -0.9845338945        0.2694462496
 C         -0.5055843443       -0.4181125390        0.5088242172
 S         -4.4367036403       -0.2687894518        0.4211775862
 O         -4.5030694572       -1.0748275569        1.6221150615
 O         -5.1712979174        0.9790590901        0.4497829888
 C         -5.0129849738       -1.2492788826       -0.9738885718
 N          1.1852229601        1.1738319887       -0.1891357256
 C          1.4501346653        2.4894048434        0.0512235186
 N          2.6776090785        2.7424721623        0.3869547994
 C          3.3052612999        1.5211265179        0.3786331480
 C          2.3759613692        0.5149507382        0.0131960920
 C          2.8461634158       -0.8051323358       -0.0638924413
 C          2.3757720258       -2.1112060506       -0.3776966905
 C          3.4348996748       -2.9615726195       -0.2439554931
 N          4.5450090629       -2.2710352461        0.1341822762
 C          4.2273456917       -0.9559474539        0.2518511003
 N          5.1034323630       -0.0086695889        0.6011858437
 C          4.6411566598        1.2200836063        0.6618947745
 H         -1.2258641043        2.1934073106        0.2972347370
 H         -0.9758154351        2.3724145419       -1.4534480159
 H         -3.3347410292        1.7973352308       -0.8661144657
 H         -2.5787404919        0.5355090025       -1.8716899379
 H         -2.2155103106       -1.5985104992        1.1142956127
 H         -1.9127363511       -1.5970702363       -0.6411299386
 H          0.2072624788       -1.2348526081        0.5800225877
 H         -0.5050227086        0.1142597934        1.4616460003
 H          0.7127218803        3.2600877470       -0.0346456481
 H          1.3898979198       -2.4089299462       -0.6726043772
 H          3.4662678699       -4.0221265729       -0.3952274761
 H          5.3418646359        1.9934212545        0.9383553964
 H          5.4616529867       -2.6518421471        0.2993632734
 H          1.0169116817       -0.6562474645       -1.9779901267
 H         -0.7227623897       -0.6746636700       -2.2510401060
 H          0.2338810695        0.7348707060       -2.7124252873
 H         -6.0602516539       -1.4603391330       -0.8016900892
 H         -4.4357969765       -2.1627201030       -0.9930816695
 H         -4.8838725123       -0.6554771150       -1.8673899720
  42
 Etot=         -67.9114361179
 C          0.1163943876       -0.0528330846       -1.9829644564
 C         -0.0889834482        0.5801407012       -0.6025309588
 C         -1.1827923693        1.6595777525       -0.6634470259
 C         -2.5561246264        1.0303770765       -0.9031864060
 N         -2.8435788082        0.1006479816        0.1661011662
 C         -1.8969792252       -0.9882400565        0.2610998608
 C         -0.4985905132       -0.4218367639        0.4952576125
 S         -4.4277478508       -0.2644344024        0.4317877791
 O         -4.4852484154       -1.0694223988        1.6337353997
 O         -5.1565801994        0.9862582730        0.4698881175
 C         -5.0280737896       -1.2424879314       -0.9551073195
 N          1.1867730869        1.1741699580       -0.2040093321
 C          1.4481421924        2.4893919651        0.0425356375
 N          2.6717208216        2.7417058878        0.3945056847
 C          3.2998269096        1.5206142069        0.3893781289
 C          2.3753076694        0.5150184381        0.0099672316
 C          2.8470779893       -0.8043266696       -0.0672477664
 C          2.3827615121       -2.1091944210       -0.3950668457
 C          3.4404958735       -2.9593162934       -0.2501618985
 N          4.5441150254       -2.2697587455        0.1485273252
 C          4.2237403400       -0.9554566536        0.2679481153
 N          5.0944643316       -0.0095841742        0.6338843939
 C          4.6312543096        1.2194038395        0.6910690933
 H         -1.2231975482        2.1887441159        0.2888360982
 H         -0.9758490981        2.3718769873       -1.4618688478
 H         -3.3336524594        1.7936511462       -0.8707385241
 H         -2.5796083584        0.5326799229       -1.8800377838
 H         -2.2069049113       -1.6006751296        1.1080500617
 H         -1.9101381490       -1.6026507484       -0.6484709795
 H          0.2152442497       -1.2383637308        0.5617948355
 H         -0.4939311908        0.1088378487        1.4493029236
 H          0.7120154231        3.2604507349       -0.0496040061
 H          1.4016823450       -2.4042859010       -0.7076475911
 H          3.4765746894       -4.0188708959       -0.4070337974
 H          5.3273647831        1.9919284253        0.9813389676
 H          5.4572757083       -2.6530370872        0.3267433405
 H          1.0302019856       -0.6378607383       -2.0001723583
 H         -0.7129029012       -0.6975052315       -2.2513580521
 H          0.2060633404        0.7319140725       -2.7317084525
 H         -6.0729842207       -1.4461302498       -0.7638002615
 H         -4.4565308952       -2.1593712007       -0.9834615442
 H         -4.9100987578       -0.6502249400       -1.8513730450
