    -67.915665038376    -67.915665038376         0.10250E-03
    -67.915664988931    -67.915664988931         0.14884E-03
    -67.915664897880    -67.915664897880         0.19498E-03
    -67.914743608671    -67.914743608671         0.14173E-03
    -67.915665086334    -67.915665086334         0.57129E-04
    -67.915664727524    -67.915664727524         0.99192E-04
    -67.915665103445    -67.915665103445         0.29422E-04
    -67.914743714692    -67.914743714692         0.13738E-03
    -67.914743783009    -67.914743783009         0.83498E-04
    -67.914743630063    -67.914743630063         0.19996E-03
    -67.915664833632    -67.915664833632         0.16044E-03
    -67.914743469952    -67.914743469952         0.11016E-03
    -67.914691361698    -67.914691361698         0.18261E-03
    -67.915664928986    -67.915664928986         0.13972E-03
    -67.914691688206    -67.914691688206         0.12561E-03
    -67.914691478725    -67.914691478725         0.10713E-03
    -67.914743758681    -67.914743758681         0.13192E-03
    -67.914691198084    -67.914691198084         0.14647E-03
    -67.914743765008    -67.914743765008         0.12649E-03
    -67.914743677750    -67.914743677750         0.77284E-04
    -67.914691060328    -67.914691060328         0.16102E-03
    -67.914743853361    -67.914743853361         0.11014E-03
    -67.914743596852    -67.914743596852         0.11272E-03
    -67.915664823644    -67.915664823644         0.10322E-03
    -67.914743849075    -67.914743849075         0.11030E-03
    -67.914743782066    -67.914743782066         0.10712E-03
    -67.914743637957    -67.914743637957         0.83381E-04
    -67.914744016586    -67.914744016586         0.81264E-04
    -67.914743457730    -67.914743457730         0.17183E-03
    -67.914743485852    -67.914743485852         0.78982E-04
    -67.914743895176    -67.914743895176         0.11332E-03
    -67.914691639321    -67.914691639321         0.13282E-03
    -67.914691001629    -67.914691001629         0.90392E-04
    -67.914331055384    -67.914331055384         0.18666E-03
    -67.914692090419    -67.914692090419         0.16661E-03
    -67.914743168765    -67.914743168765         0.14930E-03
    -67.914691240009    -67.914691240009         0.15654E-03
    -67.914691408588    -67.914691408588         0.97289E-04
    -67.914692009650    -67.914692009650         0.89747E-04
    -67.914691855165    -67.914691855165         0.17862E-03
    -67.914331312717    -67.914331312717         0.39766E-04
    -67.914692271300    -67.914692271300         0.92871E-04
    -67.914691527354    -67.914691527354         0.54515E-04
    -67.914691121725    -67.914691121725         0.14304E-03
    -67.914331322911    -67.914331322911         0.13995E-03
    -67.914331113026    -67.914331113026         0.15898E-03
    -67.914460670854    -67.914460670854         0.12921E-03
    -67.914331302991    -67.914331302991         0.68386E-04
    -67.914331222675    -67.914331222675         0.90804E-04
    -67.914331070086    -67.914331070086         0.16725E-03
    -67.914691265761    -67.914691265761         0.11531E-03
    -67.914331262190    -67.914331262190         0.59617E-04
    -67.913766465280    -67.913766465280         0.18591E-03
    -67.914692231150    -67.914692231150         0.10546E-03
    -67.914692259493    -67.914692259493         0.10878E-03
    -67.913766039634    -67.913766039634         0.17346E-03
    -67.913766017122    -67.913766017122         0.18493E-03
    -67.913574282007    -67.913574282007         0.19261E-03
    -67.913765687565    -67.913765687565         0.14503E-03
    -67.913766007226    -67.913766007226         0.10546E-03
    -67.914330709406    -67.914330709406         0.86912E-04
    -67.913765891903    -67.913765891903         0.79436E-04
    -67.913574402904    -67.913574402904         0.18142E-03
    -67.913280940831    -67.913280940831         0.83185E-04
    -67.913766404527    -67.913766404527         0.19497E-03
    -67.913280885437    -67.913280885437         0.55012E-04
    -67.913281006709    -67.913281006709         0.79559E-04
    -67.913574613688    -67.913574613688         0.60648E-04
    -67.913032418344    -67.913032418344         0.97386E-04
    -67.913766431223    -67.913766431223         0.15951E-03
    -67.913033081924    -67.913033081924         0.93594E-04
    -67.913280899290    -67.913280899290         0.13013E-03
    -67.913280969260    -67.913280969260         0.11374E-03
    -67.913574609555    -67.913574609555         0.12155E-03
    -67.913032699411    -67.913032699411         0.16225E-03
    -67.913032697199    -67.913032697199         0.12983E-03
    -67.912888794705    -67.912888794705         0.15550E-03
    -67.913280788074    -67.913280788074         0.15026E-03
    -67.913766774022    -67.913766774022         0.10591E-03
    -67.912888974776    -67.912888974776         0.10584E-03
    -67.912888549966    -67.912888549966         0.15296E-03
    -67.912888846088    -67.912888846088         0.13017E-03
    -67.912888482838    -67.912888482838         0.93907E-04
    -67.913573883078    -67.913573883078         0.10700E-03
    -67.912888879371    -67.912888879371         0.10327E-03
    -67.913766126137    -67.913766126137         0.10512E-03
    -67.913032409585    -67.913032409585         0.10206E-03
    -67.913032136927    -67.913032136927         0.17474E-03
    -67.913032525712    -67.913032525712         0.80087E-04
    -67.912888829994    -67.912888829994         0.12443E-03
    -67.912889056418    -67.912889056418         0.11104E-03
    -67.912889146256    -67.912889146256         0.10378E-03
    -67.912889405862    -67.912889405862         0.10856E-03
    -67.912888285201    -67.912888285201         0.13195E-03
    -67.912526066399    -67.912526066399         0.12590E-03
    -67.912524683136    -67.912524683136         0.15415E-03
    -67.912493425463    -67.912493425463         0.81808E-04
    -67.912493374258    -67.912493374258         0.92551E-04
    -67.912493209678    -67.912493209678         0.10899E-03
    -67.914681067437    -67.914681067437         0.12250E-03
    -67.912526545474    -67.912526545474         0.12148E-03
    -67.912493597243    -67.912493597243         0.14846E-03
    -67.912444438902    -67.912444438902         0.11318E-03
    -67.912444242675    -67.912444242675         0.12817E-03
    -67.912493734773    -67.912493734773         0.12407E-03
    -67.912493751807    -67.912493751807         0.18256E-03
    -67.912525672058    -67.912525672058         0.13292E-03
    -67.912444343218    -67.912444343218         0.76031E-04
    -67.912493848485    -67.912493848485         0.19648E-03
    -67.912527356897    -67.912527356897         0.81776E-04
    -67.912493294087    -67.912493294087         0.14466E-03
    -67.912527271780    -67.912527271780         0.14203E-03
    -67.914748997290    -67.914748997290         0.13117E-03
    -67.912444085278    -67.912444085278         0.18361E-03
    -67.912444334719    -67.912444334719         0.75127E-04
    -67.912526896131    -67.912526896131         0.11029E-03
    -67.912443607397    -67.912443607397         0.15417E-03
    -67.912443988923    -67.912443988923         0.19267E-03
    -67.912444446878    -67.912444446878         0.17529E-03
    -67.912443870355    -67.912443870355         0.13946E-03
    -67.912443814616    -67.912443814616         0.16513E-03
    -67.912443952571    -67.912443952571         0.11378E-03
    -67.912416577792    -67.912416577792         0.77016E-04
    -67.914740537446    -67.914740537446         0.15312E-03
    -67.912416290164    -67.912416290164         0.18627E-03
    -67.912444476156    -67.912444476156         0.16929E-03
    -67.912443624775    -67.912443624775         0.16707E-03
    -67.912391258077    -67.912391258077         0.19297E-03
    -67.912444389678    -67.912444389678         0.87448E-04
    -67.912416091264    -67.912416091264         0.11239E-03
    -67.912443615080    -67.912443615080         0.10801E-03
    -67.912443723835    -67.912443723835         0.14117E-03
    -67.912392948018    -67.912392948018         0.68960E-04
    -67.912444783302    -67.912444783302         0.78548E-04
    -67.912444911446    -67.912444911446         0.13825E-03
    -67.911883263243    -67.911883263243         0.41033E-04
    -67.912397493244    -67.912397493244         0.13696E-03
    -67.912395660226    -67.912395660226         0.17487E-03
    -67.912391681250    -67.912391681250         0.16760E-03
    -67.914749497683    -67.914749497683         0.16373E-03
    -67.911881469147    -67.911881469147         0.17664E-03
    -67.911500702834    -67.911500702834         0.18353E-03
    -67.911501373400    -67.911501373400         0.16371E-03
    -67.912416343160    -67.912416343160         0.19214E-03
    -67.911883354387    -67.911883354387         0.97165E-04
    -67.911883215352    -67.911883215352         0.80967E-04
    -67.911500583248    -67.911500583248         0.67243E-04
    -67.914749502929    -67.914749502929         0.11798E-03
    -67.912877577482    -67.912877577482         0.98356E-04
    -67.911501249357    -67.911501249357         0.13438E-03
    -67.911501233282    -67.911501233282         0.15208E-03
    -67.911883575802    -67.911883575802         0.81230E-04
    -67.911883099698    -67.911883099698         0.47908E-04
    -67.911501660477    -67.911501660477         0.10532E-03
    -67.911501411615    -67.911501411615         0.65905E-04
    -67.911501710972    -67.911501710972         0.13227E-03
    -67.911882704668    -67.911882704668         0.17848E-03
    -67.911501277530    -67.911501277530         0.11834E-03
    -67.911501492463    -67.911501492463         0.97579E-04
    -67.911501543211    -67.911501543211         0.98965E-04
    -67.911501287613    -67.911501287613         0.15417E-03
    -67.911317801758    -67.911317801758         0.11902E-03
    -67.911317225687    -67.911317225687         0.18020E-03
    -67.912392638997    -67.912392638997         0.17623E-03
    -67.911501534755    -67.911501534755         0.16701E-03
    -67.912877152369    -67.912877152369         0.12251E-03
    -67.911501350720    -67.911501350720         0.13419E-03
    -67.911501521656    -67.911501521656         0.97669E-04
    -67.911501258955    -67.911501258955         0.12304E-03
    -67.911501762197    -67.911501762197         0.87405E-04
    -67.911317972943    -67.911317972943         0.13813E-03
    -67.911501942319    -67.911501942319         0.84526E-04
    -67.912877474003    -67.912877474003         0.20029E-03
    -67.911318093069    -67.911318093069         0.96409E-04
    -67.912877797347    -67.912877797347         0.58033E-04
    -67.910171482437    -67.910171482437         0.99123E-04
    -67.910171573788    -67.910171573788         0.11886E-03
    -67.911316971813    -67.911316971813         0.11961E-03
    -67.911317176148    -67.911317176148         0.15039E-03
    -67.910171480514    -67.910171480514         0.13122E-03
    -67.911316974561    -67.911316974561         0.17560E-03
    -67.911317045957    -67.911317045957         0.74960E-04
    -67.912878006165    -67.912878006165         0.13463E-03
    -67.910171476802    -67.910171476802         0.96422E-04
    -67.912876689631    -67.912876689631         0.12232E-03
    -67.910171456951    -67.910171456951         0.19644E-03
    -67.910171414292    -67.910171414292         0.17609E-03
    -67.912877498020    -67.912877498020         0.13448E-03
    -67.910171646729    -67.910171646729         0.93986E-04
    -67.910171530985    -67.910171530985         0.93441E-04
    -67.911316800089    -67.911316800089         0.14517E-03
    -67.911317218637    -67.911317218637         0.79081E-04
    -67.912876020062    -67.912876020062         0.15952E-03
    -67.910171471153    -67.910171471153         0.83951E-04
    -67.910171340467    -67.910171340467         0.12583E-03
    -67.911316764182    -67.911316764182         0.18906E-03
    -67.911316979293    -67.911316979293         0.94358E-04
    -67.911317112263    -67.911317112263         0.68559E-04
    -67.912417362875    -67.912417362875         0.19752E-03
    -67.911316594667    -67.911316594667         0.18943E-03
    -67.910171455158    -67.910171455158         0.10833E-03
    -67.910130847322    -67.910130847322         0.14301E-03
    -67.910171233367    -67.910171233367         0.18113E-03
    -67.910130816859    -67.910130816859         0.16647E-03
    -67.910131325857    -67.910131325857         0.19261E-03
    -67.910171356482    -67.910171356482         0.10736E-03
    -67.910171171256    -67.910171171256         0.16965E-03
    -67.910131315716    -67.910131315716         0.11082E-03
    -67.912876554300    -67.912876554300         0.76346E-04
    -67.910171478196    -67.910171478196         0.16750E-03
    -67.911316676499    -67.911316676499         0.59902E-04
    -67.910131596680    -67.910131596680         0.12438E-03
    -67.910131015648    -67.910131015648         0.16930E-03
    -67.910171318457    -67.910171318457         0.18248E-03
    -67.910131213285    -67.910131213285         0.11675E-03
    -67.912875810235    -67.912875810235         0.80842E-04
    -67.910131386260    -67.910131386260         0.13981E-03
    -67.909291387178    -67.909291387178         0.15027E-03
    -67.910131085221    -67.910131085221         0.13893E-03
    -67.909291305379    -67.909291305379         0.16954E-03
    -67.909291382974    -67.909291382974         0.10747E-03
    -67.910131462299    -67.910131462299         0.67363E-04
    -67.910042221957    -67.910042221957         0.12460E-03
    -67.910038841916    -67.910038841916         0.11130E-03
    -67.909291535514    -67.909291535514         0.74603E-04
    -67.910038728226    -67.910038728226         0.10088E-03
    -67.909291158956    -67.909291158956         0.19729E-03
    -67.909291299469    -67.909291299469         0.87825E-04
    -67.910038044972    -67.910038044972         0.14972E-03
    -67.909291673800    -67.909291673800         0.59251E-04
    -67.909291370839    -67.909291370839         0.10034E-03
    -67.910039182310    -67.910039182310         0.71389E-04
    -67.909291527468    -67.909291527468         0.72629E-04
    -67.909291598086    -67.909291598086         0.14815E-03
    -67.910038266870    -67.910038266870         0.90134E-04
    -67.909029532113    -67.909029532113         0.14891E-03
    -67.909291339240    -67.909291339240         0.12055E-03
    -67.909026140098    -67.909026140098         0.15594E-03
    -67.909291422086    -67.909291422086         0.85322E-04
    -67.909027038036    -67.909027038036         0.19076E-03
    -67.909032645387    -67.909032645387         0.11945E-03
    -67.908647148060    -67.908647148060         0.14277E-03
    -67.909029595696    -67.909029595696         0.12644E-03
    -67.908647288414    -67.908647288414         0.17628E-03
    -67.909037894362    -67.909037894362         0.61685E-04
    -67.909028921163    -67.909028921163         0.10465E-03
    -67.909034408314    -67.909034408314         0.15459E-03
    -67.908646759465    -67.908646759465         0.99387E-04
    -67.909017604137    -67.909017604137         0.11053E-03
    -67.909026281930    -67.909026281930         0.11934E-03
    -67.908647313283    -67.908647313283         0.65902E-04
    -67.908647502354    -67.908647502354         0.10066E-03
    -67.908647864708    -67.908647864708         0.66967E-04
    -67.909020012527    -67.909020012527         0.16597E-03
    -67.908647161303    -67.908647161303         0.13930E-03
    -67.908647001979    -67.908647001979         0.16736E-03
    -67.908647498858    -67.908647498858         0.14910E-03
    -67.909022918008    -67.909022918008         0.15814E-03
    -67.909029709491    -67.909029709491         0.10246E-03
    -67.909020318327    -67.909020318327         0.14802E-03
    -67.908574608347    -67.908574608347         0.19372E-03
    -67.908574886656    -67.908574886656         0.14435E-03
    -67.908647792768    -67.908647792768         0.10246E-03
    -67.908647715016    -67.908647715016         0.11425E-03
    -67.908647073765    -67.908647073765         0.17393E-03
    -67.910130220574    -67.910130220574         0.14408E-03
    -67.908626638700    -67.908626638700         0.90340E-04
    -67.908647716868    -67.908647716868         0.10116E-03
    -67.911317170820    -67.911317170820         0.19952E-03
    -67.908627257123    -67.908627257123         0.96741E-04
    -67.908626618240    -67.908626618240         0.12123E-03
    -67.910130674743    -67.910130674743         0.12306E-03
    -67.908626582257    -67.908626582257         0.14939E-03
    -67.908575439221    -67.908575439221         0.89531E-04
    -67.908647932039    -67.908647932039         0.12055E-03
    -67.908575260708    -67.908575260708         0.13822E-03
    -67.908647552142    -67.908647552142         0.11164E-03
    -67.908625644853    -67.908625644853         0.11080E-03
    -67.908574797484    -67.908574797484         0.10828E-03
    -67.908626802323    -67.908626802323         0.72560E-04
    -67.908575205471    -67.908575205471         0.13048E-03
    -67.908626761987    -67.908626761987         0.91546E-04
    -67.908647311767    -67.908647311767         0.10041E-03
    -67.908574760317    -67.908574760317         0.12641E-03
    -67.908575435348    -67.908575435348         0.96645E-04
    -67.908574407953    -67.908574407953         0.91302E-04
    -67.908626718132    -67.908626718132         0.14306E-03
    -67.908575251425    -67.908575251425         0.91522E-04
    -67.908165923849    -67.908165923849         0.19338E-03
    -67.908626336725    -67.908626336725         0.17316E-03
    -67.908626908512    -67.908626908512         0.46157E-04
    -67.910130269500    -67.910130269500         0.13987E-03
    -67.908166084235    -67.908166084235         0.17979E-03
    -67.908575528215    -67.908575528215         0.89379E-04
    -67.908166418107    -67.908166418107         0.12819E-03
    -67.907813826554    -67.907813826554         0.17286E-03
    -67.908574173568    -67.908574173568         0.94081E-04
    -67.908166243690    -67.908166243690         0.16883E-03
    -67.907813915967    -67.907813915967         0.12656E-03
    -67.908626856750    -67.908626856750         0.16483E-03
    -67.908626862455    -67.908626862455         0.13325E-03
    -67.908165986419    -67.908165986419         0.17199E-03
    -67.908575421247    -67.908575421247         0.12678E-03
    -67.908626987049    -67.908626987049         0.12108E-03
    -67.908166453139    -67.908166453139         0.10443E-03
    -67.908165955278    -67.908165955278         0.16542E-03
    -67.907813895699    -67.907813895699         0.93798E-04
    -67.908574458476    -67.908574458476         0.12445E-03
    -67.908166233680    -67.908166233680         0.86675E-04
    -67.907813854094    -67.907813854094         0.74996E-04
    -67.908166137344    -67.908166137344         0.11108E-03
    -67.907813996527    -67.907813996527         0.62826E-04
    -67.910047334935    -67.910047334935         0.10028E-03
    -67.907750557794    -67.907750557794         0.10023E-03
    -67.907813878998    -67.907813878998         0.11138E-03
    -67.907750628187    -67.907750628187         0.17858E-03
    -67.907750618877    -67.907750618877         0.68749E-04
    -67.910174437856    -67.910174437856         0.13979E-03
    -67.907813779378    -67.907813779378         0.10434E-03
    -67.907367119262    -67.907367119262         0.19202E-03
    -67.907367185668    -67.907367185668         0.91976E-04
    -67.907813353899    -67.907813353899         0.10488E-03
    -67.910174763433    -67.910174763433         0.44100E-04
    -67.907367292952    -67.907367292952         0.94224E-04
    -67.907712112648    -67.907712112648         0.16005E-03
    -67.907367073827    -67.907367073827         0.13862E-03
    -67.910174762311    -67.910174762311         0.66267E-04
    -67.907366705440    -67.907366705440         0.12595E-03
    -67.907813278325    -67.907813278325         0.13740E-03
    -67.907367263748    -67.907367263748         0.15837E-03
    -67.907367392562    -67.907367392562         0.12316E-03
    -67.910174739970    -67.910174739970         0.63762E-04
    -67.907367327570    -67.907367327570         0.14156E-03
    -67.907122426046    -67.907122426046         0.10919E-03
    -67.910174597678    -67.910174597678         0.92722E-04
    -67.907122192302    -67.907122192302         0.15317E-03
    -67.907122739487    -67.907122739487         0.95136E-04
    -67.907366611385    -67.907366611385         0.18304E-03
    -67.907333719696    -67.907333719696         0.61203E-04
    -67.907333188126    -67.907333188126         0.12920E-03
    -67.907121786075    -67.907121786075         0.96743E-04
    -67.907122485426    -67.907122485426         0.12221E-03
    -67.910174527174    -67.910174527174         0.89092E-04
    -67.907813555235    -67.907813555235         0.66448E-04
    -67.907334813461    -67.907334813461         0.11289E-03
    -67.907122233886    -67.907122233886         0.15165E-03
    -67.907121930140    -67.907121930140         0.19047E-03
    -67.907366428855    -67.907366428855         0.15229E-03
    -67.907122616436    -67.907122616436         0.18889E-03
    -67.906703792949    -67.906703792949         0.16574E-03
    -67.907812853870    -67.907812853870         0.74858E-04
    -67.906703240994    -67.906703240994         0.12783E-03
    -67.906975116714    -67.906975116714         0.11676E-03
    -67.906970883590    -67.906970883590         0.17208E-03
    -67.906970636384    -67.906970636384         0.14454E-03
    -67.907122735013    -67.907122735013         0.77825E-04
    -67.906703750785    -67.906703750785         0.17994E-03
    -67.906703968325    -67.906703968325         0.67158E-04
    -67.906704009711    -67.906704009711         0.61372E-04
    -67.906703434030    -67.906703434030         0.17694E-03
    -67.906703837258    -67.906703837258         0.85070E-04
    -67.906975298502    -67.906975298502         0.64078E-04
    -67.907121785886    -67.907121785886         0.11240E-03
    -67.907123147265    -67.907123147265         0.13476E-03
    -67.907121833143    -67.907121833143         0.12628E-03
    -67.906974707213    -67.906974707213         0.16562E-03
    -67.906568626337    -67.906568626337         0.16648E-03
    -67.907811933511    -67.907811933511         0.18060E-03
    -67.906457909185    -67.906457909185         0.19775E-03
    -67.906974949420    -67.906974949420         0.81107E-04
    -67.906568050103    -67.906568050103         0.18099E-03
    -67.907123016944    -67.907123016944         0.72686E-04
    -67.906704190581    -67.906704190581         0.10491E-03
    -67.907121760288    -67.907121760288         0.10130E-03
    -67.906970984975    -67.906970984975         0.46635E-04
    -67.906974918286    -67.906974918286         0.80205E-04
    -67.906457560054    -67.906457560054         0.12594E-03
    -67.906569417078    -67.906569417078         0.13159E-03
    -67.906704464456    -67.906704464456         0.13593E-03
    -67.906568545322    -67.906568545322         0.17827E-03
    -67.906703353443    -67.906703353443         0.12310E-03
    -67.906458191295    -67.906458191295         0.17355E-03
    -67.906703637165    -67.906703637165         0.79322E-04
    -67.906568875922    -67.906568875922         0.14715E-03
    -67.906458295636    -67.906458295636         0.46834E-04
    -67.906457800809    -67.906457800809         0.11318E-03
    -67.906292035265    -67.906292035265         0.16778E-03
    -67.906317692484    -67.906317692484         0.78621E-04
    -67.906569082337    -67.906569082337         0.18769E-03
    -67.906457978449    -67.906457978449         0.12392E-03
    -67.906458049631    -67.906458049631         0.80593E-04
    -67.906451328737    -67.906451328737         0.13905E-03
    -67.906704109236    -67.906704109236         0.94188E-04
    -67.906569328367    -67.906569328367         0.54420E-04
    -67.906318498099    -67.906318498099         0.38319E-04
    -67.906457839649    -67.906457839649         0.11901E-03
    -67.906318005862    -67.906318005862         0.97018E-04
    -67.906457905507    -67.906457905507         0.12868E-03
    -67.906457684102    -67.906457684102         0.12576E-03
    -67.906457764997    -67.906457764997         0.10204E-03
    -67.906450924878    -67.906450924878         0.17703E-03
    -67.906466648267    -67.906466648267         0.19243E-03
    -67.906467044988    -67.906467044988         0.14894E-03
    -67.907812512319    -67.907812512319         0.13599E-03
    -67.908169998969    -67.908169998969         0.18211E-03
    -67.908172900248    -67.908172900248         0.15545E-03
    -67.908170974047    -67.908170974047         0.13446E-03
    -67.908175174086    -67.908175174086         0.12430E-03
